<area shape="rect" href="$antlr3exception_8c.html#21c30f7a44edd55f154d2cfaafb0fd8a" title="Frees up a chain of ANTLR3 exceptions." alt="" coords="164,183,308,209">
<area shape="rect" href="$antlr3rewritestreams_8c.html#de5a6e49fb9dd7caee4b0189f5cf84e9" title="antlr3RewriteRuleElementStreamNewAE" alt="" coords="103,284,370,311">
<area shape="rect" href="$antlr3defs_8h.html#531349f2d4207f5ac71c35d056676565" title="Creates a new ANTLR3 exception structure." alt="" coords="487,157,628,184">
<area shape="rect" href="$group__p_a_n_t_l_r3___b_a_s_e___r_e_c_o_g_n_i_z_e_r.html#gb2d77cd376112c8ff6ed7353ba78dab7" title="antlr3RecognitionExceptionNew" alt="" coords="775,157,988,184">
<area shape="rect" href="$group__p_a_n_t_l_r3___b_a_s_e___r_e_c_o_g_n_i_z_e_r.html#g974d33def91ba5fb5a6fa8e42c6d876e" title="Creates a new Mismatched Token Exception and inserts in the recognizer exception..." alt="" coords="1091,56,1254,83">
<area shape="rect" href="$group__p_a_n_t_l_r3___b_a_s_e___r_e_c_o_g_n_i_z_e_r.html#gf8c302d1762b73b1a80c88ca71210472" title="Factor out what to do upon token mismatch so tree parsers can behave differently..." alt="" coords="1372,107,1452,133">
<area shape="rect" href="$antlr3defs_8h.html#9d7fa213a660c2e71f54c324a668e34f" title="Creates a new Mismatched Tree Nde Exception and inserts in the recognizer exception..." alt="" coords="1327,208,1498,235">
<area shape="rect" href="$group__p_a_n_t_l_r3___b_a_s_e___r_e_c_o_g_n_i_z_e_r.html#g4876d181d8cca1dcee4ebc7b0d313b28" title="Attempt to recover from a single missing or extra token." alt="" coords="1067,157,1278,184">
<area shape="rect" href="$antlr3lexer_8c.html#3f121d133cb810a9687aee3089e33be8" title="setCharStream" alt="" coords="1583,259,1695,285">
<area shape="rect" href="$group__p_a_n_t_l_r3___b_a_s_e___r_e_c_o_g_n_i_z_e_r.html#g5b539798327f965e6289a9f613515c9a" title="antlr3BaseRecognizerNew" alt="" coords="1548,107,1730,133">
<area shape="rect" href="$antlr3defs_8h.html#e667dafdcef9adc2fceebc8420a7cded" title="antlr3ParserNew" alt="" coords="1815,56,1938,83">
<area shape="rect" href="$antlr3defs_8h.html#ad5d94a0ad6c1d4788f95debb67cf642" title="antlr3LexerNew" alt="" coords="1818,208,1935,235">
<area shape="rect" href="$antlr3defs_8h.html#8a8b2581755eff523fb3d2e427bb9b3f" title="antlr3TreeParserNewStream" alt="" coords="1779,157,1974,184">
<area shape="rect" href="$antlr3defs_8h.html#cea4b4491be51f1d3f57d4d2836d9d0d" title="antlr3LexerNewStream" alt="" coords="2026,233,2186,260">
<area shape="rect" href="$antlr3defs_8h.html#bede6d25edd8b3e67f8aa6a5094b6f9c" title="antlr3ParserNewStream" alt="" coords="2022,56,2190,83">
<area shape="rect" href="$antlr3defs_8h.html#ba8e0e27ff9976bb757191bf45b7d49f" title="antlr3ParserNewStreamDbg" alt="" coords="2238,56,2430,83">
<area shape="rect" href="$antlr3rewritestreams_8c.html#f4ad1e2f5ad8e4773ca277d81daca13b" title="antlr3RewriteRuleElementStreamNewAEE" alt="" coords="419,360,696,387">
<area shape="rect" href="$antlr3rewritestreams_8c.html#567f5e9c72a576b4000837f6df6c20c4" title="antlr3RewriteRuleElementStreamNewAEV" alt="" coords="419,461,696,488">
<area shape="rect" href="$antlr3defs_8h.html#7596a932e273034a4957673bf100a5b3" title="antlr3RewriteRuleNODEStreamNewAE" alt="" coords="430,208,686,235">
<area shape="rect" href="$antlr3defs_8h.html#16be71f3f2ecf449b84619b12ef60b99" title="antlr3RewriteRuleSubtreeStreamNewAE" alt="" coords="424,259,691,285">
<area shape="rect" href="$antlr3defs_8h.html#e0ff8ede4d865df041890678c1c813ca" title="antlr3RewriteRuleTOKENStreamNewAE" alt="" coords="426,309,690,336">
<area shape="rect" href="$antlr3defs_8h.html#b7f94b47defeeed250f4e8564d9cfddb" title="antlr3RewriteRuleNODEStreamNewAEE" alt="" coords="748,284,1015,311">
<area shape="rect" href="$antlr3defs_8h.html#0acf53ce0fcc00588c1e04bab927adb9" title="antlr3RewriteRuleSubtreeStreamNewAEE" alt="" coords="744,335,1019,361">
<area shape="rect" href="$antlr3defs_8h.html#4a849eaa7e03d14ea7ddbb0c23c6e94c" title="antlr3RewriteRuleTOKENStreamNewAEE" alt="" coords="746,385,1018,412">
<area shape="rect" href="$antlr3defs_8h.html#763c2d39ab30272e348dc24c352fdb3f" title="antlr3RewriteRuleNODEStreamNewAEV" alt="" coords="748,436,1015,463">
<area shape="rect" href="$antlr3defs_8h.html#40732f8c10bf9852b0672154bc0610d4" title="antlr3RewriteRuleSubtreeStreamNewAEV" alt="" coords="744,487,1019,513">
<area shape="rect" href="$antlr3defs_8h.html#f894906ad095a0c7837c2fa2a4e795a0" title="antlr3RewriteRuleTOKENStreamNewAEV" alt="" coords="746,537,1018,564">
