<area shape="rect" href="$antlr3collections_8c.html#15483e180d25697d2a2810b55427a77a" title="antlr3HashTableNew" alt="" coords="157,233,307,260">
<area shape="rect" href="$antlr3collections_8c.html#a7ec41f9df5531b6095288734bdbb38a" title="Add the supplied element to the list, at the next available key." alt="" coords="181,284,283,311">
<area shape="rect" href="$antlr3collections_8c.html#a1a3ea6d5aec535c74081fda1445cee2" title="antlr3ListDelete" alt="" coords="175,335,289,361">
<area shape="rect" href="$antlr3collections_8c.html#9845f50ef805f5ee6ea82bb887a656a6" title="antlr3ListFree" alt="" coords="180,385,284,412">
<area shape="rect" href="$antlr3collections_8c.html#36285128fe9b7feee241262d63b0f8ad" title="antlr3ListGet" alt="" coords="183,436,281,463">
<area shape="rect" href="$antlr3collections_8c.html#94136a988ee9e43d1c4daa52fc19fb20" title="antlr3ListPut" alt="" coords="183,487,281,513">
<area shape="rect" href="$antlr3collections_8c.html#23fc2b9acdc4ef65f95d763b21fdf05c" title="Remove from the list, but don&#39;t free the element, just send it back to the caller..." alt="" coords="168,537,296,564">
<area shape="rect" href="$antlr3collections_8c.html#1ca7148cca6b7bd8e456bf388a18430d" title="antlr3ListSize" alt="" coords="180,588,284,615">
<area shape="rect" href="$antlr3collections_8c.html#aea6272a5954d13fb3214a5d3027f796" title="Takes the element with the supplied key out of the list, and deletes the data calling..." alt="" coords="357,5,483,32">
<area shape="rect" href="$antlr3collections_8c.html#cf11629cadc4a779debec12de281c830" title="Remove the element in the hash table for a particular key value, if it exists &#45; no..." alt="" coords="535,56,673,83">
<area shape="rect" href="$antlr3collections_8c.html#1b74c417ac295e8d76b4dc395bf979ab" title="Takes the element with the supplied key out of the list, and deletes the data calling..." alt="" coords="355,107,485,133">
<area shape="rect" href="$antlr3collections_8c.html#bc5a008b51c86e80d5c46aefd22af6a1" title="Remove a numeric keyed entry from a hash table if it exists, no error if it does..." alt="" coords="533,132,675,159">
<area shape="rect" href="$antlr3collections_8c.html#51a90be3333359353ae3d5edd2eb5089" title="antlr3HashFree" alt="" coords="363,208,477,235">
<area shape="rect" href="$antlr3collections_8c.html#7024681654bc4c2d2a967d46cf3c2709" title="Return the element pointer in the hash table for a particular key value, or NULL..." alt="" coords="549,259,659,285">
<area shape="rect" href="$antlr3collections_8c.html#6a13e744e2b7cfd0065366ebc37d212e" title="Return the element pointer in the hash table for a particular key value, or NULL..." alt="" coords="364,309,476,336">
<area shape="rect" href="$antlr3collections_8c.html#2e1eb0280223979fb6fde18c4c31a218" title="Add the element pointer in to the table, based upon the hash of the provided key..." alt="" coords="549,335,659,361">
<area shape="rect" href="$antlr3collections_8c.html#b1cfbe163e017a81802608cba170ab6a" title="Add the element pointer in to the table, based upon the hash of the provided key..." alt="" coords="364,411,476,437">
<area shape="rect" href="$antlr3collections_8c.html#f598380b4b7354f6b171cf121b8e1d01" title="return the current size of the hash table" alt="" coords="363,461,477,488">
<area shape="rect" href="$antlr3collections_8c.html#b02f607a1a96d95ee0dd82900303946c" title="Given an input key of arbitrary length, return a hash value of it." alt="" coords="723,259,811,285">
