<area shape="rect" href="$antlr3tokenstream_8c.html#7eb43fbdb0d03b01be558a53247ec972" title="Debug only method to flag consumption of initial off&#45;channel tokens in the input..." alt="" coords="136,6,333,32">
<area shape="rect" href="$antlr3tokenstream_8c.html#797f427bfdba8fc5bf09dd4aa2e2d30a" title="Get the ith token from the current position 1." alt="" coords="207,56,263,83">
<area shape="rect" href="$antlr3commontreenodestream_8c.html#c4507475b023b7f2393c5fbe5d080469" title="Walk tree with depth&#45;first&#45;search and fill nodes buffer." alt="" coords="425,6,497,32">
<area shape="rect" href="$antlr3commontreenodestream_8c.html#fd185c37b39ba6acee5c8aeb1e114a87" title="LB" alt="" coords="443,56,480,83">
<area shape="rect" href="$antlr3tokenstream_8c.html#1dd7cfaada47bc6206a16bacba7ca090" title="skipOffTokenChannels" alt="" coords="381,107,541,134">
<area shape="rect" href="$antlr3basetreeadaptor_8c.html#344b47b2135ffa1a7bf782b09974acdd" title="Create and return a nil tree node (no token payload)." alt="" coords="591,6,657,32">
