<area shape="rect" href="$antlr3parser_8c.html#bede6d25edd8b3e67f8aa6a5094b6f9c" title="antlr3ParserNewStream" alt="" coords="245,943,413,969">
<area shape="rect" href="$antlr3parser_8c.html#e667dafdcef9adc2fceebc8420a7cded" title="antlr3ParserNew" alt="" coords="463,943,585,969">
<area shape="rect" href="$group__p_a_n_t_l_r3___b_a_s_e___r_e_c_o_g_n_i_z_e_r.html#g5b539798327f965e6289a9f613515c9a" title="antlr3BaseRecognizerNew" alt="" coords="636,867,817,893">
<area shape="rect" href="$group__p_a_n_t_l_r3___b_a_s_e___r_e_c_o_g_n_i_z_e_r.html#g974d33def91ba5fb5a6fa8e42c6d876e" title="Creates a new Mismatched Token Exception and inserts in the recognizer exception..." alt="" coords="1156,183,1319,209">
<area shape="rect" href="$antlr3parser_8c.html#37b56fbe7a95dc5d2167bc9fe2bb69a2" title="freeParser" alt="" coords="684,917,769,944">
<area shape="rect" href="$antlr3parser_8c.html#bd5b4674ce52d57279b8fcac3a2f349e" title="getTokenStream" alt="" coords="665,968,788,995">
<area shape="rect" href="$antlr3parser_8c.html#9be4603523bcb0c0288276227c9f66b2" title="setDebugListener" alt="" coords="663,1019,791,1045">
<area shape="rect" href="$antlr3parser_8c.html#bc2dd50cc07985861a3bfbb4d59a7bbf" title="setTokenStream" alt="" coords="667,1069,787,1096">
<area shape="rect" href="$group__p_a_n_t_l_r3___b_a_s_e___r_e_c_o_g_n_i_z_e_r.html#gecb4f403651c25610bcceff641027d02" title="Has this rule already parsed input at the current index in the input stream? Return..." alt="" coords="903,360,1041,387">
<area shape="rect" href="$antlr3collections_8c.html#0f20590f5ba34812e48d6cec3e126fd6" title="antlr3VectorNew" alt="" coords="911,765,1033,792">
<area shape="rect" href="$group__p_a_n_t_l_r3___b_a_s_e___r_e_c_o_g_n_i_z_e_r.html#g1817b0f3b6af542c3536371040dc58ac" title="beginBacktrack" alt="" coords="915,816,1029,843">
<area shape="rect" href="$group__p_a_n_t_l_r3___b_a_s_e___r_e_c_o_g_n_i_z_e_r.html#gfa6c2298edaa647a41c8958da95e52a3" title="beginResync" alt="" coords="923,867,1021,893">
<area shape="rect" href="$group__p_a_n_t_l_r3___b_a_s_e___r_e_c_o_g_n_i_z_e_r.html#gae6c6fbbbf2e1c74b612c56585421480" title="Compute the current followset for the input stream." alt="" coords="1177,715,1297,741">
<area shape="rect" href="$group__p_a_n_t_l_r3___b_a_s_e___r_e_c_o_g_n_i_z_e_r.html#gafcf8d570aefd265cdd1f08fd1c648d0" title="Compute the context&#45;sensitive FOLLOW set for current rule." alt="" coords="892,917,1052,944">
<area shape="rect" href="$group__p_a_n_t_l_r3___b_a_s_e___r_e_c_o_g_n_i_z_e_r.html#gb130860e17b6b63e2b1ec308f327ba16" title="Compute the error recovery set for the current rule." alt="" coords="881,968,1063,995">
<area shape="rect" href="$group__p_a_n_t_l_r3___b_a_s_e___r_e_c_o_g_n_i_z_e_r.html#gfe29b544de6bf6a2f2f1cde76ffbcfef" title="Eat tokens from the input stream until we get one of JUST the right type." alt="" coords="920,1019,1024,1045">
<area shape="rect" href="$group__p_a_n_t_l_r3___b_a_s_e___r_e_c_o_g_n_i_z_e_r.html#g8d35000d9ab1050dabe81cf7920934fe" title="Eat tokens from the input stream until we find one that belongs to the supplied set..." alt="" coords="909,1069,1035,1096">
<area shape="rect" href="$group__p_a_n_t_l_r3___b_a_s_e___r_e_c_o_g_n_i_z_e_r.html#g3c88e896255781a0ace9fd1110900424" title="Standard/Example error display method." alt="" coords="888,613,1056,640">
<area shape="rect" href="$group__p_a_n_t_l_r3___b_a_s_e___r_e_c_o_g_n_i_z_e_r.html#g7258d67140b160ff9da909d067d402d0" title="endBacktrack" alt="" coords="920,1120,1024,1147">
<area shape="rect" href="$group__p_a_n_t_l_r3___b_a_s_e___r_e_c_o_g_n_i_z_e_r.html#g76e55e0ccbc6262c398dbc0d7ef2e2e2" title="endResync" alt="" coords="928,1171,1016,1197">
<area shape="rect" href="$group__p_a_n_t_l_r3___b_a_s_e___r_e_c_o_g_n_i_z_e_r.html#g5999985a70a69e3bec790156b88fbd62" title="freeBR" alt="" coords="940,1221,1004,1248">
<area shape="rect" href="$group__p_a_n_t_l_r3___b_a_s_e___r_e_c_o_g_n_i_z_e_r.html#gfa6cd5dae10144c754490bbc9ebef8f1" title="getCurrentInputSymbol" alt="" coords="892,1272,1052,1299">
<area shape="rect" href="$group__p_a_n_t_l_r3___b_a_s_e___r_e_c_o_g_n_i_z_e_r.html#g22c45f91acc78faa73e6b1fd637e3e0c" title="getMissingSymbol" alt="" coords="907,1323,1037,1349">
<area shape="rect" href="$group__p_a_n_t_l_r3___b_a_s_e___r_e_c_o_g_n_i_z_e_r.html#gb4273491fa0ac1fb0da57d57c37d4f05" title="Return how many syntax errors were detected by this recognizer." alt="" coords="881,1373,1063,1400">
<area shape="rect" href="$group__p_a_n_t_l_r3___b_a_s_e___r_e_c_o_g_n_i_z_e_r.html#gc7e1bf2a5a3adcfe14e64a68e96a9ce4" title="Return the rule invocation stack (how we got here in the parse." alt="" coords="889,1424,1055,1451">
<area shape="rect" href="$group__p_a_n_t_l_r3___b_a_s_e___r_e_c_o_g_n_i_z_e_r.html#gae8d9ae771381ce037d6f9e8b2906013" title="getRuleInvocationStackNamed" alt="" coords="868,1475,1076,1501">
<area shape="rect" href="$group__p_a_n_t_l_r3___b_a_s_e___r_e_c_o_g_n_i_z_e_r.html#gbc080ec9aaa275e0361dea5a1eb431c0" title="Pointer to a function to return whether the rule has parsed input starting at the..." alt="" coords="899,1576,1045,1603">
<area shape="rect" href="$group__p_a_n_t_l_r3___b_a_s_e___r_e_c_o_g_n_i_z_e_r.html#g06172ef38079026fc3d29bea9a046cc3" title="Match current input symbol against ttype." alt="" coords="943,1627,1001,1653">
<area shape="rect" href="$group__p_a_n_t_l_r3___b_a_s_e___r_e_c_o_g_n_i_z_e_r.html#gc6666b109c5d2fb42e311b0a248e0bb0" title="Consumes the next token, whatever it is, and resets the recognizer state so that..." alt="" coords="931,1677,1013,1704">
<area shape="rect" href="$group__p_a_n_t_l_r3___b_a_s_e___r_e_c_o_g_n_i_z_e_r.html#g0b61381c64a3cf6fa719be2f3fe6cc79" title="Record whether or not this rule parsed the input at this position successfully." alt="" coords="933,1728,1011,1755">
<area shape="rect" href="$group__p_a_n_t_l_r3___b_a_s_e___r_e_c_o_g_n_i_z_e_r.html#gf8c302d1762b73b1a80c88ca71210472" title="Factor out what to do upon token mismatch so tree parsers can behave differently..." alt="" coords="932,461,1012,488">
<area shape="rect" href="$group__p_a_n_t_l_r3___b_a_s_e___r_e_c_o_g_n_i_z_e_r.html#gae2cb5c900551876f8ba170252b9a73b" title="mismatchIsMissingToken" alt="" coords="1151,512,1324,539">
<area shape="rect" href="$group__p_a_n_t_l_r3___b_a_s_e___r_e_c_o_g_n_i_z_e_r.html#g5d8fdaef9c545faefeb480e49ff5842b" title="mismatchIsUnwantedToken" alt="" coords="1143,360,1332,387">
<area shape="rect" href="$group__p_a_n_t_l_r3___b_a_s_e___r_e_c_o_g_n_i_z_e_r.html#g911941c0a78751dd6eae32d1fd3f3a2d" title="Recover from an error found on the input stream." alt="" coords="939,107,1005,133">
<area shape="rect" href="$group__p_a_n_t_l_r3___b_a_s_e___r_e_c_o_g_n_i_z_e_r.html#g733153563bd70d3b65fce9bd665fb61f" title="This code is factored out from mismatched token and mismatched set recovery." alt="" coords="1127,664,1348,691">
<area shape="rect" href="$group__p_a_n_t_l_r3___b_a_s_e___r_e_c_o_g_n_i_z_e_r.html#g833876e3010f505f0e12326360f6877d" title="recoverFromMismatchedSet" alt="" coords="876,157,1068,184">
<area shape="rect" href="$group__p_a_n_t_l_r3___b_a_s_e___r_e_c_o_g_n_i_z_e_r.html#g4876d181d8cca1dcee4ebc7b0d313b28" title="Attempt to recover from a single missing or extra token." alt="" coords="867,512,1077,539">
<area shape="rect" href="$group__p_a_n_t_l_r3___b_a_s_e___r_e_c_o_g_n_i_z_e_r.html#g94bd01f211c00d6125d6ca8fca67429c" title="Report a recognition problem." alt="" coords="928,208,1016,235">
<area shape="rect" href="$group__p_a_n_t_l_r3___b_a_s_e___r_e_c_o_g_n_i_z_e_r.html#g3bbbf4338658f30c5b039e933232c988" title="reset" alt="" coords="947,1525,997,1552">
<area shape="rect" href="$group__p_a_n_t_l_r3___b_a_s_e___r_e_c_o_g_n_i_z_e_r.html#gab17b157e62f1564570c784ec4b184c5" title="A syntactic predicate." alt="" coords="937,259,1007,285">
<area shape="rect" href="$group__p_a_n_t_l_r3___b_a_s_e___r_e_c_o_g_n_i_z_e_r.html#gbe87a4783b650d2576f6550fe53c43b7" title="Convenience method for template rewrites &#45; NYI." alt="" coords="935,309,1009,336">
<area shape="rect" href="$group__p_a_n_t_l_r3___b_a_s_e___r_e_c_o_g_n_i_z_e_r.html#gb2d77cd376112c8ff6ed7353ba78dab7" title="antlr3RecognitionExceptionNew" alt="" coords="1399,411,1612,437">
<area shape="rect" href="$antlr3collections_8c.html#257bb3a732b0aee54f196ea448944d0b" title="antlr3SetVectorApi" alt="" coords="1169,765,1305,792">
<area shape="rect" href="$antlr3bitset_8c.html#dee17893182cf3d0c91bfce5e6ba12a9" title="Creates a new bitset with at least one 64 bit bset of bits, but as many 64 bit sets..." alt="" coords="1445,664,1565,691">
<area shape="rect" href="$antlr3bitset_8c.html#4179c82d3761a00b268461756c59222a" title="antlr3BitsetNew" alt="" coords="1661,689,1779,716">
<area shape="rect" href="$antlr3commontreenodestream_8c.html#7d68f5af32504d0af4c13a4c9d33726d" title="size" alt="" coords="1215,613,1260,640">
<area shape="rect" href="$antlr3commontoken_8c.html#3e0e53093c8170217cb4bee33c2714c9" title="antlr3TokenFactoryNew" alt="" coords="1155,1323,1320,1349">
<area shape="rect" href="$antlr3collections_8c.html#ebfa2c8a91028760ae220897b9e1569f" title="antlr3IntTrieNew" alt="" coords="1176,1525,1299,1552">
<area shape="rect" href="$group__p_a_n_t_l_r3___b_a_s_e___r_e_c_o_g_n_i_z_e_r.html#gde56c9d178d5f8b1690ea2ec37c156b4" title="freeIntTrie" alt="" coords="1196,1576,1279,1603">
