<area shape="rect" href="$antlr3commontree_8c.html#bc4461044e5277193e2597fb79f1829a" title="antlr3SetCTAPI" alt="" coords="223,639,337,665">
<area shape="rect" href="$antlr3basetree_8c.html#7af2e71f4e4640fceee0cc362de6f9e0" title="antlr3BaseTreeNew" alt="" coords="387,335,528,361">
<area shape="rect" href="$antlr3basetree_8c.html#c0a5b07c2cc53a3f2938e6e94d9b1605" title="getCharPositionInLine" alt="" coords="577,5,732,32">
<area shape="rect" href="$antlr3basetree_8c.html#f89cad82ec0276b7f9183476bdfaa322" title="getLine" alt="" coords="621,664,688,691">
<area shape="rect" href="$antlr3commontree_8c.html#b297521e0928530da5e7195a247f1136" title="Create a new vector for holding child nodes using the inbuilt vector factory." alt="" coords="392,436,523,463">
<area shape="rect" href="$antlr3commontree_8c.html#00872fc95025076f2ce0a1665d144a4b" title="dupNode" alt="" coords="419,487,496,513">
<area shape="rect" href="$antlr3commontree_8c.html#77d4c513c62084ce93910b7698a240c2" title="getChildIndex" alt="" coords="405,537,509,564">
<area shape="rect" href="$antlr3commontree_8c.html#42e0f21c4d7025ecfe829c345c8919b0" title="getParent" alt="" coords="417,588,497,615">
<area shape="rect" href="$antlr3basetreeadaptor_8c.html#e87582e8774b76849cb729d32d4406f4" title="Dummy implementation &#45; will be supplied by super class." alt="" coords="424,639,491,665">
<area shape="rect" href="$antlr3commontree_8c.html#c5e6d66c8f5b364e4ee308a762f1927d" title="getToken" alt="" coords="419,689,496,716">
<area shape="rect" href="$antlr3basetreeadaptor_8c.html#f002bbd918744c2e414a5fa6f352b491" title="Dummy implementation &#45; will be supplied by super class." alt="" coords="423,740,492,767">
<area shape="rect" href="$antlr3basetreeadaptor_8c.html#abc643f85eadb890a10cb3ca001f9330" title="isNilNode" alt="" coords="417,791,497,817">
<area shape="rect" href="$antlr3commontree_8c.html#8a548aab28e9961332826e83480544b8" title="Clean up any child vector that the tree might have, so it can be reused, then add..." alt="" coords="429,841,485,868">
<area shape="rect" href="$antlr3commontree_8c.html#a121ec7b864d6cd8e3822c18f431f885" title="setChildIndex" alt="" coords="405,892,509,919">
<area shape="rect" href="$antlr3commontree_8c.html#b58e39f01e4d6fe40212936d6c2b46b5" title="setParent" alt="" coords="417,943,497,969">
<area shape="rect" href="$antlr3commontoken_8c.html#c98555d67ba2799ecbabc4a41d6d3258" title="toString" alt="" coords="423,993,492,1020">
<area shape="rect" href="$antlr3basetree_8c.html#b5c4b9d608ad720b8399a1a52e380184" title="addChild" alt="" coords="617,56,692,83">
<area shape="rect" href="$antlr3basetree_8c.html#c54a81caba8c32a06594a05fcf7dc43c" title="Set the parent and child indexes for all children of the supplied tree." alt="" coords="781,81,939,108">
<area shape="rect" href="$antlr3basetree_8c.html#bf310a3fe8d0697c586ed3b72ae77824" title="Add all elements of the supplied list as children of this node." alt="" coords="607,157,703,184">
<area shape="rect" href="$antlr3basetree_8c.html#bade5e407a76ff80f5a9a99e79d94417" title="deleteChild" alt="" coords="609,208,700,235">
<area shape="rect" href="$antlr3basetree_8c.html#968076e57330da2c02dc905d1e470a15" title="dupTree" alt="" coords="619,259,691,285">
<area shape="rect" href="$antlr3basetree_8c.html#8206aa0dc7a0419725505cde9847bed1" title="Set the parent and child indexes for some of the children of the supplied tree, starting..." alt="" coords="584,309,725,336">
<area shape="rect" href="$antlr3basetree_8c.html#653403930487771915e20fe6facda94f" title="getChild" alt="" coords="619,360,691,387">
<area shape="rect" href="$antlr3basetree_8c.html#b9974077da69e8911ff64c3518a05ca7" title="getChildCount" alt="" coords="601,411,708,437">
<area shape="rect" href="$antlr3basetree_8c.html#1d2d8c1b1141dba0553d183ab7b1174f" title="getFirstChildWithType" alt="" coords="577,461,732,488">
<area shape="rect" href="$antlr3basetree_8c.html#df47bb66cdb3101b23d8c522b11cc4cc" title="Delete children from start to stop and replace with t even if t is a list (nil&#45;root..." alt="" coords="596,512,713,539">
<area shape="rect" href="$antlr3basetree_8c.html#e569096da6888b797e778af899f3a97c" title="setChild" alt="" coords="619,563,691,589">
<area shape="rect" href="$antlr3basetree_8c.html#e6070f78b5a660f3b5192f9884a0ebee" title="toStringTree" alt="" coords="607,613,703,640">
<area shape="rect" href="$antlr3collections_8c.html#0f20590f5ba34812e48d6cec3e126fd6" title="antlr3VectorNew" alt="" coords="799,512,921,539">
<area shape="rect" href="$antlr3collections_8c.html#257bb3a732b0aee54f196ea448944d0b" title="antlr3SetVectorApi" alt="" coords="987,512,1123,539">
<area shape="rect" href="$antlr3collections_8c.html#b7bfa6d6ae69bd46b3c155d55a7162a1" title="Add the supplied pointer and freeing function pointer to the list, expanding the..." alt="" coords="1184,309,1304,336">
<area shape="rect" href="$antlr3collections_8c.html#a6d77074d26182876f7cc5269f39dcaf" title="antlr3VectorClear" alt="" coords="1180,360,1308,387">
<area shape="rect" href="$antlr3collections_8c.html#2f2a279a441ad513caf852f3f5387f1e" title="antlr3VectorDel" alt="" coords="1187,411,1301,437">
<area shape="rect" href="$antlr3collections_8c.html#cebfdc6cc1b28c406946fa6e72c1f581" title="antlr3VectorFree" alt="" coords="1183,461,1305,488">
<area shape="rect" href="$antlr3collections_8c.html#62297bdab210e5a852d9c778a48556b8" title="antlr3VectorGet" alt="" coords="1185,512,1303,539">
<area shape="rect" href="$antlr3collections_8c.html#ea45dc661f9abf012538728ab751962b" title="Replace the element at the specified entry point with the supplied entry." alt="" coords="1187,563,1301,589">
<area shape="rect" href="$antlr3collections_8c.html#080b1c287eb015e890bfb6d5c20be49c" title="antlr3VectorSize" alt="" coords="1183,613,1305,640">
<area shape="rect" href="$antlr3collections_8c.html#d8d9537615595fcbf0d5c1fecde4b4d9" title="Replace the element at the specified entry point with the supplied entry." alt="" coords="1180,664,1308,691">
<area shape="rect" href="$antlr3collections_8c.html#2ac98c6e0465a288734e77595a1b9d13" title="Remove the entry from the vector, but do not free any entry, even if it has a free..." alt="" coords="1171,715,1317,741">
<area shape="rect" href="$antlr3collections_8c.html#c0149859fb053a93f46163e0ee568b7f" title="antlr3VectorResize" alt="" coords="1367,436,1503,463">
