<area shape="rect" href="$antlr3commontreenodestream_8c.html#dd9884870fc81679730a126a0b0ab2d1" title="_LA" alt="" coords="441,6,487,32">
<area shape="rect" href="$antlr3commontreenodestream_8c.html#70c976c5e35cc44607db484c9644fe00" title="_LT" alt="" coords="441,56,487,83">
<area shape="rect" href="$antlr3commontreenodestream_8c.html#7bc75a78609705ded62d1aad66f2cd12" title="addNavigationNode" alt="" coords="393,107,535,134">
<area shape="rect" href="$antlr3commontreenodestream_8c.html#bf1a2bd3b1d9a95b0ee1dd393790c07c" title="Free up any resources that belong to this common tree node stream." alt="" coords="343,158,585,184">
<area shape="rect" href="$group__p_a_n_t_l_r3___i_n_t___s_t_r_e_a_m.html#g58e4ce6e808a830c69cc73f3db040ae4" title="antlr3IntStreamNew" alt="" coords="393,208,535,235">
<area shape="rect" href="$antlr3commontree_8c.html#bc4461044e5277193e2597fb79f1829a" title="antlr3SetCTAPI" alt="" coords="407,614,521,640">
<area shape="rect" href="$antlr3collections_8c.html#0f20590f5ba34812e48d6cec3e126fd6" title="antlr3VectorNew" alt="" coords="1077,234,1200,260">
<area shape="rect" href="$antlr3commontoken_8c.html#c98555d67ba2799ecbabc4a41d6d3258" title="toString" alt="" coords="695,1146,764,1172">
<area shape="rect" href="$antlr3commontreenodestream_8c.html#6f3f769210dce6db5bc8569d752a3097" title="antlr3TreeNodeStreamNew" alt="" coords="371,386,557,412">
<area shape="rect" href="$antlr3commontreenodestream_8c.html#758c7f9e34d4c5cc9af1a797c945e2e5" title="consume" alt="" coords="425,715,503,742">
<area shape="rect" href="$antlr3commontreenodestream_8c.html#628cc0ae93dceb8dcfa03e5fe3a22d4f" title="getLookaheadSize" alt="" coords="397,766,531,792">
<area shape="rect" href="$antlr3commontreenodestream_8c.html#945f466444fa107b012e7edd4d0f1fae" title="getTreeAdaptor" alt="" coords="407,816,521,843">
<area shape="rect" href="$antlr3commontreenodestream_8c.html#fea6caf6a24604118bba8acf095a01d0" title="getTreeSource" alt="" coords="408,867,520,894">
<area shape="rect" href="$antlr3commontreenodestream_8c.html#c7ed78ef2529a10272cd3aed70fbf10a" title="hasUniqueNavigationNodes" alt="" coords="368,918,560,944">
<area shape="rect" href="$antlr3commontreenodestream_8c.html#0ddd24ffd4326d1375a3314e6a5040a1" title="mark" alt="" coords="439,968,489,995">
<area shape="rect" href="$antlr3commontreenodestream_8c.html#404d1d946e8d99139eb862d7c571e9dc" title="newDownNode" alt="" coords="408,1019,520,1046">
<area shape="rect" href="$antlr3commontreenodestream_8c.html#ba2a1070fb666dd0aa01b84610ee41eb" title="newUpNode" alt="" coords="416,1070,512,1096">
<area shape="rect" href="$antlr3commontreenodestream_8c.html#30352661d40ba08608232aca6549fe51" title="pop" alt="" coords="443,1120,485,1147">
<area shape="rect" href="$antlr3commontreenodestream_8c.html#f9004abadebd39a3a650d71101b6df94" title="push" alt="" coords="439,1171,489,1198">
<area shape="rect" href="$antlr3commontreenodestream_8c.html#3d78ea41b70b3f17bbf8ace723950dbf" title="release" alt="" coords="431,1222,497,1248">
<area shape="rect" href="$group__p_a_n_t_l_r3___b_a_s_e___r_e_c_o_g_n_i_z_e_r.html#g3bbbf4338658f30c5b039e933232c988" title="reset" alt="" coords="439,310,489,336">
<area shape="rect" href="$antlr3commontreenodestream_8c.html#3a89fd12233870c26e783aa5018a0fb3" title="rewindLast" alt="" coords="420,1272,508,1299">
<area shape="rect" href="$antlr3commontreenodestream_8c.html#246395a9d414282181e484e49769c822" title="rewindMark" alt="" coords="417,1323,511,1350">
<area shape="rect" href="$antlr3commontreenodestream_8c.html#b83c14bd6b800935fa2459f48e500d22" title="seek" alt="" coords="439,1374,489,1400">
<area shape="rect" href="$antlr3commontreenodestream_8c.html#189ea71e50d2c420069bd06039de3554" title="setUniqueNavigationNodes" alt="" coords="371,1424,557,1451">
<area shape="rect" href="$antlr3commontreenodestream_8c.html#7d68f5af32504d0af4c13a4c9d33726d" title="size" alt="" coords="441,1475,487,1502">
<area shape="rect" href="$antlr3commontreenodestream_8c.html#3e61cdd923ffb6550b1389eb8329cc4c" title="tindex" alt="" coords="435,1526,493,1552">
<area shape="rect" href="$antlr3commontreenodestream_8c.html#c653ea52d4748c1662025370105f92d9" title="toStringSS" alt="" coords="420,1576,508,1603">
<area shape="rect" href="$antlr3commontreenodestream_8c.html#b1d649516ec34b059ed33854308ca998" title="toStringWork" alt="" coords="413,1627,515,1654">
<area shape="rect" href="$group__p_a_n_t_l_r3___i_n_t___s_t_r_e_a_m.html#gb9e98efaa7265d8af43f81feefeb6579" title="freeStream" alt="" coords="685,132,773,159">
<area shape="rect" href="$antlr3basetree_8c.html#7af2e71f4e4640fceee0cc362de6f9e0" title="antlr3BaseTreeNew" alt="" coords="659,538,800,564">
<area shape="rect" href="$antlr3basetree_8c.html#c0a5b07c2cc53a3f2938e6e94d9b1605" title="getCharPositionInLine" alt="" coords="873,563,1028,590">
<area shape="rect" href="$antlr3basetree_8c.html#f89cad82ec0276b7f9183476bdfaa322" title="getLine" alt="" coords="917,639,984,666">
<area shape="rect" href="$antlr3commontree_8c.html#b297521e0928530da5e7195a247f1136" title="Create a new vector for holding child nodes using the inbuilt vector factory." alt="" coords="664,943,795,970">
<area shape="rect" href="$antlr3commontree_8c.html#00872fc95025076f2ce0a1665d144a4b" title="dupNode" alt="" coords="691,994,768,1020">
<area shape="rect" href="$antlr3commontree_8c.html#77d4c513c62084ce93910b7698a240c2" title="getChildIndex" alt="" coords="677,1044,781,1071">
<area shape="rect" href="$antlr3commontree_8c.html#42e0f21c4d7025ecfe829c345c8919b0" title="getParent" alt="" coords="689,1095,769,1122">
<area shape="rect" href="$antlr3basetreeadaptor_8c.html#e87582e8774b76849cb729d32d4406f4" title="Dummy implementation &#45; will be supplied by super class." alt="" coords="696,436,763,463">
<area shape="rect" href="$antlr3commontree_8c.html#c5e6d66c8f5b364e4ee308a762f1927d" title="getToken" alt="" coords="691,487,768,514">
<area shape="rect" href="$antlr3basetreeadaptor_8c.html#f002bbd918744c2e414a5fa6f352b491" title="Dummy implementation &#45; will be supplied by super class." alt="" coords="695,690,764,716">
<area shape="rect" href="$antlr3basetreeadaptor_8c.html#abc643f85eadb890a10cb3ca001f9330" title="isNilNode" alt="" coords="689,740,769,767">
<area shape="rect" href="$antlr3commontree_8c.html#8a548aab28e9961332826e83480544b8" title="Clean up any child vector that the tree might have, so it can be reused, then add..." alt="" coords="701,791,757,818">
<area shape="rect" href="$antlr3commontree_8c.html#a121ec7b864d6cd8e3822c18f431f885" title="setChildIndex" alt="" coords="677,842,781,868">
<area shape="rect" href="$antlr3commontree_8c.html#b58e39f01e4d6fe40212936d6c2b46b5" title="setParent" alt="" coords="689,892,769,919">
<area shape="rect" href="$antlr3basetree_8c.html#df47bb66cdb3101b23d8c522b11cc4cc" title="Delete children from start to stop and replace with t even if t is a list (nil&#45;root..." alt="" coords="892,386,1009,412">
<area shape="rect" href="$antlr3collections_8c.html#257bb3a732b0aee54f196ea448944d0b" title="antlr3SetVectorApi" alt="" coords="1248,234,1384,260">
<area shape="rect" href="$antlr3commontreenodestream_8c.html#6afb70664404f8f4db52e00ab4c19974" title="antlr3TreeNodeStreamFree" alt="" coords="636,335,823,362">
<area shape="rect" href="$antlr3collections_8c.html#ebfa2c8a91028760ae220897b9e1569f" title="antlr3IntTrieNew" alt="" coords="668,284,791,311">
<area shape="rect" href="$antlr3collections_8c.html#cd2d302cb08802568e25ca38c6dab300" title="antlr3StackNew" alt="" coords="892,234,1009,260">
