<area shape="rect" href="$antlr3defs_8h.html#b5dc1c0ae38a18b0ff73a2989fe796de" title="Given a pointer to a base tree adaptor structure (which is usually embedded in the..." alt="" coords="123,81,304,108">
<area shape="rect" href="$antlr3defs_8h.html#5d023697cc6fae0f33a329b9a787303a" title="Create and initialize a new debug event listener that can be connected to by ANTLRWorks..." alt="" coords="128,183,299,209">
<area shape="rect" href="$antlr3commontreenodestream_8c.html#c4507475b023b7f2393c5fbe5d080469" title="Walk tree with depth&#45;first&#45;search and fill nodes buffer." alt="" coords="177,309,249,336">
<area shape="rect" href="$antlr3commontree_8c.html#6419d3fe0dc2344f32bff6670f812ab1" title="toString" alt="" coords="179,360,248,387">
<area shape="rect" href="$antlr3defs_8h.html#b957d9b226644a3af57c91c8553a9cf8" title="Debugging version of the tree adaptor (not normally called as generated code calls..." alt="" coords="871,5,1127,32">
<area shape="rect" href="$antlr3defs_8h.html#8354d855e26d4417b311740c64b9f0e3" title="Create a new tree adaptor." alt="" coords="600,56,816,83">
<area shape="rect" href="$antlr3commontreeadaptor_8c.html#9f3d98260b86edc3b889d3cd04b27792" title="Causes an existing common tree adaptor to become a debug version." alt="" coords="369,107,532,133">
<area shape="rect" href="$antlr3defs_8h.html#f53a0945d04dc72b9a3b927c1fa5ffd7" title="antlr3CommonTreeNodeStreamNew" alt="" coords="877,56,1120,83">
<area shape="rect" href="$antlr3defs_8h.html#80515ce12fe3b7e18473029d07dceaa7" title="antlr3CommonTreeNodeStreamNewTree" alt="" coords="1196,56,1465,83">
<area shape="rect" href="$antlr3debughandlers_8c.html#15dd87baf368c6b3bfbafba79f2fa120" title="antlr3DebugListenerNewPort" alt="" coords="353,157,548,184">
<area shape="rect" href="$antlr3commontreenodestream_8c.html#ebb793e586aa9eddebde64b400ba24ba" title="Walk and fill the tree node buffer from the root tree." alt="" coords="400,208,501,235">
<area shape="rect" href="$antlr3tokenstream_8c.html#c468a91e063020d1ae77cfaa45ed0849" title="getTokens" alt="" coords="408,259,493,285">
<area shape="rect" href="$antlr3tokenstream_8c.html#e15f03d21ef4c155daf9592cb6b7751a" title="Given a start and stop index, return a List of all tokens in the token type BitSet..." alt="" coords="399,309,503,336">
<area shape="rect" href="$antlr3tokenstream_8c.html#c8379adc13ac8fbd685f1a2eb6bd0f02" title="LB" alt="" coords="432,360,469,387">
<area shape="rect" href="$antlr3tokenstream_8c.html#797f427bfdba8fc5bf09dd4aa2e2d30a" title="Get the ith token from the current position 1." alt="" coords="423,411,479,437">
<area shape="rect" href="$antlr3tokenstream_8c.html#8e379e6aaeac8fc2beab5e981986540f" title="toString" alt="" coords="416,461,485,488">
<area shape="rect" href="$antlr3tokenstream_8c.html#a92e164be569dcd030d5f2248b002d72" title="toStringSS" alt="" coords="407,512,495,539">
<area shape="rect" href="$antlr3defs_8h.html#b8426bed8df754240d19d2ee37edee70" title="antlr3CommonTokenStreamNew" alt="" coords="599,309,817,336">
<area shape="rect" href="$antlr3defs_8h.html#d4ef5baa73e1fdd0f0c2fc4cce4277cb" title="antlr3CommonTokenStreamSourceNew" alt="" coords="868,309,1129,336">
<area shape="rect" href="$antlr3defs_8h.html#da21cf0d75ef83806a60990556d86fe0" title="antlr3CommonTokenDebugStreamSourceNew" alt="" coords="1180,335,1481,361">
<area shape="rect" href="$antlr3tokenstream_8c.html#1a8cbd37efa7393170dfd68c63b467d6" title="As per the normal tokLT but sends information to the debugger." alt="" coords="667,411,749,437">
<area shape="rect" href="$antlr3tokenstream_8c.html#e875d1487db2febc71485ad476a0c535" title="setDebugListener" alt="" coords="935,411,1063,437">
