<area shape="rect" href="$group__p_a_n_t_l_r3___b_a_s_e___r_e_c_o_g_n_i_z_e_r.html#gb2d77cd376112c8ff6ed7353ba78dab7" title="antlr3RecognitionExceptionNew" alt="" coords="548,107,761,134">
<area shape="rect" href="$antlr3commontoken_8c.html#3e0e53093c8170217cb4bee33c2714c9" title="antlr3TokenFactoryNew" alt="" coords="169,538,335,564">
<area shape="rect" href="$antlr3exception_8c.html#d7bf558a3019636d779ebd281ab07450" title="Creates a new ANTLR3 exception structure." alt="" coords="819,31,960,58">
<area shape="rect" href="$antlr3basetree_8c.html#c0a5b07c2cc53a3f2938e6e94d9b1605" title="getCharPositionInLine" alt="" coords="812,132,967,159">
<area shape="rect" href="$antlr3basetree_8c.html#f89cad82ec0276b7f9183476bdfaa322" title="getLine" alt="" coords="856,82,923,108">
<area shape="rect" href="$antlr3exception_8c.html#21c30f7a44edd55f154d2cfaafb0fd8a" title="Frees up a chain of ANTLR3 exceptions." alt="" coords="1017,6,1161,32">
<area shape="rect" href="$antlr3exception_8c.html#193748f2d252beb17b1b0487ca77cb4f" title="Prints out the message in all the exceptions in the supplied chain." alt="" coords="1017,56,1161,83">
<area shape="rect" href="$antlr3rewritestreams_8c.html#92c4d9fcaea24e9f6b4f658711bacc07" title="Return the next element in the stream." alt="" coords="1211,6,1259,32">
<area shape="rect" href="$antlr3commontoken_8c.html#d6214ed38e124f2ada5b7056c15b58dc" title="antlr3SetTokenAPI" alt="" coords="587,487,723,514">
<area shape="rect" href="$antlr3commontoken_8c.html#138055a9dcffd2bccf6cb8a47053ae0c" title="factoryClose" alt="" coords="392,690,491,716">
<area shape="rect" href="$antlr3commontoken_8c.html#453fd144d2f4a6ad6ab57ec106d8b6ae" title="factoryReset" alt="" coords="392,639,491,666">
<area shape="rect" href="$antlr3collections_8c.html#f2e0986dc2c7f23b76b653aa3b6e6274" title="newPool" alt="" coords="617,588,692,615">
<area shape="rect" href="$antlr3commontoken_8c.html#fa0c747a497553a3b1f7508bcbba22fd" title="newPoolToken" alt="" coords="385,487,497,514">
<area shape="rect" href="$antlr3commontoken_8c.html#eb9df4bf79464b1fb5cbd2e7c516bb43" title="setInputStream" alt="" coords="384,538,499,564">
<area shape="rect" href="$antlr3commontoken_8c.html#f3dd0f37a5c07982f31493b5dd3178c5" title="getChannel" alt="" coords="844,639,935,666">
<area shape="rect" href="$antlr3commontoken_8c.html#00ca0944c0ce0d19de89d965394a821f" title="getStartIndex" alt="" coords="839,690,940,716">
<area shape="rect" href="$antlr3commontoken_8c.html#4ba4c3dcb2558007a91d33e9ff4c0b4b" title="getStopIndex" alt="" coords="839,740,940,767">
<area shape="rect" href="$antlr3basetreeadaptor_8c.html#e87582e8774b76849cb729d32d4406f4" title="Dummy implementation &#45; will be supplied by super class." alt="" coords="856,791,923,818">
<area shape="rect" href="$antlr3commontoken_8c.html#2f923db7f3f1f5915f6f63ea1bd1b098" title="getTokenIndex" alt="" coords="833,842,945,868">
<area shape="rect" href="$antlr3basetreeadaptor_8c.html#f002bbd918744c2e414a5fa6f352b491" title="Dummy implementation &#45; will be supplied by super class." alt="" coords="855,892,924,919">
<area shape="rect" href="$antlr3commontoken_8c.html#63449b638a4362d3a448ecffc027fb53" title="setChannel" alt="" coords="844,943,935,970">
<area shape="rect" href="$antlr3commontoken_8c.html#41d67affa21aae907d93aa847ffed379" title="setCharPositionInLine" alt="" coords="812,183,967,210">
<area shape="rect" href="$antlr3commontoken_8c.html#e7675d977ecb74ca5f5c4bf3973e129f" title="setLine" alt="" coords="857,234,921,260">
<area shape="rect" href="$antlr3commontoken_8c.html#d69c843df3e5b062c1e505c366be9409" title="setStartIndex" alt="" coords="839,284,940,311">
<area shape="rect" href="$antlr3commontoken_8c.html#37635835c619c01b3d25212d058e171e" title="setStopIndex" alt="" coords="839,335,940,362">
<area shape="rect" href="$antlr3basetreeadaptor_8c.html#30e52a5c4458170f79744c4c39a39f84" title="Dummy implementation &#45; will be supplied by super class." alt="" coords="856,386,923,412">
<area shape="rect" href="$antlr3basetreeadaptor_8c.html#b2212e3297a9b90372007ccb0beee599" title="Dummy implementation &#45; will be supplied by super class." alt="" coords="852,436,927,463">
<area shape="rect" href="$antlr3commontoken_8c.html#a8e9c4a38cf2561074a67c8985cb6eef" title="setTokenIndex" alt="" coords="835,487,944,514">
<area shape="rect" href="$antlr3basetreeadaptor_8c.html#e72be9cdf2c5ce04a5f81b4fe6eed6ee" title="Dummy implementation &#45; will be supplied by super class." alt="" coords="855,538,924,564">
<area shape="rect" href="$antlr3commontoken_8c.html#c98555d67ba2799ecbabc4a41d6d3258" title="toString" alt="" coords="855,588,924,615">
