<area shape="rect" href="$antlr3tokenstream_8c.html#5f608412dd2b5bf76e6b69cc58690a02" title="As per ordinary consume but notifies the debugger about hidden tokens and so on." alt="" coords="198,5,299,32">
<area shape="rect" href="$antlr3tokenstream_8c.html#646fe8a98319263a05d44a79ba48017f" title="dbgLA" alt="" coords="218,56,279,83">
<area shape="rect" href="$antlr3tokenstream_8c.html#ecc81531a5ad4436519c0da8b4393a02" title="dbgMark" alt="" coords="211,107,286,133">
<area shape="rect" href="$antlr3tokenstream_8c.html#e5cf20f7803d79b7838a2c48c07b0bdc" title="dbgRewindLast" alt="" coords="191,157,306,184">
<area shape="rect" href="$antlr3tokenstream_8c.html#8c5e585cc1b04010189d9ac6f91f8d41" title="dbgRewindStream" alt="" coords="182,208,315,235">
<area shape="rect" href="$antlr3tokenstream_8c.html#2270eaaebb9fda9d7c8d5c66f12c36e3" title="dbgSeek" alt="" coords="211,259,286,285">
<area shape="rect" href="$antlr3tokenstream_8c.html#1a8cbd37efa7393170dfd68c63b467d6" title="As per the normal tokLT but sends information to the debugger." alt="" coords="207,309,290,336">
<area shape="rect" href="$antlr3commontreenodestream_8c.html#758c7f9e34d4c5cc9af1a797c945e2e5" title="consume" alt="" coords="423,5,500,32">
<area shape="rect" href="$antlr3tokenstream_8c.html#7eb43fbdb0d03b01be558a53247ec972" title="Debug only method to flag consumption of initial off&#45;channel tokens in the input..." alt="" coords="363,157,560,184">
<area shape="rect" href="$antlr3tokenstream_8c.html#797f427bfdba8fc5bf09dd4aa2e2d30a" title="Get the ith token from the current position 1." alt="" coords="434,309,490,336">
<area shape="rect" href="$antlr3commontreenodestream_8c.html#c4507475b023b7f2393c5fbe5d080469" title="Walk tree with depth&#45;first&#45;search and fill nodes buffer." alt="" coords="652,259,724,285">
<area shape="rect" href="$antlr3commontreenodestream_8c.html#fd185c37b39ba6acee5c8aeb1e114a87" title="LB" alt="" coords="670,309,707,336">
<area shape="rect" href="$antlr3tokenstream_8c.html#1dd7cfaada47bc6206a16bacba7ca090" title="skipOffTokenChannels" alt="" coords="608,360,768,387">
<area shape="rect" href="$antlr3basetreeadaptor_8c.html#344b47b2135ffa1a7bf782b09974acdd" title="Create and return a nil tree node (no token payload)." alt="" coords="818,259,884,285">
