<area shape="rect" href="$antlr3string_8c.html#200b7c19862c160ede36ca863ad60515" title="antlr3StringFactoryNew" alt="" coords="213,892,379,919">
<area shape="rect" href="$antlr3collections_8c.html#0f20590f5ba34812e48d6cec3e126fd6" title="antlr3VectorNew" alt="" coords="443,373,565,400">
<area shape="rect" href="$antlr3string_8c.html#1b413d5a90212a05ac374d0ecff495ef" title="Fascist Capitalist Pig function created to oppress the workers comrade." alt="" coords="455,588,553,615">
<area shape="rect" href="$antlr3string_8c.html#0a3d4c0f9076e26dbe14693a5946b38e" title="destroy" alt="" coords="471,639,537,665">
<area shape="rect" href="$antlr3string_8c.html#872d78a174c23de5f24960b95f922aa2" title="Creates a new 8 bit string initialized with the 8 bit characters at the supplied..." alt="" coords="468,689,540,716">
<area shape="rect" href="$antlr3string_8c.html#856e50775bd85e98dcf149eb9b500595" title="Creates a new UTF16 string initialized with the 8 bit characters at the supplied..." alt="" coords="444,740,564,767">
<area shape="rect" href="$antlr3string_8c.html#85baa1852ab94dd84fb2b9ac659a5d79" title="Creates a new UTF16 string initialized with the UTF16 characters at the supplied..." alt="" coords="427,791,581,817">
<area shape="rect" href="$antlr3string_8c.html#a4bb69b65c9021096ab73b5b0f4d8228" title="newRaw8" alt="" coords="464,841,544,868">
<area shape="rect" href="$antlr3string_8c.html#93372cb673c5b7bb15a82a1f8148584c" title="newRawUTF16" alt="" coords="447,892,561,919">
<area shape="rect" href="$antlr3string_8c.html#3ec2260d58995feecd5f0a19db44287f" title="Creates a new string with enough capacity for size 8 bit characters plus a terminator..." alt="" coords="464,943,544,969">
<area shape="rect" href="$antlr3string_8c.html#08863f1a26cce775118d73e8eb68fb58" title="Creates a new string with enough capacity for size UTF16 characters plus a terminator..." alt="" coords="447,993,561,1020">
<area shape="rect" href="$antlr3string_8c.html#c42f6b7f61aaaaeef9364a3b6a2f2846" title="Create a new 8 bit string from the supplied, null terminated, 8 bit string pointer..." alt="" coords="468,1044,540,1071">
<area shape="rect" href="$antlr3string_8c.html#66f8bfde4fe2b326ef913ecd54778ebc" title="Create a new UTF16 string from the supplied, null terminated, 8 bit string pointer..." alt="" coords="444,1095,564,1121">
<area shape="rect" href="$antlr3string_8c.html#75021d9242b5c0d9838054726d431f65" title="Create a new UTF16 string from the supplied, null terminated, UTF16 string pointer..." alt="" coords="427,1145,581,1172">
<area shape="rect" href="$antlr3string_8c.html#d2791348557c03f3db05d005ffd12743" title="printable8" alt="" coords="463,1196,545,1223">
<area shape="rect" href="$antlr3string_8c.html#059768cba0dd50049e652615646ff5e1" title="printableUTF16" alt="" coords="447,1247,561,1273">
<area shape="rect" href="$antlr3collections_8c.html#257bb3a732b0aee54f196ea448944d0b" title="antlr3SetVectorApi" alt="" coords="629,233,765,260">
<area shape="rect" href="$antlr3collections_8c.html#b7bfa6d6ae69bd46b3c155d55a7162a1" title="Add the supplied pointer and freeing function pointer to the list, expanding the..." alt="" coords="832,309,952,336">
<area shape="rect" href="$antlr3collections_8c.html#a6d77074d26182876f7cc5269f39dcaf" title="antlr3VectorClear" alt="" coords="828,360,956,387">
<area shape="rect" href="$antlr3collections_8c.html#2f2a279a441ad513caf852f3f5387f1e" title="antlr3VectorDel" alt="" coords="835,411,949,437">
<area shape="rect" href="$antlr3collections_8c.html#cebfdc6cc1b28c406946fa6e72c1f581" title="antlr3VectorFree" alt="" coords="831,5,953,32">
<area shape="rect" href="$antlr3collections_8c.html#62297bdab210e5a852d9c778a48556b8" title="antlr3VectorGet" alt="" coords="833,56,951,83">
<area shape="rect" href="$antlr3collections_8c.html#ea45dc661f9abf012538728ab751962b" title="Replace the element at the specified entry point with the supplied entry." alt="" coords="835,107,949,133">
<area shape="rect" href="$antlr3collections_8c.html#080b1c287eb015e890bfb6d5c20be49c" title="antlr3VectorSize" alt="" coords="831,157,953,184">
<area shape="rect" href="$antlr3collections_8c.html#d8d9537615595fcbf0d5c1fecde4b4d9" title="Replace the element at the specified entry point with the supplied entry." alt="" coords="828,208,956,235">
<area shape="rect" href="$antlr3collections_8c.html#2ac98c6e0465a288734e77595a1b9d13" title="Remove the entry from the vector, but do not free any entry, even if it has a free..." alt="" coords="819,259,965,285">
<area shape="rect" href="$antlr3string_8c.html#d3b8ca592798fba5c5c8f49412b41cd0" title="stringFree" alt="" coords="656,892,739,919">
<area shape="rect" href="$antlr3string_8c.html#a01170a5ff98de91c515b39525546bf8" title="stringInit8" alt="" coords="657,841,737,868">
<area shape="rect" href="$antlr3string_8c.html#6efdb3988c91c1625fc1e513dbd2381f" title="addc8" alt="" coords="863,613,921,640">
<area shape="rect" href="$antlr3string_8c.html#99f0de3dd8dae15e51a979fee09a7550" title="addi8" alt="" coords="864,664,920,691">
<area shape="rect" href="$antlr3string_8c.html#d65552c32e5ede688c3d4c559bcbfc2e" title="append8" alt="" coords="855,715,929,741">
<area shape="rect" href="$antlr3string_8c.html#9e474291b930592b23f204c9aea445b9" title="appendS" alt="" coords="855,1120,929,1147">
<area shape="rect" href="$antlr3string_8c.html#2361b29d5b8ccb77734096015ecb5b34" title="charAt8" alt="" coords="857,765,927,792">
<area shape="rect" href="$antlr3string_8c.html#07a97f063d9d5ece6a2d31162f65ab1d" title="compare8" alt="" coords="851,816,933,843">
<area shape="rect" href="$antlr3string_8c.html#7b553e71c0ec6e7341d16a874f3d3e03" title="compareS" alt="" coords="851,1171,933,1197">
<area shape="rect" href="$antlr3string_8c.html#c11ef61564b7118f409d7b007de39539" title="insert8" alt="" coords="860,867,924,893">
<area shape="rect" href="$antlr3string_8c.html#6eb1160223a89578bf26f52db1eeeb30" title="inserti8" alt="" coords="859,917,925,944">
<area shape="rect" href="$antlr3string_8c.html#5e7a5c9588b8d3212a204df8db52b7bf" title="insertS" alt="" coords="860,1221,924,1248">
<area shape="rect" href="$antlr3string_8c.html#9799b98b40f22e5840c81fcb54004654" title="set8" alt="" coords="868,968,916,995">
<area shape="rect" href="$antlr3string_8c.html#b8310c6f60ff798e4eede26cd56fd013" title="setS" alt="" coords="868,1069,916,1096">
<area shape="rect" href="$antlr3string_8c.html#404651e0761092dbeb7a92722e21c8ae" title="subString8" alt="" coords="848,1019,936,1045">
<area shape="rect" href="$antlr3string_8c.html#fd7f74d184bee81392fed5425eb7e979" title="to8_8" alt="" coords="864,461,920,488">
<area shape="rect" href="$antlr3string_8c.html#8812f0a611d9782d63b0a8689de1c406" title="toInt32_8" alt="" coords="853,512,931,539">
<area shape="rect" href="$antlr3string_8c.html#dfef1f9f0a3fb6a0835ea8ee61545796" title="toUTF8_8" alt="" coords="851,563,933,589">
<area shape="rect" href="$antlr3string_8c.html#7ded3fa05996a62acf3311e45241886e" title="stringInitUTF16" alt="" coords="640,1221,755,1248">
<area shape="rect" href="$antlr3string_8c.html#cc272594b32cd3f1fe32905381153561" title="addcUTF16" alt="" coords="845,1424,939,1451">
<area shape="rect" href="$antlr3string_8c.html#7b64da292edd2dacd2a1e80b105d7316" title="addiUTF16" alt="" coords="848,1272,936,1299">
<area shape="rect" href="$antlr3string_8c.html#fc445c9ae81e13ab7727f5318b470ac3" title="appendUTF16_8" alt="" coords="831,1323,953,1349">
<area shape="rect" href="$antlr3string_8c.html#f70e5b29b3b458d5634bf5ca36c86b89" title="appendUTF16_UTF16" alt="" coords="813,1373,971,1400">
