<area shape="rect" href="$antlr3inputstream_8c.html#936475f338ecaf267e823d6f0d18dede" title="Consume the next character in an 8 bit input stream." alt="" coords="260,5,399,32">
<area shape="rect" href="$antlr3inputstream_8c.html#d7035fd3a5e03b36e8345c4f4e26c052" title="Return the current offset in to the current line in the input stream." alt="" coords="239,56,420,83">
<area shape="rect" href="$antlr3inputstream_8c.html#bf88b8dcce681a516bc8a9cd5ee6f464" title="Return the line number as understood by the 8 bit input stream." alt="" coords="265,107,393,133">
<area shape="rect" href="$antlr3inputstream_8c.html#225dcf11652939cd87ddc0c83f1746d6" title="Return a pointer into the input stream that points at the start of the current input..." alt="" coords="256,157,403,184">
<area shape="rect" href="$antlr3inputstream_8c.html#2b846ce85ffa6c8946eff055623c4c45" title="antlr38BitGetSourceName" alt="" coords="239,208,420,235">
<area shape="rect" href="$antlr3inputstream_8c.html#765587d200e5c1731a9d5df8455989e9" title="Calculate the current index in the output stream." alt="" coords="273,259,385,285">
<area shape="rect" href="$antlr3inputstream_8c.html#16b31f87e5de99b5e918cfe7c97c5dd6" title="Return the input element assuming an 8 bit ascii input." alt="" coords="492,664,588,691">
<area shape="rect" href="$antlr3inputstream_8c.html#8e640f5ffeb38ab974b732a91cfa42cf" title="Return the input element assuming an 8 bit ascii input." alt="" coords="281,360,377,387">
<area shape="rect" href="$antlr3inputstream_8c.html#8f2ae0ebee38726faa951cbd60c4e69c" title="Mark the current input point in an 8Bit 8 bit stream such as a file stream, where..." alt="" coords="275,411,384,437">
<area shape="rect" href="$antlr3inputstream_8c.html#887a6c17e9d9b0b0499089d175315f72" title="Rewind the lexer input to the state specified by the supplied mark." alt="" coords="265,461,393,488">
<area shape="rect" href="$antlr3inputstream_8c.html#dcf187e8cee86344098b17902f96f248" title="Install a new source code in to a working input stream so that the input stream can..." alt="" coords="271,512,388,539">
<area shape="rect" href="$antlr3inputstream_8c.html#eb354b49b688e68e73d41d40d4456ae1" title="Rewind the lexer input to the state specified by the supplied mark." alt="" coords="267,563,392,589">
<area shape="rect" href="$antlr3inputstream_8c.html#636e11028a3c67fc4f8732032f1c5594" title="Rewind the lexer input to the state specified by the supplied mark." alt="" coords="485,512,595,539">
<area shape="rect" href="$antlr3inputstream_8c.html#f9c12d923c65e70aa7062adba58bd174" title="Rewind the lexer input to the state specified by the last produced mark." alt="" coords="255,664,404,691">
<area shape="rect" href="$antlr3inputstream_8c.html#4bde2fc423f8035892f41df8836d0794" title="Set the current offset in the current line to be a particular setting." alt="" coords="240,715,419,741">
<area shape="rect" href="$antlr3inputstream_8c.html#4a030c8d70d913b1782456b4680a390e" title="Set the current line number as understood by the input stream." alt="" coords="267,765,392,792">
<area shape="rect" href="$antlr3inputstream_8c.html#2eb393182cf8d6ec2e866d5b06f49114" title="Set the newline trigger character in the input stream to the supplied parameter." alt="" coords="239,816,420,843">
<area shape="rect" href="$antlr3inputstream_8c.html#d1fdce45accb7a2561ffcab949334ce1" title="antlr38BitSetUcaseLA" alt="" coords="252,867,407,893">
<area shape="rect" href="$antlr3inputstream_8c.html#510e45b4cf4f2f666735f8a700ff61a4" title="Return the size of the current input stream, as an 8Bit file which in this case is..." alt="" coords="276,917,383,944">
<area shape="rect" href="$antlr3inputstream_8c.html#46e8e850e62f55d878449b09e378a0f6" title="Return a substring of the 8 bit input stream in newly allocated memory." alt="" coords="269,968,389,995">
<area shape="rect" href="$antlr3inputstream_8c.html#2071f06b671bc50c37c323b9e9f66a8f" title="Close down an input stream and free any memory allocated by it." alt="" coords="269,1019,389,1045">
<area shape="rect" href="$antlr3inputstream_8c.html#6db084bb0d49cec0847c2e31396bb550" title="Reset a re&#45;startable input stream to the start." alt="" coords="269,1069,389,1096">
<area shape="rect" href="$group__p_a_n_t_l_r3___i_n_t___s_t_r_e_a_m.html#g58e4ce6e808a830c69cc73f3db040ae4" title="antlr3IntStreamNew" alt="" coords="259,1120,400,1147">
<area shape="rect" href="$antlr3inputstream_8c.html#da3d3e86d38885477a1a306fe3c63c7f" title="Return the input element assuming an 8 bit input and always return the UPPER CASE..." alt="" coords="471,867,609,893">
<area shape="rect" href="$antlr3collections_8c.html#0f20590f5ba34812e48d6cec3e126fd6" title="antlr3VectorNew" alt="" coords="479,1069,601,1096">
<area shape="rect" href="$antlr3collections_8c.html#257bb3a732b0aee54f196ea448944d0b" title="antlr3SetVectorApi" alt="" coords="659,1069,795,1096">
<area shape="rect" href="$antlr3collections_8c.html#b7bfa6d6ae69bd46b3c155d55a7162a1" title="Add the supplied pointer and freeing function pointer to the list, expanding the..." alt="" coords="856,1120,976,1147">
<area shape="rect" href="$antlr3collections_8c.html#a6d77074d26182876f7cc5269f39dcaf" title="antlr3VectorClear" alt="" coords="852,917,980,944">
<area shape="rect" href="$antlr3collections_8c.html#2f2a279a441ad513caf852f3f5387f1e" title="antlr3VectorDel" alt="" coords="859,968,973,995">
<area shape="rect" href="$antlr3collections_8c.html#cebfdc6cc1b28c406946fa6e72c1f581" title="antlr3VectorFree" alt="" coords="855,1019,977,1045">
<area shape="rect" href="$antlr3collections_8c.html#62297bdab210e5a852d9c778a48556b8" title="antlr3VectorGet" alt="" coords="857,1069,975,1096">
<area shape="rect" href="$antlr3collections_8c.html#ea45dc661f9abf012538728ab751962b" title="Replace the element at the specified entry point with the supplied entry." alt="" coords="859,867,973,893">
<area shape="rect" href="$antlr3collections_8c.html#080b1c287eb015e890bfb6d5c20be49c" title="antlr3VectorSize" alt="" coords="855,1171,977,1197">
<area shape="rect" href="$antlr3collections_8c.html#d8d9537615595fcbf0d5c1fecde4b4d9" title="Replace the element at the specified entry point with the supplied entry." alt="" coords="852,1221,980,1248">
<area shape="rect" href="$antlr3collections_8c.html#2ac98c6e0465a288734e77595a1b9d13" title="Remove the entry from the vector, but do not free any entry, even if it has a free..." alt="" coords="843,1272,989,1299">
<area shape="rect" href="$antlr3collections_8c.html#c0149859fb053a93f46163e0ee568b7f" title="antlr3VectorResize" alt="" coords="1039,993,1175,1020">
<area shape="rect" href="$group__p_a_n_t_l_r3___i_n_t___s_t_r_e_a_m.html#gb9e98efaa7265d8af43f81feefeb6579" title="freeStream" alt="" coords="496,1120,584,1147">
