<area shape="rect" href="$antlr3defs_8h.html#bcb5a3710a7bffcf7fe3e133a4838133" title="Creates an enumeration structure to traverse the hash table." alt="" coords="375,31,492,57">
<area shape="rect" href="$antlr3collections_8c.html#691a8aa16bc41bc97f89d0cd902c31f5" title="Return the next entry in the hashtable being traversed by the supplied enumeration..." alt="" coords="206,56,326,83">
<area shape="rect" href="$antlr3defs_8h.html#4952080b270043b249ba24ebfb5dd531" title="antlr3BitsetList" alt="" coords="542,31,654,57">
<area shape="rect" href="$antlr3tokenstream_8c.html#e2ed59b6cc8b4e577a8387440be6f844" title="getTokensList" alt="" coords="702,31,808,57">
<area shape="rect" href="$antlr3defs_8h.html#b8426bed8df754240d19d2ee37edee70" title="antlr3CommonTokenStreamNew" alt="" coords="858,31,1076,57">
<area shape="rect" href="$antlr3defs_8h.html#d4ef5baa73e1fdd0f0c2fc4cce4277cb" title="antlr3CommonTokenStreamSourceNew" alt="" coords="1127,31,1388,57">
<area shape="rect" href="$antlr3defs_8h.html#da21cf0d75ef83806a60990556d86fe0" title="antlr3CommonTokenDebugStreamSourceNew" alt="" coords="1439,31,1740,57">
