<area shape="rect" href="$antlr3bitset_8c.html" title="Contains the C implementation of ANTLR3 bitsets as adapted from Terence Parr&#39;s..." alt="" coords="1132,80,1252,107">
<area shape="rect" href="$antlr3_8h.html" title="include/antlr3.h" alt="" coords="1032,752,1147,779">
<area shape="rect" href="$antlr3collections_8h.html" title="include/antlr3collections.h" alt="" coords="1276,80,1455,107">
<area shape="rect" href="$antlr3tokenstream_8h.html" title="Defines the interface for an ANTLR3 common token stream." alt="" coords="1486,528,1675,555">
<area shape="rect" href="$antlr3collections_8c.html" title="Provides a number of useful functions that are roughly equivalent to java HashTable..." alt="" coords="1642,827,1794,854">
<area shape="rect" href="$antlr3commontoken_8c.html" title="src/antlr3commontoken.c" alt="" coords="1274,827,1447,854">
<area shape="rect" href="$antlr3debughandlers_8c.html" title="Provides the debugging functions invoked by a recognizer built using the debug generator..." alt="" coords="724,827,903,854">
<area shape="rect" href="$antlr3encodings_8c.html" title="src/antlr3encodings.c" alt="" coords="927,827,1079,854">
<area shape="rect" href="$antlr3filestream_8c.html" title="The ANTLR3 C filestream is used when the source character stream is a filesystem..." alt="" coords="1103,827,1250,854">
<area shape="rect" href="$antlr3basetree_8h.html" title="Definition of the ANTLR3 base tree." alt="" coords="442,230,610,256">
<area shape="rect" href="$antlr3basetreeadaptor_8h.html" title="Definition of the ANTLR3 base tree adaptor." alt="" coords="266,379,479,406">
<area shape="rect" href="$antlr3commontreeadaptor_8h.html" title="Definition of the ANTLR3 common tree adaptor." alt="" coords="547,454,784,480">
<area shape="rect" href="$antlr3commontreenodestream_8h.html" title="Definition of the ANTLR3 common tree node stream." alt="" coords="748,528,1010,555">
<area shape="rect" href="$antlr3rewritestreams_8h.html" title="include/antlr3rewritestreams.h" alt="" coords="6,678,211,704">
<area shape="rect" href="$antlr3string_8h.html" title="Simple string interface allows indiscriminate allocation of strings such that they..." alt="" coords="1038,155,1187,182">
<area shape="rect" href="$antlr3basetree_8c.html" title="src/antlr3basetree.c" alt="" coords="184,304,326,331">
<area shape="rect" href="$antlr3commontree_8h.html" title="include/antlr3commontree.h" alt="" coords="835,379,1024,406">
<area shape="rect" href="$antlr3debugeventlistener_8h.html" title="The definition of all debugging events that a recognizer can trigger." alt="" coords="648,304,878,331">
<area shape="rect" href="$antlr3parsetree_8h.html" title="Abstraction of Common tree to provide payload and string representation of node." alt="" coords="350,304,523,331">
<area shape="rect" href="$antlr3basetreeadaptor_8c.html" title="Contains the base functions that all tree adaptors start with." alt="" coords="286,454,472,480">
<area shape="rect" href="$antlr3commontreeadaptor_8c.html" title="This is the standard tree adaptor used by the C runtime unless the grammar source..." alt="" coords="463,528,674,555">
<area shape="rect" href="$antlr3commontreenodestream_8c.html" title="Defines the implementation of the common node stream the default tree node stream..." alt="" coords="747,603,984,630">
<area shape="rect" href="$antlr3baserecognizer_8h.html" title="Defines the basic structure to support recognizing by either a lexer, parser, or..." alt="" coords="1059,603,1267,630">
<area shape="rect" href="$antlr3treeparser_8h.html" title="include/antlr3treeparser.h" alt="" coords="586,678,762,704">
<area shape="rect" href="$antlr3baserecognizer_8c.html" title="Contains the base functions that all recognizers require." alt="" coords="887,678,1068,704">
<area shape="rect" href="$antlr3cyclicdfa_8h.html" title="include/antlr3cyclicdfa.h" alt="" coords="1092,678,1260,704">
<area shape="rect" href="$antlr3lexer_8h.html" title="Base interface for any ANTLR3 lexer." alt="" coords="1514,678,1658,704">
<area shape="rect" href="$antlr3parser_8h.html" title="Base implementation of an ANTLR3 parser." alt="" coords="1284,678,1439,704">
<area shape="rect" href="$antlr3cyclicdfa_8c.html" title="src/antlr3cyclicdfa.c" alt="" coords="1171,752,1312,779">
<area shape="rect" href="$antlr3lexer_8c.html" title="Base implementation of an antlr 3 lexer." alt="" coords="1527,752,1644,779">
<area shape="rect" href="$antlr3parser_8c.html" title="Implementation of the base functionality for an ANTLR3 parser." alt="" coords="1336,752,1464,779">
<area shape="rect" href="$antlr3rewritestreams_8c.html" title="Implementation of token/tree streams that are used by the tree re&#45;write rules to..." alt="" coords="19,752,198,779">
<area shape="rect" href="$antlr3treeparser_8c.html" title="Implementation of the tree parser and overrides for the base recognizer." alt="" coords="598,752,750,779">
<area shape="rect" href="$antlr3commontree_8c.html" title="src/antlr3commontree.c" alt="" coords="859,454,1024,480">
<area shape="rect" href="$antlr3tokenstream_8c.html" title="Default implementation of CommonTokenStream." alt="" coords="1536,603,1699,630">
<area shape="rect" href="$antlr3string_8c.html" title="Implementation of the ANTLR3 string and string factory classes." alt="" coords="952,230,1075,256">
<area shape="rect" href="$antlr3input_8h.html" title="Defines the basic structures used to manipulate character streams from any input..." alt="" coords="1251,454,1395,480">
<area shape="rect" href="$antlr3inputstream_8c.html" title="Base functions to initialize and manipulate any input stream." alt="" coords="1251,528,1411,555">
