<area shape="rect" href="$antlr3basetree_8c.html#b5c4b9d608ad720b8399a1a52e380184" title="addChild" alt="" coords="267,5,341,32">
<area shape="rect" href="$antlr3basetreeadaptor_8c.html#97a0d566a6ba11f71ee85d69ab6f7927" title="If oldRoot is a nil root, just copy or move the children to newRoot." alt="" coords="255,56,353,83">
<area shape="rect" href="$group__p_a_n_t_l_r3___b_a_s_e___r_e_c_o_g_n_i_z_e_r.html#g1817b0f3b6af542c3536371040dc58ac" title="beginBacktrack" alt="" coords="247,107,361,133">
<area shape="rect" href="$group__p_a_n_t_l_r3___b_a_s_e___r_e_c_o_g_n_i_z_e_r.html#gfa6c2298edaa647a41c8958da95e52a3" title="beginResync" alt="" coords="255,157,353,184">
<area shape="rect" href="$antlr3debughandlers_8c.html#bc73caa40eabd73bb82880d6f906f10b" title="commence" alt="" coords="260,208,348,235">
<area shape="rect" href="$antlr3debughandlers_8c.html#580621a4e593d986a47515333cb16c0a" title="consumeHiddenToken" alt="" coords="225,259,383,285">
<area shape="rect" href="$antlr3debughandlers_8c.html#7d7160911e2531bd273c9efa7213c027" title="consumeNode" alt="" coords="249,765,359,792">
<area shape="rect" href="$antlr3debughandlers_8c.html#c502d5d9111ee5bcdf279e0769477c37" title="consumeToken" alt="" coords="247,309,361,336">
<area shape="rect" href="$antlr3debughandlers_8c.html#3891551e6c2c9f2a504f00295305277d" title="createNode" alt="" coords="259,816,349,843">
<area shape="rect" href="$antlr3debughandlers_8c.html#23c40cb2339e2dc3d1f6481b16dbc961" title="createNodeTok" alt="" coords="247,867,361,893">
<area shape="rect" href="$group__p_a_n_t_l_r3___b_a_s_e___r_e_c_o_g_n_i_z_e_r.html#g7258d67140b160ff9da909d067d402d0" title="endBacktrack" alt="" coords="252,917,356,944">
<area shape="rect" href="$group__p_a_n_t_l_r3___b_a_s_e___r_e_c_o_g_n_i_z_e_r.html#g76e55e0ccbc6262c398dbc0d7ef2e2e2" title="endResync" alt="" coords="260,968,348,995">
<area shape="rect" href="$antlr3debughandlers_8c.html#6e49197d7b64f1b1f1be33f7844a3c5c" title="enterAlt" alt="" coords="269,613,339,640">
<area shape="rect" href="$antlr3debughandlers_8c.html#2c0cfeb0a2309dca19d88dd5fbe1312a" title="enterDecision" alt="" coords="252,664,356,691">
<area shape="rect" href="$antlr3debughandlers_8c.html#2c873b812261905eca65fa9dde9a2d85" title="enterRule" alt="" coords="264,360,344,387">
<area shape="rect" href="$antlr3debughandlers_8c.html#1ab044c45bfdf65657d3aae34e5b06b5" title="enterSubRule" alt="" coords="252,411,356,437">
<area shape="rect" href="$antlr3commontreeadaptor_8c.html#f5ce1e4012c15d828a8cb33f55049977" title="errorNode" alt="" coords="263,1019,345,1045">
<area shape="rect" href="$antlr3debughandlers_8c.html#1db829a0e98b987c2cec67ef0f5911c8" title="exitDecision" alt="" coords="256,461,352,488">
<area shape="rect" href="$antlr3debughandlers_8c.html#9ef770213a042fb04c8b14d02837147c" title="exitRule" alt="" coords="269,512,339,539">
<area shape="rect" href="$antlr3debughandlers_8c.html#07d5c5c0dfcdb4692f15d37030531cfd" title="exitSubRule" alt="" coords="257,563,351,589">
<area shape="rect" href="$antlr3debughandlers_8c.html#d7a231e6698f698f30782c71d7f120f6" title="handshake" alt="" coords="467,537,555,564">
<area shape="rect" href="$antlr3debughandlers_8c.html#67cda4a6129b784edf615e7ec8b484e7" title="location" alt="" coords="269,1069,339,1096">
<area shape="rect" href="$antlr3debughandlers_8c.html#1e00f0d3b36741069d450192175ba89a" title="LT" alt="" coords="285,1120,323,1147">
<area shape="rect" href="$antlr3debughandlers_8c.html#88cf5bf33f7911d6bdfbbf25602c34c4" title="LTT" alt="" coords="281,1171,327,1197">
<area shape="rect" href="$antlr3commontreenodestream_8c.html#0ddd24ffd4326d1375a3314e6a5040a1" title="mark" alt="" coords="279,1221,329,1248">
<area shape="rect" href="$antlr3basetreeadaptor_8c.html#344b47b2135ffa1a7bf782b09974acdd" title="Create and return a nil tree node (no token payload)." alt="" coords="271,1272,337,1299">
<area shape="rect" href="$antlr3debughandlers_8c.html#ecad476d555d35eb33437a5760e2ffbd" title="recognitionException" alt="" coords="229,1323,379,1349">
<area shape="rect" href="$antlr3commontreenodestream_8c.html#3a89fd12233870c26e783aa5018a0fb3" title="rewindLast" alt="" coords="260,1373,348,1400">
<area shape="rect" href="$antlr3commontreenodestream_8c.html#246395a9d414282181e484e49769c822" title="rewindMark" alt="" coords="257,1424,351,1451">
<area shape="rect" href="$antlr3debughandlers_8c.html#c3a48c7d3bd09ed3a8aed8e2e3c6d030" title="semanticPredicate" alt="" coords="237,1475,371,1501">
<area shape="rect" href="$antlr3commontreeadaptor_8c.html#50fb27455e727f2eb2b780c47cb26bd4" title="Track start/stop token for subtree root created for a rule." alt="" coords="231,1525,377,1552">
<area shape="rect" href="$antlr3debughandlers_8c.html#ead6447c3fa1762b5f27013229b1f77a" title="terminate" alt="" coords="265,1576,343,1603">
<area shape="rect" href="$antlr3basetree_8c.html#c54a81caba8c32a06594a05fcf7dc43c" title="Set the parent and child indexes for all children of the supplied tree." alt="" coords="432,5,589,32">
<area shape="rect" href="$antlr3debughandlers_8c.html#98582e5bfbfe53c50aa729f8798af780" title="serializeToken" alt="" coords="456,284,565,311">
<area shape="rect" href="$antlr3debughandlers_8c.html#2dbcad7f611c518cd3359dd294ef263a" title="transmit" alt="" coords="476,487,545,513">
<area shape="rect" href="$antlr3debughandlers_8c.html#3eef8b77024d49f20b36d1221045dc11" title="serializeText" alt="" coords="637,284,736,311">
<area shape="rect" href="$antlr3debughandlers_8c.html#4126f5b39dad904614e6a2f126e90c52" title="ack" alt="" coords="665,537,708,564">
<area shape="rect" href="$antlr3debughandlers_8c.html#cb222bcf138494b18754041f5a7abb5b" title="sockSend" alt="" coords="647,487,727,513">
