<area shape="rect" href="$antlr3commontreenodestream_8c.html#dd9884870fc81679730a126a0b0ab2d1" title="_LA" alt="" coords="396,475,441,501">
<area shape="rect" href="$antlr3commontreenodestream_8c.html#70c976c5e35cc44607db484c9644fe00" title="_LT" alt="" coords="396,525,441,552">
<area shape="rect" href="$antlr3commontreenodestream_8c.html#7bc75a78609705ded62d1aad66f2cd12" title="addNavigationNode" alt="" coords="348,576,489,603">
<area shape="rect" href="$antlr3commontreeadaptor_8c.html#8354d855e26d4417b311740c64b9f0e3" title="Create a new tree adaptor." alt="" coords="311,627,527,653">
<area shape="rect" href="$antlr3commontree_8c.html#bc4461044e5277193e2597fb79f1829a" title="antlr3SetCTAPI" alt="" coords="820,804,935,831">
<area shape="rect" href="$antlr3commontoken_8c.html#c98555d67ba2799ecbabc4a41d6d3258" title="toString" alt="" coords="1011,976,1080,1003">
<area shape="rect" href="$antlr3collections_8c.html#cd2d302cb08802568e25ca38c6dab300" title="antlr3StackNew" alt="" coords="819,1159,936,1185">
<area shape="rect" href="$antlr3collections_8c.html#0f20590f5ba34812e48d6cec3e126fd6" title="antlr3VectorNew" alt="" coords="984,1133,1107,1160">
<area shape="rect" href="$antlr3commontoken_8c.html#1f426fcabe3912f948b34bf51f9f6ee7" title="antlr3CommonTokenNew" alt="" coords="331,1260,507,1287">
<area shape="rect" href="$antlr3commontreenodestream_8c.html#bf1a2bd3b1d9a95b0ee1dd393790c07c" title="Free up any resources that belong to this common tree node stream." alt="" coords="297,1311,540,1337">
<area shape="rect" href="$group__p_a_n_t_l_r3___i_n_t___s_t_r_e_a_m.html#g58e4ce6e808a830c69cc73f3db040ae4" title="antlr3IntStreamNew" alt="" coords="348,1361,489,1388">
<area shape="rect" href="$antlr3commontreenodestream_8c.html#6f3f769210dce6db5bc8569d752a3097" title="antlr3TreeNodeStreamNew" alt="" coords="325,1412,512,1439">
<area shape="rect" href="$antlr3commontreenodestream_8c.html#758c7f9e34d4c5cc9af1a797c945e2e5" title="consume" alt="" coords="380,1463,457,1489">
<area shape="rect" href="$antlr3commontreenodestream_8c.html#945f466444fa107b012e7edd4d0f1fae" title="getTreeAdaptor" alt="" coords="361,1513,476,1540">
<area shape="rect" href="$antlr3commontreenodestream_8c.html#fea6caf6a24604118bba8acf095a01d0" title="getTreeSource" alt="" coords="363,1564,475,1591">
<area shape="rect" href="$antlr3commontreenodestream_8c.html#c7ed78ef2529a10272cd3aed70fbf10a" title="hasUniqueNavigationNodes" alt="" coords="323,1615,515,1641">
<area shape="rect" href="$antlr3commontreenodestream_8c.html#0ddd24ffd4326d1375a3314e6a5040a1" title="mark" alt="" coords="393,1665,444,1692">
<area shape="rect" href="$antlr3commontreenodestream_8c.html#404d1d946e8d99139eb862d7c571e9dc" title="newDownNode" alt="" coords="363,1716,475,1743">
<area shape="rect" href="$antlr3commontreenodestream_8c.html#ba2a1070fb666dd0aa01b84610ee41eb" title="newUpNode" alt="" coords="371,1767,467,1793">
<area shape="rect" href="$antlr3commontreenodestream_8c.html#30352661d40ba08608232aca6549fe51" title="pop" alt="" coords="397,1817,440,1844">
<area shape="rect" href="$antlr3commontreenodestream_8c.html#f9004abadebd39a3a650d71101b6df94" title="push" alt="" coords="393,1868,444,1895">
<area shape="rect" href="$antlr3commontreenodestream_8c.html#3d78ea41b70b3f17bbf8ace723950dbf" title="release" alt="" coords="385,1919,452,1945">
<area shape="rect" href="$group__p_a_n_t_l_r3___b_a_s_e___r_e_c_o_g_n_i_z_e_r.html#g3bbbf4338658f30c5b039e933232c988" title="reset" alt="" coords="655,1209,705,1236">
<area shape="rect" href="$antlr3commontreenodestream_8c.html#3a89fd12233870c26e783aa5018a0fb3" title="rewindLast" alt="" coords="375,1969,463,1996">
<area shape="rect" href="$antlr3commontreenodestream_8c.html#246395a9d414282181e484e49769c822" title="rewindMark" alt="" coords="372,2020,465,2047">
<area shape="rect" href="$antlr3commontreenodestream_8c.html#b83c14bd6b800935fa2459f48e500d22" title="seek" alt="" coords="393,2071,444,2097">
<area shape="rect" href="$antlr3commontreenodestream_8c.html#189ea71e50d2c420069bd06039de3554" title="setUniqueNavigationNodes" alt="" coords="325,2121,512,2148">
<area shape="rect" href="$antlr3commontreenodestream_8c.html#7d68f5af32504d0af4c13a4c9d33726d" title="size" alt="" coords="396,2172,441,2199">
<area shape="rect" href="$antlr3commontreenodestream_8c.html#3e61cdd923ffb6550b1389eb8329cc4c" title="tindex" alt="" coords="389,2223,448,2249">
<area shape="rect" href="$antlr3commontreenodestream_8c.html#c653ea52d4748c1662025370105f92d9" title="toStringSS" alt="" coords="375,2273,463,2300">
<area shape="rect" href="$antlr3commontreenodestream_8c.html#b1d649516ec34b059ed33854308ca998" title="toStringWork" alt="" coords="368,2324,469,2351">
<area shape="rect" href="$antlr3commontree_8c.html#8b60bd53c327392b76ae0342cbbc557f" title="antlr3ArboretumNew" alt="" coords="607,1007,753,1033">
<area shape="rect" href="$antlr3commontree_8c.html#00872fc95025076f2ce0a1665d144a4b" title="dupNode" alt="" coords="1007,652,1084,679">
<area shape="rect" href="$antlr3commontree_8c.html#77d4c513c62084ce93910b7698a240c2" title="getChildIndex" alt="" coords="993,843,1097,869">
<area shape="rect" href="$antlr3commontree_8c.html#42e0f21c4d7025ecfe829c345c8919b0" title="getParent" alt="" coords="1005,779,1085,805">
<area shape="rect" href="$antlr3basetreeadaptor_8c.html#e87582e8774b76849cb729d32d4406f4" title="Dummy implementation &#45; will be supplied by super class." alt="" coords="1012,348,1079,375">
<area shape="rect" href="$antlr3basetreeadaptor_8c.html#f002bbd918744c2e414a5fa6f352b491" title="Dummy implementation &#45; will be supplied by super class." alt="" coords="1011,500,1080,527">
<area shape="rect" href="$antlr3basetreeadaptor_8c.html#b5dc1c0ae38a18b0ff73a2989fe796de" title="Given a pointer to a base tree adaptor structure (which is usually embedded in the..." alt="" coords="589,399,771,425">
<area shape="rect" href="$antlr3basetree_8c.html#653403930487771915e20fe6facda94f" title="getChild" alt="" coords="841,297,913,324">
<area shape="rect" href="$antlr3basetree_8c.html#b9974077da69e8911ff64c3518a05ca7" title="getChildCount" alt="" coords="824,449,931,476">
<area shape="rect" href="$antlr3commontoken_8c.html#3e0e53093c8170217cb4bee33c2714c9" title="antlr3TokenFactoryNew" alt="" coords="597,601,763,628">
<area shape="rect" href="$antlr3commontreeadaptor_8c.html#398e5bf0ead99ae05bddd2176b3349b3" title="create" alt="" coords="651,652,709,679">
<area shape="rect" href="$antlr3commontreeadaptor_8c.html#66ba1309bf5560155b44f361cab4898e" title="Tell me how to create a token for use with imaginary token nodes." alt="" coords="632,703,728,729">
<area shape="rect" href="$antlr3commontreeadaptor_8c.html#359e4d8f1cb4b8e5f3c37aefe005223f" title="Tell me how to create a token for use with imaginary token nodes." alt="" coords="596,804,764,831">
<area shape="rect" href="$antlr3commontreeadaptor_8c.html#abc8fbfc219592f80d83bc77203e0e4d" title="ctaFree" alt="" coords="647,905,713,932">
<area shape="rect" href="$antlr3basetree_8c.html#bade5e407a76ff80f5a9a99e79d94417" title="deleteChild" alt="" coords="635,145,725,172">
<area shape="rect" href="$antlr3commontreeadaptor_8c.html#f5ce1e4012c15d828a8cb33f55049977" title="errorNode" alt="" coords="639,196,721,223">
<area shape="rect" href="$antlr3commontreeadaptor_8c.html#81bf79c8536e6f8c23539c309c6158ea" title="getTokenStartIndex" alt="" coords="611,247,749,273">
<area shape="rect" href="$antlr3commontreeadaptor_8c.html#fbe839fd5e6992542cb491dadbbf251d" title="getTokenStopIndex" alt="" coords="611,297,749,324">
