<area shape="rect" href="$antlr3basetree_8c.html#b5c4b9d608ad720b8399a1a52e380184" title="addChild" alt="" coords="287,6,361,32">
<area shape="rect" href="$antlr3basetreeadaptor_8c.html#ceac3ba51393f9bce97e1c17669342be" title="Use the adaptor implementation to add a child node with the supplied token." alt="" coords="267,56,381,83">
<area shape="rect" href="$antlr3basetreeadaptor_8c.html#97a0d566a6ba11f71ee85d69ab6f7927" title="If oldRoot is a nil root, just copy or move the children to newRoot." alt="" coords="501,158,600,184">
<area shape="rect" href="$antlr3basetreeadaptor_8c.html#e73a3e0d74bb271fad3c42d0d323df54" title="Use the adaptor interface to set a new tree node with the supplied token to the root..." alt="" coords="256,158,392,184">
<area shape="rect" href="$antlr3basetreeadaptor_8c.html#f8ff91c495003b9bee418b1d423d7576" title="createTypeText" alt="" coords="493,284,608,311">
<area shape="rect" href="$antlr3basetreeadaptor_8c.html#9bc65920a0e354a35a8d7c0e09fbda0d" title="Use the super class supplied create() method to create a new node from the supplied..." alt="" coords="487,551,615,578">
<area shape="rect" href="$antlr3basetreeadaptor_8c.html#f3645fac5433a51cd8b0f1e896f1b3ad" title="createTypeTokenText" alt="" coords="475,627,627,654">
<area shape="rect" href="$antlr3basetreeadaptor_8c.html#e1348618c320c682fc6e265aab8789dc" title="dbgAddChild" alt="" coords="275,360,373,387">
<area shape="rect" href="$antlr3basetreeadaptor_8c.html#7c2584a057b07d685330ad9a2f59bcd9" title="dbgAddChildToken" alt="" coords="255,411,393,438">
<area shape="rect" href="$antlr3basetreeadaptor_8c.html#c9423f24c029241373e8f801c8ef17a8" title="dbgBecomeRoot" alt="" coords="263,208,385,235">
<area shape="rect" href="$antlr3basetreeadaptor_8c.html#f0aa264a96e37422f76ddbe79a2974ec" title="dbgBecomeRootToken" alt="" coords="244,512,404,539">
<area shape="rect" href="$antlr3basetreeadaptor_8c.html#54ef34baecbb506d729737a10e085a2b" title="dbgCreateTypeText" alt="" coords="253,259,395,286">
<area shape="rect" href="$antlr3basetreeadaptor_8c.html#de3f423751df8bf2ff1220f28d0e8024" title="dbgCreateTypeToken" alt="" coords="248,563,400,590">
<area shape="rect" href="$antlr3basetreeadaptor_8c.html#8000a63bd867ae071e245898e5cffe6a" title="dbgCreateTypeTokenText" alt="" coords="235,614,413,640">
<area shape="rect" href="$antlr3basetreeadaptor_8c.html#0981f70c15b8b271e3c363a8699bb481" title="dbgDupTree" alt="" coords="276,715,372,742">
<area shape="rect" href="$antlr3basetreeadaptor_8c.html#c8069264350003ce526ead333595104d" title="dbgNil" alt="" coords="295,766,353,792">
<area shape="rect" href="$antlr3basetree_8c.html#968076e57330da2c02dc905d1e470a15" title="dupTree" alt="" coords="288,816,360,843">
<area shape="rect" href="$antlr3basetreeadaptor_8c.html#25945c6ce7b97b7d607c3f1e12f3e3c1" title="dupTreeTT" alt="" coords="280,867,368,894">
<area shape="rect" href="$antlr3basetree_8c.html#653403930487771915e20fe6facda94f" title="getChild" alt="" coords="288,918,360,944">
<area shape="rect" href="$antlr3basetree_8c.html#b9974077da69e8911ff64c3518a05ca7" title="getChildCount" alt="" coords="271,968,377,995">
<area shape="rect" href="$antlr3basetreeadaptor_8c.html#e87582e8774b76849cb729d32d4406f4" title="Dummy implementation &#45; will be supplied by super class." alt="" coords="291,1019,357,1046">
<area shape="rect" href="$antlr3basetreeadaptor_8c.html#f002bbd918744c2e414a5fa6f352b491" title="Dummy implementation &#45; will be supplied by super class." alt="" coords="289,1070,359,1096">
<area shape="rect" href="$antlr3basetreeadaptor_8c.html#06edbfe2d9550e476db79bdf05c1fe3f" title="Returns a uniqueID for the node." alt="" coords="276,1120,372,1147">
<area shape="rect" href="$antlr3basetreeadaptor_8c.html#abc643f85eadb890a10cb3ca001f9330" title="isNilNode" alt="" coords="284,1171,364,1198">
<area shape="rect" href="$antlr3basetreeadaptor_8c.html#93b7d2e44a449abd5a4da7763a39c7f3" title="Produce a DOT specification for graphviz." alt="" coords="287,1222,361,1248">
<area shape="rect" href="$antlr3basetreeadaptor_8c.html#344b47b2135ffa1a7bf782b09974acdd" title="Create and return a nil tree node (no token payload)." alt="" coords="291,1272,357,1299">
<area shape="rect" href="$antlr3basetreeadaptor_8c.html#6325ffb34cbee6bf9af5feb10976c5e3" title="Transform ^(nil x) to x." alt="" coords="255,1323,393,1350">
<area shape="rect" href="$antlr3basetreeadaptor_8c.html#30e52a5c4458170f79744c4c39a39f84" title="Dummy implementation &#45; will be supplied by super class." alt="" coords="291,1374,357,1400">
<area shape="rect" href="$antlr3basetreeadaptor_8c.html#b2212e3297a9b90372007ccb0beee599" title="Dummy implementation &#45; will be supplied by super class." alt="" coords="287,1424,361,1451">
<area shape="rect" href="$antlr3basetreeadaptor_8c.html#e72be9cdf2c5ce04a5f81b4fe6eed6ee" title="Dummy implementation &#45; will be supplied by super class." alt="" coords="289,1475,359,1502">
<area shape="rect" href="$antlr3basetree_8c.html#c54a81caba8c32a06594a05fcf7dc43c" title="Set the parent and child indexes for all children of the supplied tree." alt="" coords="472,6,629,32">
<area shape="rect" href="$antlr3basetreeadaptor_8c.html#d49f36b52611f0491583328b7c64b990" title="Sends the required debugging events for duplicating a tree to the debugger." alt="" coords="461,715,640,742">
<area shape="rect" href="$antlr3basetreeadaptor_8c.html#b1755df0310518fbd12dcedb88c7ac45" title="defineDotEdges" alt="" coords="492,1196,609,1223">
<area shape="rect" href="$antlr3basetreeadaptor_8c.html#469e8df43c8bb228c206a6bd19f22e3b" title="defineDotNodes" alt="" coords="491,1247,611,1274">
