<area shape="rect" href="$antlr3collections_8c.html#3ebf80a2d49c150bb4cec09b1f1a8de8" title="Add an entry into the INT trie." alt="" coords="178,5,263,32">
<area shape="rect" href="$antlr3collections_8c.html#fc8005cf1d48920a919f0eccfb790c08" title="intTrieDel" alt="" coords="180,56,260,83">
<area shape="rect" href="$antlr3collections_8c.html#dd96e44fde4b254561351ced62e40610" title="Called to free all nodes and the structure itself." alt="" coords="176,157,264,184">
<area shape="rect" href="$antlr3collections_8c.html#b9ae9a1625b433fdbb1a143db4a6e96b" title="Search the int Trie and return a pointer to the first bucket indexed by the key if..." alt="" coords="179,107,262,133">
<area shape="rect" href="$antlr3rewritestreams_8c.html#8af2b03358a5b6485d1218e0922d909d" title="Treat next element as a single node even if it&#39;s a subtree." alt="" coords="319,56,399,83">
<area shape="rect" href="$antlr3collections_8c.html#e82482b65854afcf24283347aa936bd3" title="Release memory allocated to this tree." alt="" coords="312,157,406,184">
