<area shape="rect" href="$antlr3collections_8c.html#74d5edf4b361d93fa9e5522075f33bbd" title="addEdge" alt="" coords="179,183,254,209">
<area shape="rect" href="$antlr3collections_8c.html#e3e60b66b90f24559ffbc809117636af" title="freeTopo" alt="" coords="179,284,254,311">
<area shape="rect" href="$antlr3collections_8c.html#5bd3858582229ea93e345c28dbac8ac4" title="sortToArray" alt="" coords="170,233,263,260">
<area shape="rect" href="$antlr3collections_8c.html#f15db2a3e4cceb56b682b3ea0de1633e" title="sortVector" alt="" coords="175,335,258,361">
<area shape="rect" href="$antlr3bitset_8c.html#4179c82d3761a00b268461756c59222a" title="antlr3BitsetNew" alt="" coords="312,183,430,209">
<area shape="rect" href="$antlr3bitset_8c.html#6228fd1eed1beb76cb7e880003b15fdc" title="antlr3BitsetSetAPI" alt="" coords="479,335,610,361">
<area shape="rect" href="$antlr3bitset_8c.html#3981f36e2036577bc4532c4f3216cc8b" title="antlr3BitsetAdd" alt="" coords="674,309,788,336">
<area shape="rect" href="$antlr3bitset_8c.html#27d5998204727b78f3ab89c31d2beacf" title="antlr3BitsetClone" alt="" coords="867,132,992,159">
<area shape="rect" href="$antlr3bitset_8c.html#61fa5f4035fcc2a735c522d97cee9558" title="antlr3BitsetEquals" alt="" coords="666,512,796,539">
<area shape="rect" href="$antlr3bitset_8c.html#a2ead142716bb73adbfe2b9f0bd4ea4e" title="antlr3BitsetFree" alt="" coords="672,563,790,589">
<area shape="rect" href="$antlr3bitset_8c.html#ca05cfe85e66e6d289e976d6faf69ac1" title="antlr3BitsetIsNil" alt="" coords="672,613,790,640">
<area shape="rect" href="$antlr3bitset_8c.html#50664bfeae4e3d962c675fd1795e293a" title="antlr3BitsetMember" alt="" coords="662,411,800,437">
<area shape="rect" href="$antlr3bitset_8c.html#9f79c2465a6c3c2e6d3b61b2f03373a8" title="antlr3BitsetNumBits" alt="" coords="660,664,802,691">
<area shape="rect" href="$antlr3bitset_8c.html#f844c13aca32ead9bc7de4714eb4483c" title="antlr3BitsetOR" alt="" coords="676,107,786,133">
<area shape="rect" href="$antlr3bitset_8c.html#43c02f416d3e8e3f7578ec06ce14d1a3" title="antlr3BitsetORInPlace" alt="" coords="852,81,1007,108">
<area shape="rect" href="$antlr3bitset_8c.html#e0a17dc8267f0b9527624348ad322eab" title="antlr3BitsetRemove" alt="" coords="662,461,800,488">
<area shape="rect" href="$antlr3bitset_8c.html#39443d4264927c670d34df70ae33f03e" title="antlr3BitsetSize" alt="" coords="672,157,790,184">
<area shape="rect" href="$antlr3bitset_8c.html#b4b75259b67febc2ecb796f8f6121df0" title="Produce an integer list of all the bits that are turned on in this bitset." alt="" coords="660,208,802,235">
<area shape="rect" href="$antlr3bitset_8c.html#7912f2e670e99378ec98c5320fa4f40c" title="grow" alt="" coords="706,360,756,387">
<area shape="rect" href="$antlr3bitset_8c.html#77502eccb26e6226cb7793d2790d197d" title="growToInclude" alt="" coords="1056,164,1168,191">
<area shape="rect" href="$antlr3bitset_8c.html#8d2e4e0003945f022083c388c8550a2d" title="wordNumber" alt="" coords="879,411,980,437">
<area shape="rect" href="$antlr3bitset_8c.html#54002a09d61bd76ff7a9c3c06425aff1" title="numWordsToHold" alt="" coords="1218,164,1348,191">
<area shape="rect" href="$antlr3collections_8c.html#5842e43dcd12c4b5d47f11b20bcb45dd" title="Given a starting node, descend its dependent nodes (ones that it has edges to) until..." alt="" coords="347,233,395,260">
