<area shape="rect" href="$antlr3defs_8h.html" title="Basic type and constant definitions for ANTLR3 Runtime." alt="" coords="377,603,471,629">
<area shape="rect" href="$antlr3commontreeadaptor_8h.html" title="Definition of the ANTLR3 common tree adaptor." alt="" coords="208,80,397,107">
<area shape="rect" href="$antlr3collections_8h.html" title="antlr3collections.h" alt="" coords="247,453,377,480">
<area shape="rect" href="$antlr3string_8h.html" title="Simple string interface allows indiscriminate allocation of strings such that they..." alt="" coords="157,379,259,405">
<area shape="rect" href="$antlr3commontree_8h.html" title="antlr3commontree.h" alt="" coords="768,229,912,256">
<area shape="rect" href="$antlr3intstream_8h.html" title="Defines the the class interface for an antlr3 INTSTREAM." alt="" coords="936,229,1059,256">
<area shape="rect" href="$antlr3errors_8h.html" title="antlr3errors.h" alt="" coords="79,677,183,704">
<area shape="rect" href="$antlr3interfaces_8h.html" title="Declarations for all the antlr3 C runtime interfaces/classes." alt="" coords="420,677,548,704">
<area shape="rect" href="$antlr3convertutf_8h.html" title="antlr3convertutf.h" alt="" coords="572,677,700,704">
<area shape="rect" href="$antlr3basetreeadaptor_8h.html" title="Definition of the ANTLR3 base tree adaptor." alt="" coords="340,155,508,181">
<area shape="rect" href="$antlr3debugeventlistener_8h.html" title="The definition of all debugging events that a recognizer can trigger." alt="" coords="512,229,693,256">
<area shape="rect" href="$antlr3bitset_8h.html" title="Defines the basic structures of an ANTLR3 bitset." alt="" coords="288,528,387,555">
<area shape="rect" href="$antlr3basetree_8h.html" title="Definition of the ANTLR3 base tree." alt="" coords="461,304,581,331">
<area shape="rect" href="$antlr3commontoken_8h.html" title="Defines the interface for a common token." alt="" coords="656,304,808,331">
