<area shape="rect" href="$antlr3lexer_8c.html#ad5d94a0ad6c1d4788f95debb67cf642" title="antlr3LexerNew" alt="" coords="216,1373,333,1400">
<area shape="rect" href="$antlr3lexer_8c.html#3f121d133cb810a9687aee3089e33be8" title="setCharStream" alt="" coords="417,512,529,539">
<area shape="rect" href="$group__p_a_n_t_l_r3___b_a_s_e___r_e_c_o_g_n_i_z_e_r.html#g5b539798327f965e6289a9f613515c9a" title="antlr3BaseRecognizerNew" alt="" coords="383,1069,564,1096">
<area shape="rect" href="$antlr3basetree_8c.html#c0a5b07c2cc53a3f2938e6e94d9b1605" title="getCharPositionInLine" alt="" coords="1372,132,1527,159">
<area shape="rect" href="$antlr3basetree_8c.html#f89cad82ec0276b7f9183476bdfaa322" title="getLine" alt="" coords="1416,360,1483,387">
<area shape="rect" href="$group__p_a_n_t_l_r3___b_a_s_e___r_e_c_o_g_n_i_z_e_r.html#g3c88e896255781a0ace9fd1110900424" title="Standard/Example error display method." alt="" coords="633,1424,801,1451">
<area shape="rect" href="$group__p_a_n_t_l_r3___b_a_s_e___r_e_c_o_g_n_i_z_e_r.html#gfa6cd5dae10144c754490bbc9ebef8f1" title="getCurrentInputSymbol" alt="" coords="637,1475,797,1501">
<area shape="rect" href="$group__p_a_n_t_l_r3___b_a_s_e___r_e_c_o_g_n_i_z_e_r.html#g22c45f91acc78faa73e6b1fd637e3e0c" title="getMissingSymbol" alt="" coords="652,259,783,285">
<area shape="rect" href="$antlr3commontoken_8c.html#d6214ed38e124f2ada5b7056c15b58dc" title="antlr3SetTokenAPI" alt="" coords="1147,132,1283,159">
<area shape="rect" href="$antlr3basetreeadaptor_8c.html#e87582e8774b76849cb729d32d4406f4" title="Dummy implementation &#45; will be supplied by super class." alt="" coords="1416,31,1483,57">
<area shape="rect" href="$group__p_a_n_t_l_r3___b_a_s_e___r_e_c_o_g_n_i_z_e_r.html#gc6666b109c5d2fb42e311b0a248e0bb0" title="Consumes the next token, whatever it is, and resets the recognizer state so that..." alt="" coords="676,1525,759,1552">
<area shape="rect" href="$group__p_a_n_t_l_r3___b_a_s_e___r_e_c_o_g_n_i_z_e_r.html#g911941c0a78751dd6eae32d1fd3f3a2d" title="Recover from an error found on the input stream." alt="" coords="684,1576,751,1603">
<area shape="rect" href="$group__p_a_n_t_l_r3___b_a_s_e___r_e_c_o_g_n_i_z_e_r.html#g94bd01f211c00d6125d6ca8fca67429c" title="Report a recognition problem." alt="" coords="673,1627,761,1653">
<area shape="rect" href="$group__p_a_n_t_l_r3___b_a_s_e___r_e_c_o_g_n_i_z_e_r.html#g3bbbf4338658f30c5b039e933232c988" title="reset" alt="" coords="692,1677,743,1704">
<area shape="rect" href="$antlr3lexer_8c.html#f9d72282d839ad84befc641f4ca94330" title="emit" alt="" coords="449,1627,497,1653">
<area shape="rect" href="$antlr3lexer_8c.html#c774e151df4b351dff6e4928564e4f10" title="emitNew" alt="" coords="436,1677,511,1704">
<area shape="rect" href="$antlr3lexer_8c.html#e609556326be46b260682e16941b9e50" title="Free the resources allocated by a lexer." alt="" coords="435,1728,512,1755">
<area shape="rect" href="$antlr3lexer_8c.html#3dabace13d5c4690014e2faec9ee15f2" title="getCharIndex" alt="" coords="421,1779,525,1805">
<area shape="rect" href="$antlr3lexer_8c.html#c8172e09eed8ce89299a9f5225761b87" title="Implementation of matchc for the lexer, overrides any base implementation in the..." alt="" coords="440,1829,507,1856">
<area shape="rect" href="$antlr3lexer_8c.html#be3d9de36708b98a25e098f9de6e80f9" title="Implementation of match range for the lexer, overrides any base implementation in..." alt="" coords="424,1880,523,1907">
<area shape="rect" href="$antlr3lexer_8c.html#da6b8aff9bb627d91beaccca57c80e28" title="Implementation of matchs for the lexer, overrides any base implementation in the..." alt="" coords="440,1931,507,1957">
<area shape="rect" href="$antlr3lexer_8c.html#e31c6940c452ca2d98ba1e85e2a091c9" title="mTokens" alt="" coords="435,1981,512,2008">
<area shape="rect" href="$antlr3lexer_8c.html#c9a1246efbb94ec9e0069b70c3c53502" title="Default implementation of the nextToken() call for a lexer." alt="" coords="431,917,516,944">
<area shape="rect" href="$antlr3lexer_8c.html#917eec57b0aecea10777919d8ac240ec" title="Stops using the current input stream and reverts to any prior input stream on the..." alt="" coords="415,968,532,995">
<area shape="rect" href="$antlr3lexer_8c.html#2033174a70cd1baa72584c3b2929b711" title="Change to a new input stream, remembering the old one." alt="" coords="411,1019,536,1045">
<area shape="rect" href="$group__p_a_n_t_l_r3___b_a_s_e___r_e_c_o_g_n_i_z_e_r.html#gecb4f403651c25610bcceff641027d02" title="Has this rule already parsed input at the current index in the input stream? Return..." alt="" coords="648,968,787,995">
<area shape="rect" href="$group__p_a_n_t_l_r3___b_a_s_e___r_e_c_o_g_n_i_z_e_r.html#g974d33def91ba5fb5a6fa8e42c6d876e" title="Creates a new Mismatched Token Exception and inserts in the recognizer exception..." alt="" coords="883,512,1045,539">
<area shape="rect" href="$antlr3collections_8c.html#0f20590f5ba34812e48d6cec3e126fd6" title="antlr3VectorNew" alt="" coords="656,309,779,336">
<area shape="rect" href="$group__p_a_n_t_l_r3___b_a_s_e___r_e_c_o_g_n_i_z_e_r.html#g1817b0f3b6af542c3536371040dc58ac" title="beginBacktrack" alt="" coords="660,360,775,387">
<area shape="rect" href="$group__p_a_n_t_l_r3___b_a_s_e___r_e_c_o_g_n_i_z_e_r.html#gfa6c2298edaa647a41c8958da95e52a3" title="beginResync" alt="" coords="668,411,767,437">
<area shape="rect" href="$group__p_a_n_t_l_r3___b_a_s_e___r_e_c_o_g_n_i_z_e_r.html#gae6c6fbbbf2e1c74b612c56585421480" title="Compute the current followset for the input stream." alt="" coords="657,461,777,488">
<area shape="rect" href="$group__p_a_n_t_l_r3___b_a_s_e___r_e_c_o_g_n_i_z_e_r.html#gafcf8d570aefd265cdd1f08fd1c648d0" title="Compute the context&#45;sensitive FOLLOW set for current rule." alt="" coords="637,613,797,640">
<area shape="rect" href="$group__p_a_n_t_l_r3___b_a_s_e___r_e_c_o_g_n_i_z_e_r.html#gb130860e17b6b63e2b1ec308f327ba16" title="Compute the error recovery set for the current rule." alt="" coords="627,664,808,691">
<area shape="rect" href="$group__p_a_n_t_l_r3___b_a_s_e___r_e_c_o_g_n_i_z_e_r.html#gfe29b544de6bf6a2f2f1cde76ffbcfef" title="Eat tokens from the input stream until we get one of JUST the right type." alt="" coords="665,715,769,741">
<area shape="rect" href="$group__p_a_n_t_l_r3___b_a_s_e___r_e_c_o_g_n_i_z_e_r.html#g8d35000d9ab1050dabe81cf7920934fe" title="Eat tokens from the input stream until we find one that belongs to the supplied set..." alt="" coords="655,765,780,792">
<area shape="rect" href="$group__p_a_n_t_l_r3___b_a_s_e___r_e_c_o_g_n_i_z_e_r.html#g7258d67140b160ff9da909d067d402d0" title="endBacktrack" alt="" coords="665,816,769,843">
<area shape="rect" href="$group__p_a_n_t_l_r3___b_a_s_e___r_e_c_o_g_n_i_z_e_r.html#g76e55e0ccbc6262c398dbc0d7ef2e2e2" title="endResync" alt="" coords="673,867,761,893">
<area shape="rect" href="$group__p_a_n_t_l_r3___b_a_s_e___r_e_c_o_g_n_i_z_e_r.html#g5999985a70a69e3bec790156b88fbd62" title="freeBR" alt="" coords="685,917,749,944">
<area shape="rect" href="$group__p_a_n_t_l_r3___b_a_s_e___r_e_c_o_g_n_i_z_e_r.html#gb4273491fa0ac1fb0da57d57c37d4f05" title="Return how many syntax errors were detected by this recognizer." alt="" coords="627,1019,808,1045">
<area shape="rect" href="$group__p_a_n_t_l_r3___b_a_s_e___r_e_c_o_g_n_i_z_e_r.html#gc7e1bf2a5a3adcfe14e64a68e96a9ce4" title="Return the rule invocation stack (how we got here in the parse." alt="" coords="635,1069,800,1096">
<area shape="rect" href="$group__p_a_n_t_l_r3___b_a_s_e___r_e_c_o_g_n_i_z_e_r.html#gae8d9ae771381ce037d6f9e8b2906013" title="getRuleInvocationStackNamed" alt="" coords="613,1120,821,1147">
<area shape="rect" href="$group__p_a_n_t_l_r3___b_a_s_e___r_e_c_o_g_n_i_z_e_r.html#gbc080ec9aaa275e0361dea5a1eb431c0" title="Pointer to a function to return whether the rule has parsed input starting at the..." alt="" coords="644,1171,791,1197">
<area shape="rect" href="$group__p_a_n_t_l_r3___b_a_s_e___r_e_c_o_g_n_i_z_e_r.html#g06172ef38079026fc3d29bea9a046cc3" title="Match current input symbol against ttype." alt="" coords="688,1221,747,1248">
<area shape="rect" href="$group__p_a_n_t_l_r3___b_a_s_e___r_e_c_o_g_n_i_z_e_r.html#g0b61381c64a3cf6fa719be2f3fe6cc79" title="Record whether or not this rule parsed the input at this position successfully." alt="" coords="679,1272,756,1299">
<area shape="rect" href="$group__p_a_n_t_l_r3___b_a_s_e___r_e_c_o_g_n_i_z_e_r.html#gf8c302d1762b73b1a80c88ca71210472" title="Factor out what to do upon token mismatch so tree parsers can behave differently..." alt="" coords="677,563,757,589">
<area shape="rect" href="$group__p_a_n_t_l_r3___b_a_s_e___r_e_c_o_g_n_i_z_e_r.html#gae2cb5c900551876f8ba170252b9a73b" title="mismatchIsMissingToken" alt="" coords="877,791,1051,817">
<area shape="rect" href="$group__p_a_n_t_l_r3___b_a_s_e___r_e_c_o_g_n_i_z_e_r.html#g5d8fdaef9c545faefeb480e49ff5842b" title="mismatchIsUnwantedToken" alt="" coords="869,1196,1059,1223">
<area shape="rect" href="$group__p_a_n_t_l_r3___b_a_s_e___r_e_c_o_g_n_i_z_e_r.html#gb2d77cd376112c8ff6ed7353ba78dab7" title="antlr3RecognitionExceptionNew" alt="" coords="1108,360,1321,387">
<area shape="rect" href="$antlr3commontoken_8c.html#3e0e53093c8170217cb4bee33c2714c9" title="antlr3TokenFactoryNew" alt="" coords="881,157,1047,184">
