<area shape="rect" href="$antlr3_8h.html" title="include/antlr3.h" alt="" coords="1944,901,2059,928">
<area shape="rect" href="$antlr3defs_8h.html" title="Basic type and constant definitions for ANTLR3 Runtime." alt="" coords="2156,80,2297,107">
<area shape="rect" href="$antlr3collections_8c.html" title="Provides a number of useful functions that are roughly equivalent to java HashTable..." alt="" coords="757,976,909,1003">
<area shape="rect" href="$antlr3commontoken_8c.html" title="src/antlr3commontoken.c" alt="" coords="1815,976,1988,1003">
<area shape="rect" href="$antlr3debughandlers_8c.html" title="Provides the debugging functions invoked by a recognizer built using the debug generator..." alt="" coords="2012,976,2191,1003">
<area shape="rect" href="$antlr3encodings_8c.html" title="src/antlr3encodings.c" alt="" coords="2215,976,2367,1003">
<area shape="rect" href="$antlr3filestream_8c.html" title="The ANTLR3 C filestream is used when the source character stream is a filesystem..." alt="" coords="1644,976,1791,1003">
<area shape="rect" href="$antlr3cyclicdfa_8c.html" title="src/antlr3cyclicdfa.c" alt="" coords="3187,901,3328,928">
<area shape="rect" href="$antlr3baserecognizer_8h.html" title="Defines the basic structure to support recognizing by either a lexer, parser, or..." alt="" coords="2041,752,2249,779">
<area shape="rect" href="$antlr3lexer_8h.html" title="Base interface for any ANTLR3 lexer." alt="" coords="1476,827,1620,853">
<area shape="rect" href="$antlr3parser_8h.html" title="Base implementation of an ANTLR3 parser." alt="" coords="1809,827,1964,853">
<area shape="rect" href="$antlr3rewritestreams_8h.html" title="include/antlr3rewritestreams.h" alt="" coords="568,827,773,853">
<area shape="rect" href="$antlr3treeparser_8h.html" title="include/antlr3treeparser.h" alt="" coords="2244,827,2420,853">
<area shape="rect" href="$antlr3basetree_8h.html" title="Definition of the ANTLR3 base tree." alt="" coords="896,379,1064,405">
<area shape="rect" href="$antlr3basetreeadaptor_8h.html" title="Definition of the ANTLR3 base tree adaptor." alt="" coords="952,528,1165,555">
<area shape="rect" href="$antlr3commontreeadaptor_8h.html" title="Definition of the ANTLR3 common tree adaptor." alt="" coords="636,603,873,629">
<area shape="rect" href="$antlr3commontreenodestream_8h.html" title="Definition of the ANTLR3 common tree node stream." alt="" coords="1628,677,1889,704">
<area shape="rect" href="$antlr3commontree_8h.html" title="include/antlr3commontree.h" alt="" coords="824,453,1013,480">
<area shape="rect" href="$antlr3debugeventlistener_8h.html" title="The definition of all debugging events that a recognizer can trigger." alt="" coords="1493,453,1723,480">
<area shape="rect" href="$antlr3tokenstream_8h.html" title="Defines the interface for an ANTLR3 common token stream." alt="" coords="1700,603,1889,629">
<area shape="rect" href="$antlr3bitset_8h.html" title="Defines the basic structures of an ANTLR3 bitset." alt="" coords="1507,155,1653,181">
<area shape="rect" href="$antlr3collections_8h.html" title="include/antlr3collections.h" alt="" coords="1144,229,1323,256">
<area shape="rect" href="$antlr3string_8h.html" title="Simple string interface allows indiscriminate allocation of strings such that they..." alt="" coords="1259,304,1408,331">
<area shape="rect" href="$antlr3input_8h.html" title="Defines the basic structures used to manipulate character streams from any input..." alt="" coords="2183,528,2327,555">
<area shape="rect" href="$antlr3commontoken_8h.html" title="Defines the interface for a common token." alt="" coords="1863,379,2063,405">
<area shape="rect" href="$antlr3intstream_8h.html" title="Defines the the class interface for an antlr3 INTSTREAM." alt="" coords="2507,453,2677,480">
<area shape="rect" href="$antlr3convertutf_8h.html" title="include/antlr3convertutf.h" alt="" coords="2340,155,2516,181">
<area shape="rect" href="$antlr3encodings_8h.html" title="include/antlr3encodings.h" alt="" coords="2823,304,2999,331">
<area shape="rect" href="$antlr3exception_8h.html" title="Contains the definition of a basic ANTLR3 exception structure created by a recognizer..." alt="" coords="2871,677,3044,704">
<area shape="rect" href="$antlr3filestream_8h.html" title="include/antlr3filestream.h" alt="" coords="3023,304,3196,331">
<area shape="rect" href="$antlr3memory_8h.html" title="include/antlr3memory.h" alt="" coords="2873,155,3036,181">
<area shape="rect" href="$antlr3recognizersharedstate_8h.html" title="While the C runtime does not need to model the state of multiple lexers and parsers..." alt="" coords="2596,677,2847,704">
<area shape="rect" href="$antlr3baserecognizer_8c.html" title="Contains the base functions that all recognizers require." alt="" coords="2039,827,2220,853">
<area shape="rect" href="$antlr3cyclicdfa_8h.html" title="include/antlr3cyclicdfa.h" alt="" coords="2897,827,3065,853">
<area shape="rect" href="$antlr3lexer_8c.html" title="Base implementation of an antlr 3 lexer." alt="" coords="1489,901,1607,928">
<area shape="rect" href="$antlr3parser_8c.html" title="Implementation of the base functionality for an ANTLR3 parser." alt="" coords="1792,901,1920,928">
<area shape="rect" href="$antlr3rewritestreams_8c.html" title="Implementation of token/tree streams that are used by the tree re&#45;write rules to..." alt="" coords="581,901,760,928">
<area shape="rect" href="$antlr3basetree_8c.html" title="src/antlr3basetree.c" alt="" coords="659,453,800,480">
<area shape="rect" href="$antlr3parsetree_8h.html" title="Abstraction of Common tree to provide payload and string representation of node." alt="" coords="461,453,635,480">
<area shape="rect" href="$antlr3basetreeadaptor_8c.html" title="Contains the base functions that all tree adaptors start with." alt="" coords="928,603,1115,629">
<area shape="rect" href="$antlr3commontreeadaptor_8c.html" title="This is the standard tree adaptor used by the C runtime unless the grammar source..." alt="" coords="708,677,919,704">
<area shape="rect" href="$antlr3commontreenodestream_8c.html" title="Defines the implementation of the common node stream the default tree node stream..." alt="" coords="1679,752,1916,779">
<area shape="rect" href="$antlr3commontree_8c.html" title="src/antlr3commontree.c" alt="" coords="763,528,928,555">
<area shape="rect" href="$antlr3bitset_8c.html" title="Contains the C implementation of ANTLR3 bitsets as adapted from Terence Parr&#39;s..." alt="" coords="1539,229,1659,256">
<area shape="rect" href="$antlr3string_8c.html" title="Implementation of the ANTLR3 string and string factory classes." alt="" coords="1291,379,1413,405">
<area shape="rect" href="$antlr3inputstream_8c.html" title="Base functions to initialize and manipulate any input stream." alt="" coords="2217,603,2377,629">
<area shape="rect" href="$antlr3intstream_8c.html" title="Implementation of superclass elements of an ANTLR3 int stream." alt="" coords="2503,528,2647,555">
<area shape="rect" href="$antlr3convertutf_8c.html" title="src/antlr3convertutf.c" alt="" coords="2391,229,2540,256">
<area shape="rect" href="$antlr3exception_8c.html" title="Contains default functions for creating and destroying as well as otherwise handling..." alt="" coords="2884,752,3031,779">
