<area shape="rect" href="$antlr3filestream_8c.html#8a0c76d8f92529edbf7b9af4726e5dbb" title="Use the supplied &#39;string&#39; as input to the stream." alt="" coords="218,1007,394,1033">
<area shape="rect" href="$antlr3filestream_8c.html#56d2eae6db387d445e469692095565f1" title="Determine endianess of the input stream and install the API required for the encoding..." alt="" coords="242,1500,370,1527">
<area shape="rect" href="$antlr3inputstream_8c.html#d221022ef350b121ce26e16aa31c1bfb" title="antlr3GenericSetupStream" alt="" coords="444,588,628,615">
<area shape="rect" href="$antlr3inputstream_8c.html#936475f338ecaf267e823d6f0d18dede" title="Consume the next character in an 8 bit input stream." alt="" coords="700,917,839,944">
<area shape="rect" href="$antlr3inputstream_8c.html#d7035fd3a5e03b36e8345c4f4e26c052" title="Return the current offset in to the current line in the input stream." alt="" coords="679,968,860,995">
<area shape="rect" href="$antlr3inputstream_8c.html#bf88b8dcce681a516bc8a9cd5ee6f464" title="Return the line number as understood by the 8 bit input stream." alt="" coords="706,1019,834,1045">
<area shape="rect" href="$antlr3inputstream_8c.html#225dcf11652939cd87ddc0c83f1746d6" title="Return a pointer into the input stream that points at the start of the current input..." alt="" coords="696,1069,843,1096">
<area shape="rect" href="$antlr3inputstream_8c.html#2b846ce85ffa6c8946eff055623c4c45" title="antlr38BitGetSourceName" alt="" coords="679,1120,860,1147">
<area shape="rect" href="$antlr3inputstream_8c.html#765587d200e5c1731a9d5df8455989e9" title="Calculate the current index in the output stream." alt="" coords="714,5,826,32">
<area shape="rect" href="$antlr3inputstream_8c.html#16b31f87e5de99b5e918cfe7c97c5dd6" title="Return the input element assuming an 8 bit ascii input." alt="" coords="918,81,1014,108">
<area shape="rect" href="$antlr3inputstream_8c.html#8e640f5ffeb38ab974b732a91cfa42cf" title="Return the input element assuming an 8 bit ascii input." alt="" coords="722,157,818,184">
<area shape="rect" href="$antlr3inputstream_8c.html#8f2ae0ebee38726faa951cbd60c4e69c" title="Mark the current input point in an 8Bit 8 bit stream such as a file stream, where..." alt="" coords="715,208,824,235">
<area shape="rect" href="$antlr3inputstream_8c.html#887a6c17e9d9b0b0499089d175315f72" title="Rewind the lexer input to the state specified by the supplied mark." alt="" coords="706,259,834,285">
<area shape="rect" href="$antlr3inputstream_8c.html#dcf187e8cee86344098b17902f96f248" title="Install a new source code in to a working input stream so that the input stream can..." alt="" coords="711,309,828,336">
<area shape="rect" href="$antlr3inputstream_8c.html#eb354b49b688e68e73d41d40d4456ae1" title="Rewind the lexer input to the state specified by the supplied mark." alt="" coords="707,360,832,387">
<area shape="rect" href="$antlr3inputstream_8c.html#636e11028a3c67fc4f8732032f1c5594" title="Rewind the lexer input to the state specified by the supplied mark." alt="" coords="911,385,1020,412">
<area shape="rect" href="$antlr3inputstream_8c.html#f9c12d923c65e70aa7062adba58bd174" title="Rewind the lexer input to the state specified by the last produced mark." alt="" coords="695,461,844,488">
<area shape="rect" href="$antlr3inputstream_8c.html#4bde2fc423f8035892f41df8836d0794" title="Set the current offset in the current line to be a particular setting." alt="" coords="680,512,859,539">
<area shape="rect" href="$antlr3inputstream_8c.html#4a030c8d70d913b1782456b4680a390e" title="Set the current line number as understood by the input stream." alt="" coords="707,563,832,589">
<area shape="rect" href="$antlr3inputstream_8c.html#2eb393182cf8d6ec2e866d5b06f49114" title="Set the newline trigger character in the input stream to the supplied parameter." alt="" coords="679,613,860,640">
<area shape="rect" href="$antlr3inputstream_8c.html#d1fdce45accb7a2561ffcab949334ce1" title="antlr38BitSetUcaseLA" alt="" coords="692,56,847,83">
<area shape="rect" href="$antlr3inputstream_8c.html#510e45b4cf4f2f666735f8a700ff61a4" title="Return the size of the current input stream, as an 8Bit file which in this case is..." alt="" coords="716,664,823,691">
<area shape="rect" href="$antlr3inputstream_8c.html#46e8e850e62f55d878449b09e378a0f6" title="Return a substring of the 8 bit input stream in newly allocated memory." alt="" coords="710,715,830,741">
<area shape="rect" href="$antlr3inputstream_8c.html#2071f06b671bc50c37c323b9e9f66a8f" title="Close down an input stream and free any memory allocated by it." alt="" coords="710,765,830,792">
<area shape="rect" href="$antlr3inputstream_8c.html#6db084bb0d49cec0847c2e31396bb550" title="Reset a re&#45;startable input stream to the start." alt="" coords="710,816,830,843">
<area shape="rect" href="$group__p_a_n_t_l_r3___i_n_t___s_t_r_e_a_m.html#g58e4ce6e808a830c69cc73f3db040ae4" title="antlr3IntStreamNew" alt="" coords="699,867,840,893">
<area shape="rect" href="$antlr3inputstream_8c.html#5242ac4de37caa0abe292ad0bd542d68" title="Common function to setup function interface for an 8 bit input stream." alt="" coords="456,1475,616,1501">
<area shape="rect" href="$antlr3inputstream_8c.html#af870afb95b0a59fe6bfd4395df9efc7" title="Common function to setup function interface for a EBCDIC input stream." alt="" coords="443,1576,630,1603">
<area shape="rect" href="$antlr3inputstream_8c.html#cafc8ebb856269e54d4ac5819d6456d7" title="Common function to setup function interface for a UTF16 or UCS2 input stream." alt="" coords="448,1779,624,1805">
<area shape="rect" href="$antlr3inputstream_8c.html#bc45456235e1307ca5246886580bc2fd" title="Common function to setup function interface for a UTF3 input stream." alt="" coords="448,1373,624,1400">
<area shape="rect" href="$antlr3inputstream_8c.html#2dad091fd85b499275fa56b02fea050f" title="Common function to setup function interface for a UTF8 input stream." alt="" coords="451,1525,622,1552">
<area shape="rect" href="$antlr3string_8c.html#200b7c19862c160ede36ca863ad60515" title="antlr3StringFactoryNew" alt="" coords="687,1525,852,1552">
<area shape="rect" href="$antlr3inputstream_8c.html#9778a8f3899270c73433d9d777fa1aac" title="Return the input element assuming an 8 bit EBCDIC input." alt="" coords="708,1576,831,1603">
<area shape="rect" href="$antlr3inputstream_8c.html#d5524e161ebc02d9d51efec3ee523e94" title="Consume the next character in a UTF16 input stream." alt="" coords="692,1981,847,2008">
<area shape="rect" href="$antlr3inputstream_8c.html#c981616d98804c63bfc154177ca13a7c" title="Consume the next character in a UTF16 input stream when the input is Big Endian and..." alt="" coords="683,2032,856,2059">
<area shape="rect" href="$antlr3inputstream_8c.html#b45c89b694ec6599bc2571864a479950" title="Consume the next character in a UTF16 input stream when the input is Little Endian..." alt="" coords="684,1627,855,1653">
<area shape="rect" href="$antlr3inputstream_8c.html#fb27eae00e82a75d24e7dbaa7efd2fe8" title="Calculate the current index in the output stream." alt="" coords="704,1677,835,1704">
<area shape="rect" href="$antlr3inputstream_8c.html#638664e6689ee6e5d63094b4ab8aab94" title="Return the input element assuming an 8 bit ascii input." alt="" coords="712,1728,827,1755">
<area shape="rect" href="$antlr3inputstream_8c.html#6b11d3b7cfdfce8b26315a80fc797dbf" title="Return the input element assuming a UTF16 input when the input is Little Endian and..." alt="" coords="704,1779,835,1805">
<area shape="rect" href="$antlr3inputstream_8c.html#85eb801056b1c599eb3e20b5d353bf4e" title="Return the input element assuming a UTF16 input when the input is Little Endian and..." alt="" coords="704,1829,835,1856">
<area shape="rect" href="$antlr3inputstream_8c.html#37ea3f3ae4b6bf3a0d20772810420f6e" title="Rewind the lexer input to the state specified by the supplied mark." alt="" coords="706,1880,834,1907">
<area shape="rect" href="$antlr3inputstream_8c.html#d0b98102aa21a57c2dca1db21f1cd0b0" title="Return a substring of the UTF16 input stream in newly allocated memory." alt="" coords="702,1931,838,1957">
<area shape="rect" href="$antlr3inputstream_8c.html#42233e92adb5130bc0b1ba4d24fb6896" title="Consume the next character in a UTF32 input stream." alt="" coords="692,1475,847,1501">
<area shape="rect" href="$antlr3inputstream_8c.html#a64bff1d3be3a8d67614e77efb182adf" title="Calculate the current index in the output stream." alt="" coords="704,1171,835,1197">
<area shape="rect" href="$antlr3inputstream_8c.html#a0dd93e930d722318e6f15c7fb08fe6e" title="Return the input element assuming a UTF32 input in natural machine byte order." alt="" coords="712,1221,827,1248">
<area shape="rect" href="$antlr3inputstream_8c.html#5a790ebf5c0e6b7c2685a41011681dc2" title="Return the input element assuming a UTF32 input in big endian byte order." alt="" coords="704,1272,835,1299">
<area shape="rect" href="$antlr3inputstream_8c.html#c4bafcadef7aa73706ada586834aba4e" title="Return the input element assuming a UTF32 input in little endian byte order." alt="" coords="704,1323,835,1349">
<area shape="rect" href="$antlr3inputstream_8c.html#7f95006896889a2e4a4b2c321ae73aa9" title="Rewind the lexer input to the state specified by the supplied mark." alt="" coords="706,1373,834,1400">
<area shape="rect" href="$antlr3inputstream_8c.html#156b7ebdce31bae78aba5cf4efa6b235" title="Return a substring of the UTF16 input stream in newly allocated memory." alt="" coords="702,1424,838,1451">
