<area shape="rect" href="$antlr3defs_8h.html#cd2d302cb08802568e25ca38c6dab300" title="antlr3StackNew" alt="" coords="173,107,291,133">
<area shape="rect" href="$antlr3defs_8h.html#dc10027310be547445fa9ed632d5dece" title="antlr3ArboretumNew" alt="" coords="625,56,772,83">
<area shape="rect" href="$antlr3defs_8h.html#f53a0945d04dc72b9a3b927c1fa5ffd7" title="antlr3CommonTreeNodeStreamNew" alt="" coords="1247,107,1489,133">
<area shape="rect" href="$antlr3defs_8h.html#d2af1b896785509504749cc82e9ac07a" title="Vector factory creation." alt="" coords="339,5,507,32">
<area shape="rect" href="$antlr3lexer_8c.html#2033174a70cd1baa72584c3b2929b711" title="Change to a new input stream, remembering the old one." alt="" coords="360,379,485,405">
<area shape="rect" href="$group__p_a_n_t_l_r3___b_a_s_e___r_e_c_o_g_n_i_z_e_r.html#g3bbbf4338658f30c5b039e933232c988" title="reset" alt="" coords="397,277,448,304">
<area shape="rect" href="$antlr3defs_8h.html#8354d855e26d4417b311740c64b9f0e3" title="Create a new tree adaptor." alt="" coords="921,56,1137,83">
<area shape="rect" href="$antlr3defs_8h.html#b957d9b226644a3af57c91c8553a9cf8" title="Debugging version of the tree adaptor (not normally called as generated code calls..." alt="" coords="1240,56,1496,83">
<area shape="rect" href="$antlr3defs_8h.html#80515ce12fe3b7e18473029d07dceaa7" title="antlr3CommonTreeNodeStreamNewTree" alt="" coords="1569,107,1839,133">
<area shape="rect" href="$antlr3defs_8h.html#ad5d94a0ad6c1d4788f95debb67cf642" title="antlr3LexerNew" alt="" coords="971,512,1088,539">
<area shape="rect" href="$antlr3defs_8h.html#cea4b4491be51f1d3f57d4d2836d9d0d" title="antlr3LexerNewStream" alt="" coords="1288,563,1448,589">
<area shape="rect" href="$group__p_a_n_t_l_r3___b_a_s_e___r_e_c_o_g_n_i_z_e_r.html#g5b539798327f965e6289a9f613515c9a" title="antlr3BaseRecognizerNew" alt="" coords="608,561,789,588">
<area shape="rect" href="$antlr3defs_8h.html#b8426bed8df754240d19d2ee37edee70" title="antlr3CommonTokenStreamNew" alt="" coords="589,220,808,247">
<area shape="rect" href="$antlr3defs_8h.html#d8c49d0bf9bb605b1b8ae992afd70077" title="antlr3CommonTreeNodeStreamNewStream" alt="" coords="556,277,841,304">
<area shape="rect" href="$antlr3rewritestreams_8c.html#de5a6e49fb9dd7caee4b0189f5cf84e9" title="antlr3RewriteRuleElementStreamNewAE" alt="" coords="565,331,832,357">
<area shape="rect" href="$antlr3defs_8h.html#e667dafdcef9adc2fceebc8420a7cded" title="antlr3ParserNew" alt="" coords="968,563,1091,589">
<area shape="rect" href="$antlr3defs_8h.html#8a8b2581755eff523fb3d2e427bb9b3f" title="antlr3TreeParserNewStream" alt="" coords="932,613,1127,640">
<area shape="rect" href="$antlr3defs_8h.html#bede6d25edd8b3e67f8aa6a5094b6f9c" title="antlr3ParserNewStream" alt="" coords="1284,613,1452,640">
<area shape="rect" href="$antlr3defs_8h.html#ba8e0e27ff9976bb757191bf45b7d49f" title="antlr3ParserNewStreamDbg" alt="" coords="1608,613,1800,640">
<area shape="rect" href="$antlr3defs_8h.html#d4ef5baa73e1fdd0f0c2fc4cce4277cb" title="antlr3CommonTokenStreamSourceNew" alt="" coords="899,208,1160,235">
<area shape="rect" href="$antlr3defs_8h.html#da21cf0d75ef83806a60990556d86fe0" title="antlr3CommonTokenDebugStreamSourceNew" alt="" coords="1217,208,1519,235">
<area shape="rect" href="$antlr3rewritestreams_8c.html#f4ad1e2f5ad8e4773ca277d81daca13b" title="antlr3RewriteRuleElementStreamNewAEE" alt="" coords="891,360,1168,387">
<area shape="rect" href="$antlr3rewritestreams_8c.html#567f5e9c72a576b4000837f6df6c20c4" title="antlr3RewriteRuleElementStreamNewAEV" alt="" coords="891,411,1168,437">
<area shape="rect" href="$antlr3defs_8h.html#7596a932e273034a4957673bf100a5b3" title="antlr3RewriteRuleNODEStreamNewAE" alt="" coords="901,461,1157,488">
<area shape="rect" href="$antlr3defs_8h.html#16be71f3f2ecf449b84619b12ef60b99" title="antlr3RewriteRuleSubtreeStreamNewAE" alt="" coords="896,259,1163,285">
<area shape="rect" href="$antlr3defs_8h.html#e0ff8ede4d865df041890678c1c813ca" title="antlr3RewriteRuleTOKENStreamNewAE" alt="" coords="897,309,1161,336">
<area shape="rect" href="$antlr3defs_8h.html#b7f94b47defeeed250f4e8564d9cfddb" title="antlr3RewriteRuleNODEStreamNewAEE" alt="" coords="1235,360,1501,387">
<area shape="rect" href="$antlr3defs_8h.html#0acf53ce0fcc00588c1e04bab927adb9" title="antlr3RewriteRuleSubtreeStreamNewAEE" alt="" coords="1231,259,1505,285">
<area shape="rect" href="$antlr3defs_8h.html#4a849eaa7e03d14ea7ddbb0c23c6e94c" title="antlr3RewriteRuleTOKENStreamNewAEE" alt="" coords="1232,309,1504,336">
<area shape="rect" href="$antlr3defs_8h.html#763c2d39ab30272e348dc24c352fdb3f" title="antlr3RewriteRuleNODEStreamNewAEV" alt="" coords="1235,512,1501,539">
<area shape="rect" href="$antlr3defs_8h.html#40732f8c10bf9852b0672154bc0610d4" title="antlr3RewriteRuleSubtreeStreamNewAEV" alt="" coords="1231,411,1505,437">
<area shape="rect" href="$antlr3defs_8h.html#f894906ad095a0c7837c2fa2a4e795a0" title="antlr3RewriteRuleTOKENStreamNewAEV" alt="" coords="1232,461,1504,488">
