<area shape="rect" href="$antlr3convertutf_8c.html" title="src/antlr3convertutf.c" alt="" coords="1801,80,1951,107">
<area shape="rect" href="$antlr3defs_8h.html" title="Basic type and constant definitions for ANTLR3 Runtime." alt="" coords="1975,80,2116,107">
<area shape="rect" href="$antlr3input_8h.html" title="Defines the basic structures used to manipulate character streams from any input..." alt="" coords="2655,528,2799,555">
<area shape="rect" href="$antlr3cyclicdfa_8c.html" title="src/antlr3cyclicdfa.c" alt="" coords="3085,901,3227,928">
<area shape="rect" href="$antlr3_8h.html" title="include/antlr3.h" alt="" coords="1563,901,1677,928">
<area shape="rect" href="$antlr3baserecognizer_8h.html" title="Defines the basic structure to support recognizing by either a lexer, parser, or..." alt="" coords="2173,752,2381,779">
<area shape="rect" href="$antlr3lexer_8h.html" title="Base interface for any ANTLR3 lexer." alt="" coords="2709,827,2853,853">
<area shape="rect" href="$antlr3parser_8h.html" title="Base implementation of an ANTLR3 parser." alt="" coords="2277,827,2432,853">
<area shape="rect" href="$antlr3rewritestreams_8h.html" title="include/antlr3rewritestreams.h" alt="" coords="312,827,517,853">
<area shape="rect" href="$antlr3treeparser_8h.html" title="include/antlr3treeparser.h" alt="" coords="1771,827,1947,853">
<area shape="rect" href="$antlr3basetree_8h.html" title="Definition of the ANTLR3 base tree." alt="" coords="845,379,1013,405">
<area shape="rect" href="$antlr3basetreeadaptor_8h.html" title="Definition of the ANTLR3 base tree adaptor." alt="" coords="800,528,1013,555">
<area shape="rect" href="$antlr3commontreeadaptor_8h.html" title="Definition of the ANTLR3 common tree adaptor." alt="" coords="441,603,679,629">
<area shape="rect" href="$antlr3commontreenodestream_8h.html" title="Definition of the ANTLR3 common tree node stream." alt="" coords="1271,677,1532,704">
<area shape="rect" href="$antlr3commontree_8h.html" title="include/antlr3commontree.h" alt="" coords="773,453,963,480">
<area shape="rect" href="$antlr3debugeventlistener_8h.html" title="The definition of all debugging events that a recognizer can trigger." alt="" coords="1291,453,1520,480">
<area shape="rect" href="$antlr3tokenstream_8h.html" title="Defines the interface for an ANTLR3 common token stream." alt="" coords="1905,603,2095,629">
<area shape="rect" href="$antlr3bitset_8h.html" title="Defines the basic structures of an ANTLR3 bitset." alt="" coords="1199,155,1345,181">
<area shape="rect" href="$antlr3collections_8h.html" title="include/antlr3collections.h" alt="" coords="987,229,1165,256">
<area shape="rect" href="$antlr3string_8h.html" title="Simple string interface allows indiscriminate allocation of strings such that they..." alt="" coords="1259,304,1408,331">
<area shape="rect" href="$antlr3commontoken_8h.html" title="Defines the interface for a common token." alt="" coords="2241,379,2441,405">
<area shape="rect" href="$antlr3intstream_8h.html" title="Defines the the class interface for an antlr3 INTSTREAM." alt="" coords="2423,453,2593,480">
<area shape="rect" href="$antlr3encodings_8h.html" title="include/antlr3encodings.h" alt="" coords="1747,304,1923,331">
<area shape="rect" href="$antlr3exception_8h.html" title="Contains the definition of a basic ANTLR3 exception structure created by a recognizer..." alt="" coords="2651,677,2824,704">
<area shape="rect" href="$antlr3filestream_8h.html" title="include/antlr3filestream.h" alt="" coords="2855,229,3028,256">
<area shape="rect" href="$antlr3memory_8h.html" title="include/antlr3memory.h" alt="" coords="2617,155,2780,181">
<area shape="rect" href="$antlr3recognizersharedstate_8h.html" title="While the C runtime does not need to model the state of multiple lexers and parsers..." alt="" coords="1657,677,1908,704">
<area shape="rect" href="$antlr3collections_8c.html" title="Provides a number of useful functions that are roughly equivalent to java HashTable..." alt="" coords="523,976,675,1003">
<area shape="rect" href="$antlr3commontoken_8c.html" title="src/antlr3commontoken.c" alt="" coords="1625,976,1799,1003">
<area shape="rect" href="$antlr3debughandlers_8c.html" title="Provides the debugging functions invoked by a recognizer built using the debug generator..." alt="" coords="1823,976,2001,1003">
<area shape="rect" href="$antlr3encodings_8c.html" title="src/antlr3encodings.c" alt="" coords="1279,976,1431,1003">
<area shape="rect" href="$antlr3filestream_8c.html" title="The ANTLR3 C filestream is used when the source character stream is a filesystem..." alt="" coords="1455,976,1601,1003">
<area shape="rect" href="$antlr3baserecognizer_8c.html" title="Contains the base functions that all recognizers require." alt="" coords="2021,827,2203,853">
<area shape="rect" href="$antlr3cyclicdfa_8h.html" title="include/antlr3cyclicdfa.h" alt="" coords="3012,827,3180,853">
<area shape="rect" href="$antlr3lexer_8c.html" title="Base implementation of an antlr 3 lexer." alt="" coords="2723,901,2840,928">
<area shape="rect" href="$antlr3parser_8c.html" title="Implementation of the base functionality for an ANTLR3 parser." alt="" coords="2291,901,2419,928">
<area shape="rect" href="$antlr3rewritestreams_8c.html" title="Implementation of token/tree streams that are used by the tree re&#45;write rules to..." alt="" coords="325,901,504,928">
<area shape="rect" href="$antlr3basetree_8c.html" title="src/antlr3basetree.c" alt="" coords="411,453,552,480">
<area shape="rect" href="$antlr3parsetree_8h.html" title="Abstraction of Common tree to provide payload and string representation of node." alt="" coords="576,453,749,480">
<area shape="rect" href="$antlr3basetreeadaptor_8c.html" title="Contains the base functions that all tree adaptors start with." alt="" coords="877,603,1064,629">
<area shape="rect" href="$antlr3commontreeadaptor_8c.html" title="This is the standard tree adaptor used by the C runtime unless the grammar source..." alt="" coords="592,677,803,704">
<area shape="rect" href="$antlr3commontreenodestream_8c.html" title="Defines the implementation of the common node stream the default tree node stream..." alt="" coords="1283,752,1520,779">
<area shape="rect" href="$antlr3commontree_8c.html" title="src/antlr3commontree.c" alt="" coords="611,528,776,555">
<area shape="rect" href="$antlr3tokenstream_8c.html" title="Default implementation of CommonTokenStream." alt="" coords="1932,677,2095,704">
<area shape="rect" href="$antlr3bitset_8c.html" title="Contains the C implementation of ANTLR3 bitsets as adapted from Terence Parr&#39;s..." alt="" coords="1240,229,1360,256">
<area shape="rect" href="$antlr3string_8c.html" title="Implementation of the ANTLR3 string and string factory classes." alt="" coords="1291,379,1413,405">
<area shape="rect" href="$antlr3inputstream_8c.html" title="Base functions to initialize and manipulate any input stream." alt="" coords="2601,603,2761,629">
<area shape="rect" href="$antlr3intstream_8c.html" title="Implementation of superclass elements of an ANTLR3 int stream." alt="" coords="2487,528,2631,555">
<area shape="rect" href="$antlr3exception_8c.html" title="Contains default functions for creating and destroying as well as otherwise handling..." alt="" coords="2709,752,2856,779">
