<area shape="rect" href="$antlr3filestream_8c.html#0d03c556800efb45f9d37c4050579bf6" title="Use the contents of an operating system file as the input for an input stream." alt="" coords="203,765,365,792">
<area shape="rect" href="$antlr3filestream_8c.html#56d2eae6db387d445e469692095565f1" title="Determine endianess of the input stream and install the API required for the encoding..." alt="" coords="220,1500,348,1527">
<area shape="rect" href="$antlr3inputstream_8c.html#d221022ef350b121ce26e16aa31c1bfb" title="antlr3GenericSetupStream" alt="" coords="415,765,599,792">
<area shape="rect" href="$antlr3filestream_8c.html#02c682c99e12ed3f185b252951b6e469" title="antlr3read8Bit" alt="" coords="453,107,560,133">
<area shape="rect" href="$antlr3inputstream_8c.html#936475f338ecaf267e823d6f0d18dede" title="Consume the next character in an 8 bit input stream." alt="" coords="671,1221,809,1248">
<area shape="rect" href="$antlr3inputstream_8c.html#d7035fd3a5e03b36e8345c4f4e26c052" title="Return the current offset in to the current line in the input stream." alt="" coords="649,1272,831,1299">
<area shape="rect" href="$antlr3inputstream_8c.html#bf88b8dcce681a516bc8a9cd5ee6f464" title="Return the line number as understood by the 8 bit input stream." alt="" coords="676,1323,804,1349">
<area shape="rect" href="$antlr3inputstream_8c.html#225dcf11652939cd87ddc0c83f1746d6" title="Return a pointer into the input stream that points at the start of the current input..." alt="" coords="667,208,813,235">
<area shape="rect" href="$antlr3inputstream_8c.html#2b846ce85ffa6c8946eff055623c4c45" title="antlr38BitGetSourceName" alt="" coords="649,259,831,285">
<area shape="rect" href="$antlr3inputstream_8c.html#765587d200e5c1731a9d5df8455989e9" title="Calculate the current index in the output stream." alt="" coords="684,309,796,336">
<area shape="rect" href="$antlr3inputstream_8c.html#16b31f87e5de99b5e918cfe7c97c5dd6" title="Return the input element assuming an 8 bit ascii input." alt="" coords="888,385,984,412">
<area shape="rect" href="$antlr3inputstream_8c.html#8e640f5ffeb38ab974b732a91cfa42cf" title="Return the input element assuming an 8 bit ascii input." alt="" coords="692,461,788,488">
<area shape="rect" href="$antlr3inputstream_8c.html#8f2ae0ebee38726faa951cbd60c4e69c" title="Mark the current input point in an 8Bit 8 bit stream such as a file stream, where..." alt="" coords="685,512,795,539">
<area shape="rect" href="$antlr3inputstream_8c.html#887a6c17e9d9b0b0499089d175315f72" title="Rewind the lexer input to the state specified by the supplied mark." alt="" coords="676,563,804,589">
<area shape="rect" href="$antlr3inputstream_8c.html#dcf187e8cee86344098b17902f96f248" title="Install a new source code in to a working input stream so that the input stream can..." alt="" coords="681,613,799,640">
<area shape="rect" href="$antlr3inputstream_8c.html#eb354b49b688e68e73d41d40d4456ae1" title="Rewind the lexer input to the state specified by the supplied mark." alt="" coords="677,715,803,741">
<area shape="rect" href="$antlr3inputstream_8c.html#636e11028a3c67fc4f8732032f1c5594" title="Rewind the lexer input to the state specified by the supplied mark." alt="" coords="881,689,991,716">
<area shape="rect" href="$antlr3inputstream_8c.html#f9c12d923c65e70aa7062adba58bd174" title="Rewind the lexer input to the state specified by the last produced mark." alt="" coords="665,765,815,792">
<area shape="rect" href="$antlr3inputstream_8c.html#4bde2fc423f8035892f41df8836d0794" title="Set the current offset in the current line to be a particular setting." alt="" coords="651,816,829,843">
<area shape="rect" href="$antlr3inputstream_8c.html#4a030c8d70d913b1782456b4680a390e" title="Set the current line number as understood by the input stream." alt="" coords="677,867,803,893">
<area shape="rect" href="$antlr3inputstream_8c.html#2eb393182cf8d6ec2e866d5b06f49114" title="Set the newline trigger character in the input stream to the supplied parameter." alt="" coords="649,917,831,944">
<area shape="rect" href="$antlr3inputstream_8c.html#d1fdce45accb7a2561ffcab949334ce1" title="antlr38BitSetUcaseLA" alt="" coords="663,411,817,437">
<area shape="rect" href="$antlr3inputstream_8c.html#510e45b4cf4f2f666735f8a700ff61a4" title="Return the size of the current input stream, as an 8Bit file which in this case is..." alt="" coords="687,968,793,995">
<area shape="rect" href="$antlr3inputstream_8c.html#46e8e850e62f55d878449b09e378a0f6" title="Return a substring of the 8 bit input stream in newly allocated memory." alt="" coords="680,1019,800,1045">
<area shape="rect" href="$antlr3inputstream_8c.html#2071f06b671bc50c37c323b9e9f66a8f" title="Close down an input stream and free any memory allocated by it." alt="" coords="680,1069,800,1096">
<area shape="rect" href="$antlr3inputstream_8c.html#6db084bb0d49cec0847c2e31396bb550" title="Reset a re&#45;startable input stream to the start." alt="" coords="680,1120,800,1147">
<area shape="rect" href="$group__p_a_n_t_l_r3___i_n_t___s_t_r_e_a_m.html#g58e4ce6e808a830c69cc73f3db040ae4" title="antlr3IntStreamNew" alt="" coords="669,1171,811,1197">
<area shape="rect" href="$antlr3filestream_8c.html#1e94b56e2eb94d1868f171fac82506e3" title="Close an operating system file and free any handles etc." alt="" coords="692,56,788,83">
<area shape="rect" href="$antlr3filestream_8c.html#2bd0116a11ccc7a0d5badc301d34cb70" title="Open an operating system file and return the descriptor We just use the common open()..." alt="" coords="693,107,787,133">
<area shape="rect" href="$antlr3filestream_8c.html#2d7d39a2ac3aa6cd29e1864ef650296d" title="antlr3Fread" alt="" coords="695,157,785,184">
<area shape="rect" href="$antlr3filestream_8c.html#2b59652a7427bad64918a79a01ca8245" title="antlr3Fsize" alt="" coords="696,5,784,32">
<area shape="rect" href="$antlr3inputstream_8c.html#5242ac4de37caa0abe292ad0bd542d68" title="Common function to setup function interface for an 8 bit input stream." alt="" coords="427,1576,587,1603">
<area shape="rect" href="$antlr3inputstream_8c.html#af870afb95b0a59fe6bfd4395df9efc7" title="Common function to setup function interface for a EBCDIC input stream." alt="" coords="413,1475,600,1501">
<area shape="rect" href="$antlr3inputstream_8c.html#cafc8ebb856269e54d4ac5819d6456d7" title="Common function to setup function interface for a UTF16 or UCS2 input stream." alt="" coords="419,1728,595,1755">
<area shape="rect" href="$antlr3inputstream_8c.html#bc45456235e1307ca5246886580bc2fd" title="Common function to setup function interface for a UTF3 input stream." alt="" coords="419,1424,595,1451">
<area shape="rect" href="$antlr3inputstream_8c.html#2dad091fd85b499275fa56b02fea050f" title="Common function to setup function interface for a UTF8 input stream." alt="" coords="421,1525,592,1552">
<area shape="rect" href="$antlr3string_8c.html#200b7c19862c160ede36ca863ad60515" title="antlr3StringFactoryNew" alt="" coords="657,1525,823,1552">
<area shape="rect" href="$antlr3inputstream_8c.html#9778a8f3899270c73433d9d777fa1aac" title="Return the input element assuming an 8 bit EBCDIC input." alt="" coords="679,1475,801,1501">
<area shape="rect" href="$antlr3inputstream_8c.html#d5524e161ebc02d9d51efec3ee523e94" title="Consume the next character in a UTF16 input stream." alt="" coords="663,1779,817,1805">
<area shape="rect" href="$antlr3inputstream_8c.html#c981616d98804c63bfc154177ca13a7c" title="Consume the next character in a UTF16 input stream when the input is Big Endian and..." alt="" coords="653,1829,827,1856">
<area shape="rect" href="$antlr3inputstream_8c.html#b45c89b694ec6599bc2571864a479950" title="Consume the next character in a UTF16 input stream when the input is Little Endian..." alt="" coords="655,1880,825,1907">
<area shape="rect" href="$antlr3inputstream_8c.html#fb27eae00e82a75d24e7dbaa7efd2fe8" title="Calculate the current index in the output stream." alt="" coords="675,1931,805,1957">
<area shape="rect" href="$antlr3inputstream_8c.html#638664e6689ee6e5d63094b4ab8aab94" title="Return the input element assuming an 8 bit ascii input." alt="" coords="683,1981,797,2008">
<area shape="rect" href="$antlr3inputstream_8c.html#6b11d3b7cfdfce8b26315a80fc797dbf" title="Return the input element assuming a UTF16 input when the input is Little Endian and..." alt="" coords="675,1576,805,1603">
<area shape="rect" href="$antlr3inputstream_8c.html#85eb801056b1c599eb3e20b5d353bf4e" title="Return the input element assuming a UTF16 input when the input is Little Endian and..." alt="" coords="675,1627,805,1653">
<area shape="rect" href="$antlr3inputstream_8c.html#37ea3f3ae4b6bf3a0d20772810420f6e" title="Rewind the lexer input to the state specified by the supplied mark." alt="" coords="676,1677,804,1704">
<area shape="rect" href="$antlr3inputstream_8c.html#d0b98102aa21a57c2dca1db21f1cd0b0" title="Return a substring of the UTF16 input stream in newly allocated memory." alt="" coords="672,1728,808,1755">
<area shape="rect" href="$antlr3inputstream_8c.html#42233e92adb5130bc0b1ba4d24fb6896" title="Consume the next character in a UTF32 input stream." alt="" coords="663,1373,817,1400">
<area shape="rect" href="$antlr3inputstream_8c.html#a64bff1d3be3a8d67614e77efb182adf" title="Calculate the current index in the output stream." alt="" coords="675,1424,805,1451">
