<area shape="rect" href="$antlr3_8h.html" title="antlr3.h" alt="" coords="1404,80,1471,107">
<area shape="rect" href="$antlr3defs_8h.html" title="Basic type and constant definitions for ANTLR3 Runtime." alt="" coords="1256,976,1349,1003">
<area shape="rect" href="$antlr3errors_8h.html" title="antlr3errors.h" alt="" coords="428,1051,532,1078">
<area shape="rect" href="$antlr3exception_8h.html" title="Contains the definition of a basic ANTLR3 exception structure created by a recognizer..." alt="" coords="109,304,235,331">
<area shape="rect" href="$antlr3encodings_8h.html" title="antlr3encodings.h" alt="" coords="2501,230,2632,256">
<area shape="rect" href="$antlr3string_8h.html" title="Simple string interface allows indiscriminate allocation of strings such that they..." alt="" coords="1400,752,1501,779">
<area shape="rect" href="$antlr3collections_8h.html" title="antlr3collections.h" alt="" coords="1548,827,1679,854">
<area shape="rect" href="$antlr3bitset_8h.html" title="Defines the basic structures of an ANTLR3 bitset." alt="" coords="1477,902,1576,928">
<area shape="rect" href="$antlr3input_8h.html" title="Defines the basic structures used to manipulate character streams from any input..." alt="" coords="324,528,423,555">
<area shape="rect" href="$antlr3commontoken_8h.html" title="Defines the interface for a common token." alt="" coords="551,678,703,704">
<area shape="rect" href="$antlr3intstream_8h.html" title="Defines the the class interface for an antlr3 INTSTREAM." alt="" coords="715,603,837,630">
<area shape="rect" href="$antlr3cyclicdfa_8h.html" title="antlr3cyclicdfa.h" alt="" coords="979,155,1099,182">
<area shape="rect" href="$antlr3baserecognizer_8h.html" title="Defines the basic structure to support recognizing by either a lexer, parser, or..." alt="" coords="841,230,1001,256">
<area shape="rect" href="$antlr3tokenstream_8h.html" title="Defines the interface for an ANTLR3 common token stream." alt="" coords="701,454,843,480">
<area shape="rect" href="$antlr3debugeventlistener_8h.html" title="The definition of all debugging events that a recognizer can trigger." alt="" coords="861,603,1043,630">
<area shape="rect" href="$antlr3commontreeadaptor_8h.html" title="Definition of the ANTLR3 common tree adaptor." alt="" coords="1475,454,1664,480">
<area shape="rect" href="$antlr3basetreeadaptor_8h.html" title="Definition of the ANTLR3 base tree adaptor." alt="" coords="1424,528,1592,555">
<area shape="rect" href="$antlr3recognizersharedstate_8h.html" title="While the C runtime does not need to model the state of multiple lexers and parsers..." alt="" coords="1941,304,2144,331">
<area shape="rect" href="$antlr3lexer_8h.html" title="Base interface for any ANTLR3 lexer." alt="" coords="531,379,627,406">
<area shape="rect" href="$antlr3parser_8h.html" title="Base implementation of an ANTLR3 parser." alt="" coords="2168,304,2275,331">
<area shape="rect" href="$antlr3filestream_8h.html" title="antlr3filestream.h" alt="" coords="2299,752,2427,779">
<area shape="rect" href="$antlr3rewritestreams_8h.html" title="antlr3rewritestreams.h" alt="" coords="1659,155,1816,182">
<area shape="rect" href="$antlr3interfaces_8h.html" title="Declarations for all the antlr3 C runtime interfaces/classes." alt="" coords="1168,1051,1296,1078">
<area shape="rect" href="$antlr3convertutf_8h.html" title="antlr3convertutf.h" alt="" coords="1016,1051,1144,1078">
<area shape="rect" href="$antlr3commontreenodestream_8h.html" title="Definition of the ANTLR3 common tree node stream." alt="" coords="1125,379,1341,406">
<area shape="rect" href="$antlr3treeparser_8h.html" title="antlr3treeparser.h" alt="" coords="1119,304,1249,331">
<area shape="rect" href="$antlr3basetree_8h.html" title="Definition of the ANTLR3 base tree." alt="" coords="1243,678,1363,704">
<area shape="rect" href="$antlr3commontree_8h.html" title="antlr3commontree.h" alt="" coords="1168,603,1312,630">
