<area shape="rect" href="$antlr3commontoken_8c.html#d6214ed38e124f2ada5b7056c15b58dc" title="antlr3SetTokenAPI" alt="" coords="165,436,301,463">
<area shape="rect" href="$antlr3collections_8c.html#f2e0986dc2c7f23b76b653aa3b6e6274" title="newPool" alt="" coords="196,487,271,514">
<area shape="rect" href="$antlr3commontoken_8c.html#f3dd0f37a5c07982f31493b5dd3178c5" title="getChannel" alt="" coords="383,6,473,32">
<area shape="rect" href="$antlr3basetree_8c.html#c0a5b07c2cc53a3f2938e6e94d9b1605" title="getCharPositionInLine" alt="" coords="351,56,505,83">
<area shape="rect" href="$antlr3basetree_8c.html#f89cad82ec0276b7f9183476bdfaa322" title="getLine" alt="" coords="395,107,461,134">
<area shape="rect" href="$antlr3commontoken_8c.html#00ca0944c0ce0d19de89d965394a821f" title="getStartIndex" alt="" coords="377,158,479,184">
<area shape="rect" href="$antlr3commontoken_8c.html#4ba4c3dcb2558007a91d33e9ff4c0b4b" title="getStopIndex" alt="" coords="377,208,479,235">
<area shape="rect" href="$antlr3basetreeadaptor_8c.html#e87582e8774b76849cb729d32d4406f4" title="Dummy implementation &#45; will be supplied by super class." alt="" coords="395,259,461,286">
<area shape="rect" href="$antlr3commontoken_8c.html#2f923db7f3f1f5915f6f63ea1bd1b098" title="getTokenIndex" alt="" coords="372,310,484,336">
<area shape="rect" href="$antlr3basetreeadaptor_8c.html#f002bbd918744c2e414a5fa6f352b491" title="Dummy implementation &#45; will be supplied by super class." alt="" coords="393,360,463,387">
<area shape="rect" href="$antlr3commontoken_8c.html#63449b638a4362d3a448ecffc027fb53" title="setChannel" alt="" coords="383,411,473,438">
<area shape="rect" href="$antlr3commontoken_8c.html#41d67affa21aae907d93aa847ffed379" title="setCharPositionInLine" alt="" coords="351,462,505,488">
<area shape="rect" href="$antlr3commontoken_8c.html#e7675d977ecb74ca5f5c4bf3973e129f" title="setLine" alt="" coords="396,512,460,539">
<area shape="rect" href="$antlr3commontoken_8c.html#d69c843df3e5b062c1e505c366be9409" title="setStartIndex" alt="" coords="377,563,479,590">
<area shape="rect" href="$antlr3commontoken_8c.html#37635835c619c01b3d25212d058e171e" title="setStopIndex" alt="" coords="377,614,479,640">
<area shape="rect" href="$antlr3basetreeadaptor_8c.html#30e52a5c4458170f79744c4c39a39f84" title="Dummy implementation &#45; will be supplied by super class." alt="" coords="395,664,461,691">
<area shape="rect" href="$antlr3basetreeadaptor_8c.html#b2212e3297a9b90372007ccb0beee599" title="Dummy implementation &#45; will be supplied by super class." alt="" coords="391,715,465,742">
<area shape="rect" href="$antlr3commontoken_8c.html#a8e9c4a38cf2561074a67c8985cb6eef" title="setTokenIndex" alt="" coords="373,766,483,792">
<area shape="rect" href="$antlr3basetreeadaptor_8c.html#e72be9cdf2c5ce04a5f81b4fe6eed6ee" title="Dummy implementation &#45; will be supplied by super class." alt="" coords="393,816,463,843">
<area shape="rect" href="$antlr3commontoken_8c.html#c98555d67ba2799ecbabc4a41d6d3258" title="toString" alt="" coords="393,867,463,894">
