<area shape="rect" href="$antlr3defs_8h.html#b5dc1c0ae38a18b0ff73a2989fe796de" title="Given a pointer to a base tree adaptor structure (which is usually embedded in the..." alt="" coords="379,56,560,83">
<area shape="rect" href="$antlr3defs_8h.html#5d023697cc6fae0f33a329b9a787303a" title="Create and initialize a new debug event listener that can be connected to by ANTLRWorks..." alt="" coords="152,132,323,159">
<area shape="rect" href="$antlr3basetreeadaptor_8c.html#c9423f24c029241373e8f801c8ef17a8" title="dbgBecomeRoot" alt="" coords="176,81,299,108">
<area shape="rect" href="$antlr3defs_8h.html#b957d9b226644a3af57c91c8553a9cf8" title="Debugging version of the tree adaptor (not normally called as generated code calls..." alt="" coords="1094,5,1350,32">
<area shape="rect" href="$antlr3defs_8h.html#8354d855e26d4417b311740c64b9f0e3" title="Create a new tree adaptor." alt="" coords="828,56,1044,83">
<area shape="rect" href="$antlr3commontreeadaptor_8c.html#9f3d98260b86edc3b889d3cd04b27792" title="Causes an existing common tree adaptor to become a debug version." alt="" coords="616,107,779,133">
<area shape="rect" href="$antlr3defs_8h.html#f53a0945d04dc72b9a3b927c1fa5ffd7" title="antlr3CommonTreeNodeStreamNew" alt="" coords="1100,56,1343,83">
<area shape="rect" href="$antlr3defs_8h.html#80515ce12fe3b7e18473029d07dceaa7" title="antlr3CommonTreeNodeStreamNewTree" alt="" coords="1399,56,1668,83">
<area shape="rect" href="$antlr3debughandlers_8c.html#15dd87baf368c6b3bfbafba79f2fa120" title="antlr3DebugListenerNewPort" alt="" coords="372,132,567,159">
