<area shape="rect" href="$antlr3collections_8c.html#cd2d302cb08802568e25ca38c6dab300" title="antlr3StackNew" alt="" coords="179,157,296,184">
<area shape="rect" href="$antlr3collections_8c.html#99f3fae8e9c54770146abc2cb020a231" title="antlr3StackFree" alt="" coords="347,5,464,32">
<area shape="rect" href="$antlr3collections_8c.html#6bb0d134fa5f66aa9ded4ac848e918df" title="antlr3StackGet" alt="" coords="349,56,461,83">
<area shape="rect" href="$antlr3collections_8c.html#c8ecfe429c38960590c9cad82f67cefb" title="antlr3StackPeek" alt="" coords="345,107,465,133">
<area shape="rect" href="$antlr3collections_8c.html#b077bdfbdbbd9f80d3516ae35bf7946c" title="antlr3StackPop" alt="" coords="348,157,463,184">
<area shape="rect" href="$antlr3collections_8c.html#fef965f027e9ed3c8da8ddfa863857c2" title="antlr3StackPush" alt="" coords="345,208,465,235">
<area shape="rect" href="$antlr3collections_8c.html#547f37375c784bc783e39701f6cdf410" title="antlr3StackSize" alt="" coords="347,259,464,285">
<area shape="rect" href="$antlr3collections_8c.html#0f20590f5ba34812e48d6cec3e126fd6" title="antlr3VectorNew" alt="" coords="344,309,467,336">
<area shape="rect" href="$antlr3collections_8c.html#257bb3a732b0aee54f196ea448944d0b" title="antlr3SetVectorApi" alt="" coords="515,309,651,336">
<area shape="rect" href="$antlr3collections_8c.html#b7bfa6d6ae69bd46b3c155d55a7162a1" title="Add the supplied pointer and freeing function pointer to the list, expanding the..." alt="" coords="712,107,832,133">
<area shape="rect" href="$antlr3collections_8c.html#a6d77074d26182876f7cc5269f39dcaf" title="antlr3VectorClear" alt="" coords="708,157,836,184">
<area shape="rect" href="$antlr3collections_8c.html#2f2a279a441ad513caf852f3f5387f1e" title="antlr3VectorDel" alt="" coords="715,208,829,235">
<area shape="rect" href="$antlr3collections_8c.html#cebfdc6cc1b28c406946fa6e72c1f581" title="antlr3VectorFree" alt="" coords="711,259,833,285">
<area shape="rect" href="$antlr3collections_8c.html#62297bdab210e5a852d9c778a48556b8" title="antlr3VectorGet" alt="" coords="713,309,831,336">
<area shape="rect" href="$antlr3collections_8c.html#ea45dc661f9abf012538728ab751962b" title="Replace the element at the specified entry point with the supplied entry." alt="" coords="715,360,829,387">
<area shape="rect" href="$antlr3collections_8c.html#080b1c287eb015e890bfb6d5c20be49c" title="antlr3VectorSize" alt="" coords="711,411,833,437">
<area shape="rect" href="$antlr3collections_8c.html#d8d9537615595fcbf0d5c1fecde4b4d9" title="Replace the element at the specified entry point with the supplied entry." alt="" coords="708,461,836,488">
<area shape="rect" href="$antlr3collections_8c.html#2ac98c6e0465a288734e77595a1b9d13" title="Remove the entry from the vector, but do not free any entry, even if it has a free..." alt="" coords="699,512,845,539">
<area shape="rect" href="$antlr3collections_8c.html#c0149859fb053a93f46163e0ee568b7f" title="antlr3VectorResize" alt="" coords="895,233,1031,260">
