<area shape="rect" href="$antlr3lexer_8h.html" title="Base interface for any ANTLR3 lexer." alt="" coords="407,80,503,107">
<area shape="rect" href="$antlr3defs_8h.html" title="Basic type and constant definitions for ANTLR3 Runtime." alt="" coords="1023,901,1116,928">
<area shape="rect" href="$antlr3input_8h.html" title="Defines the basic structures used to manipulate character streams from any input..." alt="" coords="208,453,307,480">
<area shape="rect" href="$antlr3commontoken_8h.html" title="Defines the interface for a common token." alt="" coords="659,603,811,629">
<area shape="rect" href="$antlr3tokenstream_8h.html" title="Defines the interface for an ANTLR3 common token stream." alt="" coords="500,379,641,405">
<area shape="rect" href="$antlr3baserecognizer_8h.html" title="Defines the basic structure to support recognizing by either a lexer, parser, or..." alt="" coords="604,155,764,181">
<area shape="rect" href="$antlr3errors_8h.html" title="antlr3errors.h" alt="" coords="1157,976,1261,1003">
<area shape="rect" href="$antlr3interfaces_8h.html" title="Declarations for all the antlr3 C runtime interfaces/classes." alt="" coords="1005,976,1133,1003">
<area shape="rect" href="$antlr3convertutf_8h.html" title="antlr3convertutf.h" alt="" coords="768,976,896,1003">
<area shape="rect" href="$antlr3string_8h.html" title="Simple string interface allows indiscriminate allocation of strings such that they..." alt="" coords="1132,677,1233,704">
<area shape="rect" href="$antlr3intstream_8h.html" title="Defines the the class interface for an antlr3 INTSTREAM." alt="" coords="411,528,533,555">
<area shape="rect" href="$antlr3collections_8h.html" title="antlr3collections.h" alt="" coords="1023,752,1153,779">
<area shape="rect" href="$antlr3bitset_8h.html" title="Defines the basic structures of an ANTLR3 bitset." alt="" coords="977,827,1076,853">
<area shape="rect" href="$antlr3debugeventlistener_8h.html" title="The definition of all debugging events that a recognizer can trigger." alt="" coords="861,528,1043,555">
<area shape="rect" href="$antlr3basetree_8h.html" title="Definition of the ANTLR3 base tree." alt="" coords="1328,603,1448,629">
<area shape="rect" href="$antlr3exception_8h.html" title="Contains the definition of a basic ANTLR3 exception structure created by a recognizer..." alt="" coords="760,304,885,331">
<area shape="rect" href="$antlr3commontreenodestream_8h.html" title="Definition of the ANTLR3 common tree node stream." alt="" coords="1016,304,1232,331">
<area shape="rect" href="$antlr3recognizersharedstate_8h.html" title="While the C runtime does not need to model the state of multiple lexers and parsers..." alt="" coords="1843,677,2045,704">
<area shape="rect" href="$antlr3parser_8h.html" title="Base implementation of an ANTLR3 parser." alt="" coords="263,229,369,256">
<area shape="rect" href="$antlr3treeparser_8h.html" title="antlr3treeparser.h" alt="" coords="1033,229,1164,256">
<area shape="rect" href="$antlr3commontreeadaptor_8h.html" title="Definition of the ANTLR3 common tree adaptor." alt="" coords="1259,379,1448,405">
<area shape="rect" href="$antlr3commontree_8h.html" title="antlr3commontree.h" alt="" coords="1523,528,1667,555">
<area shape="rect" href="$antlr3basetreeadaptor_8h.html" title="Definition of the ANTLR3 base tree adaptor." alt="" coords="1269,453,1437,480">
