<area shape="rect" href="$antlr3defs_8h.html#b5dc1c0ae38a18b0ff73a2989fe796de" title="Given a pointer to a base tree adaptor structure (which is usually embedded in the..." alt="" coords="669,56,851,83">
<area shape="rect" href="$antlr3defs_8h.html#7af2e71f4e4640fceee0cc362de6f9e0" title="antlr3BaseTreeNew" alt="" coords="195,171,336,198">
<area shape="rect" href="$antlr3defs_8h.html#16be71f3f2ecf449b84619b12ef60b99" title="antlr3RewriteRuleSubtreeStreamNewAE" alt="" coords="132,222,399,248">
<area shape="rect" href="$antlr3defs_8h.html#0acf53ce0fcc00588c1e04bab927adb9" title="antlr3RewriteRuleSubtreeStreamNewAEE" alt="" coords="128,272,403,299">
<area shape="rect" href="$antlr3defs_8h.html#40732f8c10bf9852b0672154bc0610d4" title="antlr3RewriteRuleSubtreeStreamNewAEV" alt="" coords="128,323,403,350">
<area shape="rect" href="$antlr3defs_8h.html#b957d9b226644a3af57c91c8553a9cf8" title="Debugging version of the tree adaptor (not normally called as generated code calls..." alt="" coords="1504,70,1760,96">
<area shape="rect" href="$antlr3defs_8h.html#8354d855e26d4417b311740c64b9f0e3" title="Create a new tree adaptor." alt="" coords="1239,107,1455,134">
<area shape="rect" href="$antlr3commontreeadaptor_8c.html#9f3d98260b86edc3b889d3cd04b27792" title="Causes an existing common tree adaptor to become a debug version." alt="" coords="989,107,1152,134">
<area shape="rect" href="$antlr3defs_8h.html#f53a0945d04dc72b9a3b927c1fa5ffd7" title="antlr3CommonTreeNodeStreamNew" alt="" coords="1511,146,1753,172">
<area shape="rect" href="$antlr3defs_8h.html#80515ce12fe3b7e18473029d07dceaa7" title="antlr3CommonTreeNodeStreamNewTree" alt="" coords="1809,146,2079,172">
<area shape="rect" href="$antlr3defs_8h.html#bc4461044e5277193e2597fb79f1829a" title="antlr3SetCTAPI" alt="" coords="452,196,567,223">
<area shape="rect" href="$antlr3defs_8h.html#dc10027310be547445fa9ed632d5dece" title="antlr3ArboretumNew" alt="" coords="997,158,1144,184">
<area shape="rect" href="$antlr3defs_8h.html#808d94fb338346aec62e85d66e8f4cf5" title="antlr3CommonTreeNew" alt="" coords="677,259,843,286">
<area shape="rect" href="$antlr3defs_8h.html#d8c49d0bf9bb605b1b8ae992afd70077" title="antlr3CommonTreeNodeStreamNewStream" alt="" coords="617,310,903,336">
<area shape="rect" href="$antlr3commontree_8c.html#108253520363014dfbdaf22f65f83275" title="newPoolTree" alt="" coords="709,107,811,134">
<area shape="rect" href="$antlr3defs_8h.html#2ff90d8c29831ff6c5697fd140e3e012" title="antlr3CommonTreeNewFromToken" alt="" coords="953,259,1188,286">
