<area shape="rect" href="$antlr3defs_8h.html#bc4461044e5277193e2597fb79f1829a" title="antlr3SetCTAPI" alt="" coords="111,179,225,205">
<area shape="rect" href="$antlr3defs_8h.html#dc10027310be547445fa9ed632d5dece" title="antlr3ArboretumNew" alt="" coords="656,128,803,155">
<area shape="rect" href="$antlr3defs_8h.html#f53a0945d04dc72b9a3b927c1fa5ffd7" title="antlr3CommonTreeNodeStreamNew" alt="" coords="1169,77,1412,104">
<area shape="rect" href="$antlr3defs_8h.html#808d94fb338346aec62e85d66e8f4cf5" title="antlr3CommonTreeNew" alt="" coords="336,280,501,307">
<area shape="rect" href="$antlr3defs_8h.html#d8c49d0bf9bb605b1b8ae992afd70077" title="antlr3CommonTreeNodeStreamNewStream" alt="" coords="276,229,561,256">
<area shape="rect" href="$antlr3commontree_8c.html#108253520363014dfbdaf22f65f83275" title="newPoolTree" alt="" coords="368,128,469,155">
<area shape="rect" href="$antlr3defs_8h.html#8354d855e26d4417b311740c64b9f0e3" title="Create a new tree adaptor." alt="" coords="897,128,1113,155">
<area shape="rect" href="$antlr3defs_8h.html#b957d9b226644a3af57c91c8553a9cf8" title="Debugging version of the tree adaptor (not normally called as generated code calls..." alt="" coords="1163,128,1419,155">
<area shape="rect" href="$antlr3defs_8h.html#80515ce12fe3b7e18473029d07dceaa7" title="antlr3CommonTreeNodeStreamNewTree" alt="" coords="1468,77,1737,104">
<area shape="rect" href="$antlr3defs_8h.html#2ff90d8c29831ff6c5697fd140e3e012" title="antlr3CommonTreeNewFromToken" alt="" coords="612,280,847,307">
