<area shape="rect" href="$antlr3defs_8h.html#bc4461044e5277193e2597fb79f1829a" title="antlr3SetCTAPI" alt="" coords="188,179,303,205">
<area shape="rect" href="$antlr3defs_8h.html#dc10027310be547445fa9ed632d5dece" title="antlr3ArboretumNew" alt="" coords="733,128,880,155">
<area shape="rect" href="$antlr3defs_8h.html#f53a0945d04dc72b9a3b927c1fa5ffd7" title="antlr3CommonTreeNodeStreamNew" alt="" coords="1247,77,1489,104">
<area shape="rect" href="$antlr3defs_8h.html#808d94fb338346aec62e85d66e8f4cf5" title="antlr3CommonTreeNew" alt="" coords="413,280,579,307">
<area shape="rect" href="$antlr3defs_8h.html#d8c49d0bf9bb605b1b8ae992afd70077" title="antlr3CommonTreeNodeStreamNewStream" alt="" coords="353,229,639,256">
<area shape="rect" href="$antlr3commontree_8c.html#108253520363014dfbdaf22f65f83275" title="newPoolTree" alt="" coords="445,128,547,155">
<area shape="rect" href="$antlr3defs_8h.html#8354d855e26d4417b311740c64b9f0e3" title="Create a new tree adaptor." alt="" coords="975,128,1191,155">
<area shape="rect" href="$antlr3defs_8h.html#b957d9b226644a3af57c91c8553a9cf8" title="Debugging version of the tree adaptor (not normally called as generated code calls..." alt="" coords="1240,128,1496,155">
<area shape="rect" href="$antlr3defs_8h.html#80515ce12fe3b7e18473029d07dceaa7" title="antlr3CommonTreeNodeStreamNewTree" alt="" coords="1545,77,1815,104">
<area shape="rect" href="$antlr3defs_8h.html#2ff90d8c29831ff6c5697fd140e3e012" title="antlr3CommonTreeNewFromToken" alt="" coords="689,280,924,307">
