<area shape="rect" href="$antlr3commontreenodestream_8c.html#dd9884870fc81679730a126a0b0ab2d1" title="_LA" alt="" coords="335,31,380,57">
<area shape="rect" href="$group__p_a_n_t_l_r3___i_n_t___s_t_r_e_a_m.html#g58e4ce6e808a830c69cc73f3db040ae4" title="antlr3IntStreamNew" alt="" coords="287,81,428,108">
<area shape="rect" href="$antlr3tokenstream_8c.html#e626fd40b41f59b8081b8c475b75381e" title="antlr3TokenStreamNew" alt="" coords="275,132,440,159">
<area shape="rect" href="$antlr3collections_8c.html#0f20590f5ba34812e48d6cec3e126fd6" title="antlr3VectorNew" alt="" coords="704,208,827,235">
<area shape="rect" href="$antlr3commontreenodestream_8c.html#758c7f9e34d4c5cc9af1a797c945e2e5" title="consume" alt="" coords="319,284,396,311">
<area shape="rect" href="$antlr3tokenstream_8c.html#1f684e577bbbd6c2caf93f928f66d3cb" title="discardOffChannel" alt="" coords="290,335,426,361">
<area shape="rect" href="$antlr3tokenstream_8c.html#957ed00ca94b98506c14e2a2e93c76c2" title="discardTokenType" alt="" coords="291,385,424,412">
<area shape="rect" href="$antlr3tokenstream_8c.html#9c162e58fc51af2218e7f6a8875fc7dd" title="getSourceName" alt="" coords="298,639,418,665">
<area shape="rect" href="$antlr3tokenstream_8c.html#b792e5bceb8b4ab761c0e1750b8ab0c0" title="getTokenRange" alt="" coords="299,689,416,716">
<area shape="rect" href="$antlr3tokenstream_8c.html#c468a91e063020d1ae77cfaa45ed0849" title="getTokens" alt="" coords="315,537,400,564">
<area shape="rect" href="$antlr3tokenstream_8c.html#e2ed59b6cc8b4e577a8387440be6f844" title="getTokensList" alt="" coords="304,740,411,767">
<area shape="rect" href="$antlr3tokenstream_8c.html#e16a4d8ea16e62cfc0e094ea57e1c3ea" title="getTokenSource" alt="" coords="298,791,418,817">
<area shape="rect" href="$antlr3tokenstream_8c.html#e15f03d21ef4c155daf9592cb6b7751a" title="Given a start and stop index, return a List of all tokens in the token type BitSet..." alt="" coords="306,487,410,513">
<area shape="rect" href="$antlr3tokenstream_8c.html#5ebafca6b5346f8aa57b25ac6f4f1238" title="getTokensType" alt="" coords="300,841,415,868">
<area shape="rect" href="$antlr3commontreenodestream_8c.html#0ddd24ffd4326d1375a3314e6a5040a1" title="mark" alt="" coords="332,892,383,919">
<area shape="rect" href="$antlr3commontreenodestream_8c.html#3d78ea41b70b3f17bbf8ace723950dbf" title="release" alt="" coords="324,943,391,969">
<area shape="rect" href="$group__p_a_n_t_l_r3___b_a_s_e___r_e_c_o_g_n_i_z_e_r.html#g3bbbf4338658f30c5b039e933232c988" title="reset" alt="" coords="332,233,383,260">
<area shape="rect" href="$antlr3commontreenodestream_8c.html#3a89fd12233870c26e783aa5018a0fb3" title="rewindLast" alt="" coords="314,993,402,1020">
<area shape="rect" href="$antlr3tokenstream_8c.html#a078f9d83a421d1a2034906290927530" title="rewindStream" alt="" coords="304,1044,411,1071">
<area shape="rect" href="$antlr3commontreenodestream_8c.html#b83c14bd6b800935fa2459f48e500d22" title="seek" alt="" coords="332,1095,383,1121">
<area shape="rect" href="$antlr3parser_8c.html#9be4603523bcb0c0288276227c9f66b2" title="setDebugListener" alt="" coords="294,1145,422,1172">
<area shape="rect" href="$antlr3tokenstream_8c.html#434fd825f03102aa947b2eee26513af9" title="setTokenSource" alt="" coords="298,1196,418,1223">
<area shape="rect" href="$antlr3tokenstream_8c.html#9fb1191e855ea785830c468d4eaae493" title="A simple filter mechanism whereby you can tell this token stream to force all tokens..." alt="" coords="279,436,436,463">
<area shape="rect" href="$antlr3commontreenodestream_8c.html#7d68f5af32504d0af4c13a4c9d33726d" title="size" alt="" coords="335,1247,380,1273">
<area shape="rect" href="$antlr3commontreenodestream_8c.html#3e61cdd923ffb6550b1389eb8329cc4c" title="tindex" alt="" coords="328,1297,387,1324">
<area shape="rect" href="$antlr3tokenstream_8c.html#797f427bfdba8fc5bf09dd4aa2e2d30a" title="Get the ith token from the current position 1." alt="" coords="330,588,386,615">
<area shape="rect" href="$antlr3commontoken_8c.html#c98555d67ba2799ecbabc4a41d6d3258" title="toString" alt="" coords="323,1348,392,1375">
<area shape="rect" href="$antlr3commontreenodestream_8c.html#c653ea52d4748c1662025370105f92d9" title="toStringSS" alt="" coords="314,1399,402,1425">
<area shape="rect" href="$antlr3tokenstream_8c.html#b8cdde43040ca3dc4186278671b5ef9c" title="toStringTT" alt="" coords="315,1449,400,1476">
<area shape="rect" href="$group__p_a_n_t_l_r3___i_n_t___s_t_r_e_a_m.html#gb9e98efaa7265d8af43f81feefeb6579" title="freeStream" alt="" coords="528,81,616,108">
<area shape="rect" href="$antlr3tokenstream_8c.html#0d53a1f3003aec757493e48c28646dd3" title="antlr3TokenStreamFree" alt="" coords="490,132,655,159">
<area shape="rect" href="$antlr3collections_8c.html#257bb3a732b0aee54f196ea448944d0b" title="antlr3SetVectorApi" alt="" coords="875,208,1011,235">
<area shape="rect" href="$antlr3collections_8c.html#b7bfa6d6ae69bd46b3c155d55a7162a1" title="Add the supplied pointer and freeing function pointer to the list, expanding the..." alt="" coords="1072,5,1192,32">
<area shape="rect" href="$antlr3collections_8c.html#a6d77074d26182876f7cc5269f39dcaf" title="antlr3VectorClear" alt="" coords="1068,56,1196,83">
<area shape="rect" href="$antlr3collections_8c.html#2f2a279a441ad513caf852f3f5387f1e" title="antlr3VectorDel" alt="" coords="1075,107,1190,133">
<area shape="rect" href="$antlr3collections_8c.html#cebfdc6cc1b28c406946fa6e72c1f581" title="antlr3VectorFree" alt="" coords="1071,157,1194,184">
<area shape="rect" href="$antlr3collections_8c.html#62297bdab210e5a852d9c778a48556b8" title="antlr3VectorGet" alt="" coords="1074,208,1191,235">
<area shape="rect" href="$antlr3collections_8c.html#ea45dc661f9abf012538728ab751962b" title="Replace the element at the specified entry point with the supplied entry." alt="" coords="1075,259,1190,285">
<area shape="rect" href="$antlr3collections_8c.html#080b1c287eb015e890bfb6d5c20be49c" title="antlr3VectorSize" alt="" coords="1071,309,1194,336">
<area shape="rect" href="$antlr3collections_8c.html#d8d9537615595fcbf0d5c1fecde4b4d9" title="Replace the element at the specified entry point with the supplied entry." alt="" coords="1068,360,1196,387">
<area shape="rect" href="$antlr3collections_8c.html#2ac98c6e0465a288734e77595a1b9d13" title="Remove the entry from the vector, but do not free any entry, even if it has a free..." alt="" coords="1059,411,1206,437">
<area shape="rect" href="$antlr3collections_8c.html#951952f4d3a047d11f54bc833b5a333e" title="antlr3ListNew" alt="" coords="520,436,624,463">
<area shape="rect" href="$antlr3commontreenodestream_8c.html#c4507475b023b7f2393c5fbe5d080469" title="Walk tree with depth&#45;first&#45;search and fill nodes buffer." alt="" coords="536,537,608,564">
<area shape="rect" href="$antlr3bitset_8c.html#4952080b270043b249ba24ebfb5dd531" title="antlr3BitsetList" alt="" coords="516,740,628,767">
<area shape="rect" href="$antlr3bitset_8c.html#7e3066d027077cf306b765c5bff590bc" title="Creates a new bitset with at least one element, but as many elements are required..." alt="" coords="520,841,624,868">
<area shape="rect" href="$antlr3collections_8c.html#ebfa2c8a91028760ae220897b9e1569f" title="antlr3IntTrieNew" alt="" coords="511,284,634,311">
<area shape="rect" href="$antlr3collections_8c.html#cd2d302cb08802568e25ca38c6dab300" title="antlr3StackNew" alt="" coords="514,233,631,260">
<area shape="rect" href="$antlr3commontreenodestream_8c.html#fd185c37b39ba6acee5c8aeb1e114a87" title="LB" alt="" coords="554,588,591,615">
<area shape="rect" href="$antlr3tokenstream_8c.html#1dd7cfaada47bc6206a16bacba7ca090" title="skipOffTokenChannels" alt="" coords="492,639,652,665">
