<area shape="rect" href="$antlr3tokenstream_8c.html#d4ef5baa73e1fdd0f0c2fc4cce4277cb" title="antlr3CommonTokenStreamSourceNew" alt="" coords="359,740,620,767">
<area shape="rect" href="$antlr3tokenstream_8c.html#5f608412dd2b5bf76e6b69cc58690a02" title="As per ordinary consume but notifies the debugger about hidden tokens and so on." alt="" coords="439,1120,540,1147">
<area shape="rect" href="$antlr3tokenstream_8c.html#646fe8a98319263a05d44a79ba48017f" title="dbgLA" alt="" coords="459,1171,520,1197">
<area shape="rect" href="$antlr3tokenstream_8c.html#ecc81531a5ad4436519c0da8b4393a02" title="dbgMark" alt="" coords="452,1221,527,1248">
<area shape="rect" href="$antlr3tokenstream_8c.html#e5cf20f7803d79b7838a2c48c07b0bdc" title="dbgRewindLast" alt="" coords="432,1272,547,1299">
<area shape="rect" href="$antlr3tokenstream_8c.html#8c5e585cc1b04010189d9ac6f91f8d41" title="dbgRewindStream" alt="" coords="423,1323,556,1349">
<area shape="rect" href="$antlr3tokenstream_8c.html#2270eaaebb9fda9d7c8d5c66f12c36e3" title="dbgSeek" alt="" coords="452,1373,527,1400">
<area shape="rect" href="$antlr3tokenstream_8c.html#1a8cbd37efa7393170dfd68c63b467d6" title="As per the normal tokLT but sends information to the debugger." alt="" coords="448,1424,531,1451">
<area shape="rect" href="$antlr3tokenstream_8c.html#b8426bed8df754240d19d2ee37edee70" title="antlr3CommonTokenStreamNew" alt="" coords="671,740,889,767">
<area shape="rect" href="$antlr3tokenstream_8c.html#b12eda11f60ee7a3ffc891d8d3880469" title="antlr3CTSFree" alt="" coords="724,689,836,716">
<area shape="rect" href="$antlr3commontreenodestream_8c.html#dd9884870fc81679730a126a0b0ab2d1" title="_LA" alt="" coords="999,512,1044,539">
<area shape="rect" href="$group__p_a_n_t_l_r3___i_n_t___s_t_r_e_a_m.html#g58e4ce6e808a830c69cc73f3db040ae4" title="antlr3IntStreamNew" alt="" coords="951,563,1092,589">
<area shape="rect" href="$antlr3tokenstream_8c.html#e626fd40b41f59b8081b8c475b75381e" title="antlr3TokenStreamNew" alt="" coords="939,613,1104,640">
<area shape="rect" href="$antlr3collections_8c.html#0f20590f5ba34812e48d6cec3e126fd6" title="antlr3VectorNew" alt="" coords="960,664,1083,691">
<area shape="rect" href="$antlr3commontreenodestream_8c.html#758c7f9e34d4c5cc9af1a797c945e2e5" title="consume" alt="" coords="983,1373,1060,1400">
<area shape="rect" href="$antlr3tokenstream_8c.html#1f684e577bbbd6c2caf93f928f66d3cb" title="discardOffChannel" alt="" coords="953,715,1089,741">
<area shape="rect" href="$antlr3tokenstream_8c.html#957ed00ca94b98506c14e2a2e93c76c2" title="discardTokenType" alt="" coords="955,968,1088,995">
<area shape="rect" href="$antlr3tokenstream_8c.html#9c162e58fc51af2218e7f6a8875fc7dd" title="getSourceName" alt="" coords="961,816,1081,843">
<area shape="rect" href="$antlr3tokenstream_8c.html#b792e5bceb8b4ab761c0e1750b8ab0c0" title="getTokenRange" alt="" coords="963,867,1080,893">
<area shape="rect" href="$antlr3tokenstream_8c.html#c468a91e063020d1ae77cfaa45ed0849" title="getTokens" alt="" coords="979,1120,1064,1147">
<area shape="rect" href="$antlr3tokenstream_8c.html#e2ed59b6cc8b4e577a8387440be6f844" title="getTokensList" alt="" coords="968,765,1075,792">
<area shape="rect" href="$antlr3tokenstream_8c.html#e16a4d8ea16e62cfc0e094ea57e1c3ea" title="getTokenSource" alt="" coords="961,1019,1081,1045">
<area shape="rect" href="$antlr3tokenstream_8c.html#e15f03d21ef4c155daf9592cb6b7751a" title="Given a start and stop index, return a List of all tokens in the token type BitSet..." alt="" coords="969,1069,1073,1096">
<area shape="rect" href="$antlr3tokenstream_8c.html#5ebafca6b5346f8aa57b25ac6f4f1238" title="getTokensType" alt="" coords="964,208,1079,235">
<area shape="rect" href="$antlr3commontreenodestream_8c.html#0ddd24ffd4326d1375a3314e6a5040a1" title="mark" alt="" coords="996,1171,1047,1197">
<area shape="rect" href="$antlr3commontreenodestream_8c.html#3d78ea41b70b3f17bbf8ace723950dbf" title="release" alt="" coords="988,1221,1055,1248">
<area shape="rect" href="$group__p_a_n_t_l_r3___b_a_s_e___r_e_c_o_g_n_i_z_e_r.html#g3bbbf4338658f30c5b039e933232c988" title="reset" alt="" coords="996,1272,1047,1299">
<area shape="rect" href="$antlr3commontreenodestream_8c.html#3a89fd12233870c26e783aa5018a0fb3" title="rewindLast" alt="" coords="977,1323,1065,1349">
<area shape="rect" href="$antlr3tokenstream_8c.html#a078f9d83a421d1a2034906290927530" title="rewindStream" alt="" coords="968,5,1075,32">
<area shape="rect" href="$antlr3commontreenodestream_8c.html#b83c14bd6b800935fa2459f48e500d22" title="seek" alt="" coords="996,56,1047,83">
<area shape="rect" href="$antlr3parser_8c.html#9be4603523bcb0c0288276227c9f66b2" title="setDebugListener" alt="" coords="957,107,1085,133">
<area shape="rect" href="$antlr3tokenstream_8c.html#434fd825f03102aa947b2eee26513af9" title="setTokenSource" alt="" coords="961,157,1081,184">
<area shape="rect" href="$antlr3tokenstream_8c.html#9fb1191e855ea785830c468d4eaae493" title="A simple filter mechanism whereby you can tell this token stream to force all tokens..." alt="" coords="943,917,1100,944">
<area shape="rect" href="$antlr3commontreenodestream_8c.html#7d68f5af32504d0af4c13a4c9d33726d" title="size" alt="" coords="999,259,1044,285">
<area shape="rect" href="$antlr3commontreenodestream_8c.html#3e61cdd923ffb6550b1389eb8329cc4c" title="tindex" alt="" coords="992,309,1051,336">
<area shape="rect" href="$antlr3tokenstream_8c.html#797f427bfdba8fc5bf09dd4aa2e2d30a" title="Get the ith token from the current position 1." alt="" coords="993,1424,1049,1451">
<area shape="rect" href="$antlr3commontoken_8c.html#c98555d67ba2799ecbabc4a41d6d3258" title="toString" alt="" coords="987,360,1056,387">
<area shape="rect" href="$antlr3commontreenodestream_8c.html#c653ea52d4748c1662025370105f92d9" title="toStringSS" alt="" coords="977,411,1065,437">
<area shape="rect" href="$antlr3tokenstream_8c.html#b8cdde43040ca3dc4186278671b5ef9c" title="toStringTT" alt="" coords="979,461,1064,488">
<area shape="rect" href="$group__p_a_n_t_l_r3___i_n_t___s_t_r_e_a_m.html#gb9e98efaa7265d8af43f81feefeb6579" title="freeStream" alt="" coords="1192,563,1280,589">
<area shape="rect" href="$antlr3tokenstream_8c.html#0d53a1f3003aec757493e48c28646dd3" title="antlr3TokenStreamFree" alt="" coords="1153,613,1319,640">
<area shape="rect" href="$antlr3collections_8c.html#257bb3a732b0aee54f196ea448944d0b" title="antlr3SetVectorApi" alt="" coords="1168,664,1304,691">
<area shape="rect" href="$antlr3collections_8c.html#951952f4d3a047d11f54bc833b5a333e" title="antlr3ListNew" alt="" coords="1184,968,1288,995">
<area shape="rect" href="$antlr3commontreenodestream_8c.html#c4507475b023b7f2393c5fbe5d080469" title="Walk tree with depth&#45;first&#45;search and fill nodes buffer." alt="" coords="1200,1120,1272,1147">
<area shape="rect" href="$antlr3bitset_8c.html#4952080b270043b249ba24ebfb5dd531" title="antlr3BitsetList" alt="" coords="1180,765,1292,792">
<area shape="rect" href="$antlr3bitset_8c.html#7e3066d027077cf306b765c5bff590bc" title="Creates a new bitset with at least one element, but as many elements are required..." alt="" coords="1184,208,1288,235">
<area shape="rect" href="$antlr3commontreenodestream_8c.html#fd185c37b39ba6acee5c8aeb1e114a87" title="LB" alt="" coords="1217,1449,1255,1476">
<area shape="rect" href="$antlr3tokenstream_8c.html#1dd7cfaada47bc6206a16bacba7ca090" title="skipOffTokenChannels" alt="" coords="1156,1399,1316,1425">
<area shape="rect" href="$antlr3tokenstream_8c.html#7eb43fbdb0d03b01be558a53247ec972" title="Debug only method to flag consumption of initial off&#45;channel tokens in the input..." alt="" coords="681,1323,879,1349">
