<area shape="rect" href="$antlr3commontree_8c.html#bc4461044e5277193e2597fb79f1829a" title="antlr3SetCTAPI" alt="" coords="428,816,543,843">
<area shape="rect" href="$antlr3collections_8c.html#cd2d302cb08802568e25ca38c6dab300" title="antlr3StackNew" alt="" coords="427,208,544,235">
<area shape="rect" href="$antlr3collections_8c.html#d2af1b896785509504749cc82e9ac07a" title="Vector factory creation." alt="" coords="200,411,368,438">
<area shape="rect" href="$antlr3collections_8c.html#f2e0986dc2c7f23b76b653aa3b6e6274" title="newPool" alt="" coords="636,462,711,488">
<area shape="rect" href="$antlr3commontoken_8c.html#138055a9dcffd2bccf6cb8a47053ae0c" title="factoryClose" alt="" coords="235,664,334,691">
<area shape="rect" href="$antlr3commontree_8c.html#4ee1fbc2841cf01518e1d0cd0b620e1e" title="newFromToken" alt="" coords="227,715,342,742">
<area shape="rect" href="$antlr3commontree_8c.html#629b852e537616c63e10abcea6668c40" title="newFromTree" alt="" coords="231,766,338,792">
<area shape="rect" href="$antlr3commontree_8c.html#108253520363014dfbdaf22f65f83275" title="newPoolTree" alt="" coords="234,614,335,640">
<area shape="rect" href="$antlr3basetree_8c.html#7af2e71f4e4640fceee0cc362de6f9e0" title="antlr3BaseTreeNew" alt="" coords="603,1070,744,1096">
<area shape="rect" href="$antlr3basetree_8c.html#c0a5b07c2cc53a3f2938e6e94d9b1605" title="getCharPositionInLine" alt="" coords="794,588,948,615">
<area shape="rect" href="$antlr3basetree_8c.html#f89cad82ec0276b7f9183476bdfaa322" title="getLine" alt="" coords="838,1323,904,1350">
<area shape="rect" href="$antlr3commontree_8c.html#b297521e0928530da5e7195a247f1136" title="Create a new vector for holding child nodes using the inbuilt vector factory." alt="" coords="608,1171,739,1198">
<area shape="rect" href="$antlr3commontree_8c.html#00872fc95025076f2ce0a1665d144a4b" title="dupNode" alt="" coords="635,1222,712,1248">
<area shape="rect" href="$antlr3commontree_8c.html#77d4c513c62084ce93910b7698a240c2" title="getChildIndex" alt="" coords="622,563,726,590">
<area shape="rect" href="$antlr3commontree_8c.html#42e0f21c4d7025ecfe829c345c8919b0" title="getParent" alt="" coords="634,614,714,640">
<area shape="rect" href="$antlr3basetreeadaptor_8c.html#e87582e8774b76849cb729d32d4406f4" title="Dummy implementation &#45; will be supplied by super class." alt="" coords="640,664,707,691">
<area shape="rect" href="$antlr3commontree_8c.html#c5e6d66c8f5b364e4ee308a762f1927d" title="getToken" alt="" coords="635,715,712,742">
<area shape="rect" href="$antlr3basetreeadaptor_8c.html#f002bbd918744c2e414a5fa6f352b491" title="Dummy implementation &#45; will be supplied by super class." alt="" coords="639,766,708,792">
<area shape="rect" href="$antlr3basetreeadaptor_8c.html#abc643f85eadb890a10cb3ca001f9330" title="isNilNode" alt="" coords="634,816,714,843">
<area shape="rect" href="$antlr3commontree_8c.html#8a548aab28e9961332826e83480544b8" title="Clean up any child vector that the tree might have, so it can be reused, then add..." alt="" coords="646,867,702,894">
<area shape="rect" href="$antlr3commontree_8c.html#a121ec7b864d6cd8e3822c18f431f885" title="setChildIndex" alt="" coords="622,918,726,944">
<area shape="rect" href="$antlr3commontree_8c.html#b58e39f01e4d6fe40212936d6c2b46b5" title="setParent" alt="" coords="634,968,714,995">
<area shape="rect" href="$antlr3commontoken_8c.html#c98555d67ba2799ecbabc4a41d6d3258" title="toString" alt="" coords="639,1019,708,1046">
<area shape="rect" href="$antlr3basetree_8c.html#b5c4b9d608ad720b8399a1a52e380184" title="addChild" alt="" coords="834,1171,908,1198">
<area shape="rect" href="$antlr3basetree_8c.html#c54a81caba8c32a06594a05fcf7dc43c" title="Set the parent and child indexes for all children of the supplied tree." alt="" coords="998,1146,1155,1172">
<area shape="rect" href="$antlr3basetree_8c.html#bf310a3fe8d0697c586ed3b72ae77824" title="Add all elements of the supplied list as children of this node." alt="" coords="823,1222,919,1248">
<area shape="rect" href="$antlr3basetree_8c.html#bade5e407a76ff80f5a9a99e79d94417" title="deleteChild" alt="" coords="826,1272,916,1299">
<area shape="rect" href="$antlr3basetree_8c.html#968076e57330da2c02dc905d1e470a15" title="dupTree" alt="" coords="835,766,907,792">
<area shape="rect" href="$antlr3basetree_8c.html#8206aa0dc7a0419725505cde9847bed1" title="Set the parent and child indexes for some of the children of the supplied tree, starting..." alt="" coords="800,816,942,843">
<area shape="rect" href="$antlr3basetree_8c.html#653403930487771915e20fe6facda94f" title="getChild" alt="" coords="835,867,907,894">
<area shape="rect" href="$antlr3basetree_8c.html#b9974077da69e8911ff64c3518a05ca7" title="getChildCount" alt="" coords="818,918,924,944">
<area shape="rect" href="$antlr3basetree_8c.html#1d2d8c1b1141dba0553d183ab7b1174f" title="getFirstChildWithType" alt="" coords="794,968,948,995">
<area shape="rect" href="$antlr3basetree_8c.html#df47bb66cdb3101b23d8c522b11cc4cc" title="Delete children from start to stop and replace with t even if t is a list (nil&#45;root..." alt="" coords="812,676,930,703">
<area shape="rect" href="$antlr3basetree_8c.html#e569096da6888b797e778af899f3a97c" title="setChild" alt="" coords="835,1019,907,1046">
<area shape="rect" href="$antlr3basetree_8c.html#e6070f78b5a660f3b5192f9884a0ebee" title="toStringTree" alt="" coords="823,1070,919,1096">
<area shape="rect" href="$antlr3collections_8c.html#0f20590f5ba34812e48d6cec3e126fd6" title="antlr3VectorNew" alt="" coords="1015,411,1138,438">
<area shape="rect" href="$antlr3collections_8c.html#257bb3a732b0aee54f196ea448944d0b" title="antlr3SetVectorApi" alt="" coords="1203,360,1339,387">
<area shape="rect" href="$antlr3collections_8c.html#b7bfa6d6ae69bd46b3c155d55a7162a1" title="Add the supplied pointer and freeing function pointer to the list, expanding the..." alt="" coords="1392,310,1512,336">
<area shape="rect" href="$antlr3collections_8c.html#a6d77074d26182876f7cc5269f39dcaf" title="antlr3VectorClear" alt="" coords="1388,360,1516,387">
<area shape="rect" href="$antlr3collections_8c.html#2f2a279a441ad513caf852f3f5387f1e" title="antlr3VectorDel" alt="" coords="1395,411,1510,438">
<area shape="rect" href="$antlr3collections_8c.html#99f3fae8e9c54770146abc2cb020a231" title="antlr3StackFree" alt="" coords="615,56,732,83">
<area shape="rect" href="$antlr3collections_8c.html#6bb0d134fa5f66aa9ded4ac848e918df" title="antlr3StackGet" alt="" coords="618,107,730,134">
<area shape="rect" href="$antlr3collections_8c.html#c8ecfe429c38960590c9cad82f67cefb" title="antlr3StackPeek" alt="" coords="614,158,734,184">
<area shape="rect" href="$antlr3collections_8c.html#b077bdfbdbbd9f80d3516ae35bf7946c" title="antlr3StackPop" alt="" coords="616,208,731,235">
<area shape="rect" href="$antlr3collections_8c.html#fef965f027e9ed3c8da8ddfa863857c2" title="antlr3StackPush" alt="" coords="614,259,734,286">
<area shape="rect" href="$antlr3collections_8c.html#547f37375c784bc783e39701f6cdf410" title="antlr3StackSize" alt="" coords="615,6,732,32">
<area shape="rect" href="$antlr3collections_8c.html#212aa039ba56656b98bc6e20f2954c1e" title="closeVectorFactory" alt="" coords="416,462,555,488">
<area shape="rect" href="$antlr3collections_8c.html#ae2b5e482ecb52195b7d0b6693b888c1" title="newVector" alt="" coords="443,360,528,387">
<area shape="rect" href="$antlr3collections_8c.html#884a073fcef4167cb61409395b23971b" title="returnVector" alt="" coords="438,411,534,438">
