<area shape="rect" href="$antlr3defs_8h.html#dc10027310be547445fa9ed632d5dece" title="antlr3ArboretumNew" alt="" coords="504,59,651,85">
<area shape="rect" href="$antlr3defs_8h.html#3e0e53093c8170217cb4bee33c2714c9" title="antlr3TokenFactoryNew" alt="" coords="290,252,455,279">
<area shape="rect" href="$antlr3defs_8h.html#d2af1b896785509504749cc82e9ac07a" title="Vector factory creation." alt="" coords="288,107,456,133">
<area shape="rect" href="$antlr3commontoken_8c.html#453fd144d2f4a6ad6ab57ec106d8b6ae" title="factoryReset" alt="" coords="135,309,234,336">
<area shape="rect" href="$antlr3commontoken_8c.html#fa0c747a497553a3b1f7508bcbba22fd" title="newPoolToken" alt="" coords="128,208,240,235">
<area shape="rect" href="$antlr3commontree_8c.html#108253520363014dfbdaf22f65f83275" title="newPoolTree" alt="" coords="322,5,423,32">
<area shape="rect" href="$antlr3collections_8c.html#ae2b5e482ecb52195b7d0b6693b888c1" title="newVector" alt="" coords="142,157,227,184">
<area shape="rect" href="$antlr3defs_8h.html#8354d855e26d4417b311740c64b9f0e3" title="Create a new tree adaptor." alt="" coords="700,65,916,92">
<area shape="rect" href="$antlr3defs_8h.html#b957d9b226644a3af57c91c8553a9cf8" title="Debugging version of the tree adaptor (not normally called as generated code calls..." alt="" coords="966,91,1222,117">
<area shape="rect" href="$antlr3defs_8h.html#f53a0945d04dc72b9a3b927c1fa5ffd7" title="antlr3CommonTreeNodeStreamNew" alt="" coords="972,40,1215,67">
<area shape="rect" href="$antlr3defs_8h.html#80515ce12fe3b7e18473029d07dceaa7" title="antlr3CommonTreeNodeStreamNewTree" alt="" coords="1271,40,1540,67">
<area shape="rect" href="$group__p_a_n_t_l_r3___b_a_s_e___r_e_c_o_g_n_i_z_e_r.html#g22c45f91acc78faa73e6b1fd637e3e0c" title="getMissingSymbol" alt="" coords="512,252,643,279">
<area shape="rect" href="$antlr3lexer_8c.html#3f121d133cb810a9687aee3089e33be8" title="setCharStream" alt="" coords="752,156,864,183">
<area shape="rect" href="$group__p_a_n_t_l_r3___b_a_s_e___r_e_c_o_g_n_i_z_e_r.html#g5b539798327f965e6289a9f613515c9a" title="antlr3BaseRecognizerNew" alt="" coords="718,257,899,284">
<area shape="rect" href="$antlr3defs_8h.html#ad5d94a0ad6c1d4788f95debb67cf642" title="antlr3LexerNew" alt="" coords="1035,207,1152,233">
<area shape="rect" href="$antlr3defs_8h.html#8a8b2581755eff523fb3d2e427bb9b3f" title="antlr3TreeParserNewStream" alt="" coords="996,308,1191,335">
<area shape="rect" href="$antlr3defs_8h.html#e667dafdcef9adc2fceebc8420a7cded" title="antlr3ParserNew" alt="" coords="1032,257,1155,284">
<area shape="rect" href="$antlr3defs_8h.html#cea4b4491be51f1d3f57d4d2836d9d0d" title="antlr3LexerNewStream" alt="" coords="1326,181,1486,208">
<area shape="rect" href="$antlr3defs_8h.html#bede6d25edd8b3e67f8aa6a5094b6f9c" title="antlr3ParserNewStream" alt="" coords="1322,257,1490,284">
<area shape="rect" href="$antlr3defs_8h.html#ba8e0e27ff9976bb757191bf45b7d49f" title="antlr3ParserNewStreamDbg" alt="" coords="1590,257,1782,284">
