<area shape="rect" href="$antlr3rewritestreams_8c.html#38bb0f23ac628ec8dab06e6c3b09a7d7" title="Do the work of getting the next element, making sure that it&#39;s a tree node or..." alt="" coords="349,5,405,32">
<area shape="rect" href="$antlr3rewritestreams_8c.html#c62695e133933981a66879766d7f6b13" title="freeRS" alt="" coords="345,56,409,83">
<area shape="rect" href="$antlr3rewritestreams_8c.html#28bae236ccf847a63f744b3fa1caa852" title="Returns the description string if there is one available (check for NULL)." alt="" coords="323,107,432,133">
<area shape="rect" href="$antlr3rewritestreams_8c.html#527085061676d9ba4eae6ca1a079c2f7" title="Returns ANTLR3_TRUE if there is a next element available." alt="" coords="341,157,413,184">
<area shape="rect" href="$antlr3rewritestreams_8c.html#92c4d9fcaea24e9f6b4f658711bacc07" title="Return the next element in the stream." alt="" coords="353,208,401,235">
<area shape="rect" href="$antlr3rewritestreams_8c.html#8af2b03358a5b6485d1218e0922d909d" title="Treat next element as a single node even if it&#39;s a subtree." alt="" coords="849,360,929,387">
<area shape="rect" href="$antlr3lexer_8c.html#c9a1246efbb94ec9e0069b70c3c53502" title="Default implementation of the nextToken() call for a lexer." alt="" coords="335,309,420,336">
<area shape="rect" href="$antlr3rewritestreams_8c.html#953b1f2a52a6761d20bb4d571999e020" title="Return the next element in the stream." alt="" coords="340,360,415,387">
<area shape="rect" href="$group__p_a_n_t_l_r3___b_a_s_e___r_e_c_o_g_n_i_z_e_r.html#g3bbbf4338658f30c5b039e933232c988" title="reset" alt="" coords="352,411,403,437">
<area shape="rect" href="$antlr3commontreenodestream_8c.html#7d68f5af32504d0af4c13a4c9d33726d" title="size" alt="" coords="355,461,400,488">
<area shape="rect" href="$antlr3rewritestreams_8c.html#5c60528203598efec2bb28ba27f26400" title="We don;t explicitly convert to a tree unless the call goes to nextTree, which means..." alt="" coords="347,512,408,539">
<area shape="rect" href="$antlr3rewritestreams_8c.html#b6dc8f330e64e2472ac0a66ffc50214a" title="expungeRS" alt="" coords="496,56,587,83">
<area shape="rect" href="$antlr3lexer_8c.html#d0765a37fb94635afbfaad254c12c496" title="Returns the next available token from the current input stream." alt="" coords="491,309,592,336">
<area shape="rect" href="$antlr3lexer_8c.html#f9d72282d839ad84befc641f4ca94330" title="emit" alt="" coords="688,309,736,336">
<area shape="rect" href="$antlr3collections_8c.html#ebfa2c8a91028760ae220897b9e1569f" title="antlr3IntTrieNew" alt="" coords="480,411,603,437">
<area shape="rect" href="$antlr3collections_8c.html#cd2d302cb08802568e25ca38c6dab300" title="antlr3StackNew" alt="" coords="483,689,600,716">
<area shape="rect" href="$antlr3collections_8c.html#3ebf80a2d49c150bb4cec09b1f1a8de8" title="Add an entry into the INT trie." alt="" coords="669,360,755,387">
<area shape="rect" href="$antlr3collections_8c.html#fc8005cf1d48920a919f0eccfb790c08" title="intTrieDel" alt="" coords="672,411,752,437">
<area shape="rect" href="$antlr3collections_8c.html#dd96e44fde4b254561351ced62e40610" title="Called to free all nodes and the structure itself." alt="" coords="668,512,756,539">
<area shape="rect" href="$antlr3collections_8c.html#b9ae9a1625b433fdbb1a143db4a6e96b" title="Search the int Trie and return a pointer to the first bucket indexed by the key if..." alt="" coords="671,461,753,488">
<area shape="rect" href="$antlr3collections_8c.html#e82482b65854afcf24283347aa936bd3" title="Release memory allocated to this tree." alt="" coords="843,512,936,539">
<area shape="rect" href="$antlr3collections_8c.html#99f3fae8e9c54770146abc2cb020a231" title="antlr3StackFree" alt="" coords="653,563,771,589">
<area shape="rect" href="$antlr3collections_8c.html#6bb0d134fa5f66aa9ded4ac848e918df" title="antlr3StackGet" alt="" coords="656,613,768,640">
<area shape="rect" href="$antlr3collections_8c.html#c8ecfe429c38960590c9cad82f67cefb" title="antlr3StackPeek" alt="" coords="652,664,772,691">
<area shape="rect" href="$antlr3collections_8c.html#b077bdfbdbbd9f80d3516ae35bf7946c" title="antlr3StackPop" alt="" coords="655,715,769,741">
<area shape="rect" href="$antlr3collections_8c.html#fef965f027e9ed3c8da8ddfa863857c2" title="antlr3StackPush" alt="" coords="652,765,772,792">
<area shape="rect" href="$antlr3collections_8c.html#547f37375c784bc783e39701f6cdf410" title="antlr3StackSize" alt="" coords="653,816,771,843">
<area shape="rect" href="$antlr3collections_8c.html#0f20590f5ba34812e48d6cec3e126fd6" title="antlr3VectorNew" alt="" coords="651,867,773,893">
<area shape="rect" href="$antlr3collections_8c.html#257bb3a732b0aee54f196ea448944d0b" title="antlr3SetVectorApi" alt="" coords="821,867,957,893">
<area shape="rect" href="$antlr3collections_8c.html#b7bfa6d6ae69bd46b3c155d55a7162a1" title="Add the supplied pointer and freeing function pointer to the list, expanding the..." alt="" coords="1019,664,1139,691">
<area shape="rect" href="$antlr3collections_8c.html#a6d77074d26182876f7cc5269f39dcaf" title="antlr3VectorClear" alt="" coords="1015,715,1143,741">
<area shape="rect" href="$antlr3collections_8c.html#2f2a279a441ad513caf852f3f5387f1e" title="antlr3VectorDel" alt="" coords="1021,765,1136,792">
<area shape="rect" href="$antlr3collections_8c.html#cebfdc6cc1b28c406946fa6e72c1f581" title="antlr3VectorFree" alt="" coords="1017,816,1140,843">
<area shape="rect" href="$antlr3collections_8c.html#62297bdab210e5a852d9c778a48556b8" title="antlr3VectorGet" alt="" coords="1020,867,1137,893">
<area shape="rect" href="$antlr3collections_8c.html#ea45dc661f9abf012538728ab751962b" title="Replace the element at the specified entry point with the supplied entry." alt="" coords="1021,917,1136,944">
<area shape="rect" href="$antlr3collections_8c.html#080b1c287eb015e890bfb6d5c20be49c" title="antlr3VectorSize" alt="" coords="1017,968,1140,995">
<area shape="rect" href="$antlr3collections_8c.html#d8d9537615595fcbf0d5c1fecde4b4d9" title="Replace the element at the specified entry point with the supplied entry." alt="" coords="1015,1019,1143,1045">
<area shape="rect" href="$antlr3collections_8c.html#2ac98c6e0465a288734e77595a1b9d13" title="Remove the entry from the vector, but do not free any entry, even if it has a free..." alt="" coords="1005,1069,1152,1096">
<area shape="rect" href="$antlr3collections_8c.html#c0149859fb053a93f46163e0ee568b7f" title="antlr3VectorResize" alt="" coords="1201,791,1337,817">
