<area shape="rect" href="$antlr3string_8c.html#a4bb69b65c9021096ab73b5b0f4d8228" title="newRaw8" alt="" coords="136,107,219,133">
<area shape="rect" href="$antlr3defs_8h.html#200b7c19862c160ede36ca863ad60515" title="antlr3StringFactoryNew" alt="" coords="733,107,899,133">
<area shape="rect" href="$antlr3string_8c.html#c0b96c0e5bacfbc2f57967cb78709026" title="to8_UTF16" alt="" coords="267,132,357,159">
<area shape="rect" href="$antlr3input_8h.html#5242ac4de37caa0abe292ad0bd542d68" title="Common function to setup function interface for an 8 bit input stream." alt="" coords="960,5,1120,32">
<area shape="rect" href="$antlr3input_8h.html#af870afb95b0a59fe6bfd4395df9efc7" title="Common function to setup function interface for a EBCDIC input stream." alt="" coords="947,56,1133,83">
<area shape="rect" href="$antlr3input_8h.html#cafc8ebb856269e54d4ac5819d6456d7" title="Common function to setup function interface for a UTF16 or UCS2 input stream." alt="" coords="952,107,1128,133">
<area shape="rect" href="$antlr3input_8h.html#bc45456235e1307ca5246886580bc2fd" title="Common function to setup function interface for a UTF3 input stream." alt="" coords="952,157,1128,184">
<area shape="rect" href="$antlr3input_8h.html#2dad091fd85b499275fa56b02fea050f" title="Common function to setup function interface for a UTF8 input stream." alt="" coords="955,208,1125,235">
<area shape="rect" href="$antlr3filestream_8c.html#56d2eae6db387d445e469692095565f1" title="Determine endianess of the input stream and install the API required for the encoding..." alt="" coords="1183,107,1311,133">
<area shape="rect" href="$antlr3defs_8h.html#547a084500333d6bd14eab56aaa326fa" title="antlr3FileStreamNew" alt="" coords="1367,81,1516,108">
<area shape="rect" href="$antlr3defs_8h.html#e9a868f3283bbe989d378fc2c934fe6f" title="antlr3StringStreamNew" alt="" coords="1360,132,1523,159">
<area shape="rect" href="$antlr3string_8c.html#7ded3fa05996a62acf3311e45241886e" title="stringInitUTF16" alt="" coords="405,132,520,159">
<area shape="rect" href="$antlr3string_8c.html#93372cb673c5b7bb15a82a1f8148584c" title="newRawUTF16" alt="" coords="569,132,684,159">
