<area shape="rect" href="$antlr3collections_8c.html#0f20590f5ba34812e48d6cec3e126fd6" title="antlr3VectorNew" alt="" coords="107,208,229,235">
<area shape="rect" href="$antlr3collections_8c.html#257bb3a732b0aee54f196ea448944d0b" title="antlr3SetVectorApi" alt="" coords="277,208,413,235">
<area shape="rect" href="$antlr3collections_8c.html#b7bfa6d6ae69bd46b3c155d55a7162a1" title="Add the supplied pointer and freeing function pointer to the list, expanding the..." alt="" coords="475,6,595,32">
<area shape="rect" href="$antlr3collections_8c.html#a6d77074d26182876f7cc5269f39dcaf" title="antlr3VectorClear" alt="" coords="471,56,599,83">
<area shape="rect" href="$antlr3collections_8c.html#2f2a279a441ad513caf852f3f5387f1e" title="antlr3VectorDel" alt="" coords="477,107,592,134">
<area shape="rect" href="$antlr3collections_8c.html#cebfdc6cc1b28c406946fa6e72c1f581" title="antlr3VectorFree" alt="" coords="473,158,596,184">
<area shape="rect" href="$antlr3collections_8c.html#62297bdab210e5a852d9c778a48556b8" title="antlr3VectorGet" alt="" coords="476,208,593,235">
<area shape="rect" href="$antlr3collections_8c.html#ea45dc661f9abf012538728ab751962b" title="Replace the element at the specified entry point with the supplied entry." alt="" coords="477,259,592,286">
<area shape="rect" href="$antlr3collections_8c.html#080b1c287eb015e890bfb6d5c20be49c" title="antlr3VectorSize" alt="" coords="473,310,596,336">
<area shape="rect" href="$antlr3collections_8c.html#d8d9537615595fcbf0d5c1fecde4b4d9" title="Replace the element at the specified entry point with the supplied entry." alt="" coords="471,360,599,387">
<area shape="rect" href="$antlr3collections_8c.html#2ac98c6e0465a288734e77595a1b9d13" title="Remove the entry from the vector, but do not free any entry, even if it has a free..." alt="" coords="461,411,608,438">
<area shape="rect" href="$antlr3collections_8c.html#c0149859fb053a93f46163e0ee568b7f" title="antlr3VectorResize" alt="" coords="657,132,793,159">
