<area shape="rect" href="$antlr3defs_8h.html" title="Basic type and constant definitions for ANTLR3 Runtime." alt="" coords="325,453,419,480">
<area shape="rect" href="$antlr3string_8h.html" title="Simple string interface allows indiscriminate allocation of strings such that they..." alt="" coords="157,229,259,256">
<area shape="rect" href="$antlr3collections_8h.html" title="antlr3collections.h" alt="" coords="56,304,187,331">
<area shape="rect" href="$antlr3bitset_8h.html" title="Defines the basic structures of an ANTLR3 bitset." alt="" coords="59,379,157,405">
<area shape="rect" href="$antlr3input_8h.html" title="Defines the basic structures used to manipulate character streams from any input..." alt="" coords="496,155,595,181">
<area shape="rect" href="$antlr3commontoken_8h.html" title="Defines the interface for a common token." alt="" coords="435,304,587,331">
<area shape="rect" href="$antlr3debugeventlistener_8h.html" title="The definition of all debugging events that a recognizer can trigger." alt="" coords="256,80,437,107">
<area shape="rect" href="$antlr3errors_8h.html" title="antlr3errors.h" alt="" coords="460,528,564,555">
<area shape="rect" href="$antlr3interfaces_8h.html" title="Declarations for all the antlr3 C runtime interfaces/classes." alt="" coords="308,528,436,555">
<area shape="rect" href="$antlr3convertutf_8h.html" title="antlr3convertutf.h" alt="" coords="588,528,716,555">
<area shape="rect" href="$antlr3intstream_8h.html" title="Defines the the class interface for an antlr3 INTSTREAM." alt="" coords="435,229,557,256">
<area shape="rect" href="$antlr3basetree_8h.html" title="Definition of the ANTLR3 base tree." alt="" coords="189,155,309,181">
