<area shape="rect" href="$antlr3defs_8h.html" title="Basic type and constant definitions for ANTLR3 Runtime." alt="" coords="1256,901,1349,928">
<area shape="rect" href="$antlr3errors_8h.html" title="antlr3errors.h" alt="" coords="428,976,532,1003">
<area shape="rect" href="$antlr3exception_8h.html" title="Contains the definition of a basic ANTLR3 exception structure created by a recognizer..." alt="" coords="109,229,235,256">
<area shape="rect" href="$antlr3encodings_8h.html" title="antlr3encodings.h" alt="" coords="2501,155,2632,181">
<area shape="rect" href="$antlr3string_8h.html" title="Simple string interface allows indiscriminate allocation of strings such that they..." alt="" coords="1400,677,1501,704">
<area shape="rect" href="$antlr3collections_8h.html" title="antlr3collections.h" alt="" coords="1548,752,1679,779">
<area shape="rect" href="$antlr3bitset_8h.html" title="Defines the basic structures of an ANTLR3 bitset." alt="" coords="1477,827,1576,853">
<area shape="rect" href="$antlr3input_8h.html" title="Defines the basic structures used to manipulate character streams from any input..." alt="" coords="324,453,423,480">
<area shape="rect" href="$antlr3commontoken_8h.html" title="Defines the interface for a common token." alt="" coords="551,603,703,629">
<area shape="rect" href="$antlr3intstream_8h.html" title="Defines the the class interface for an antlr3 INTSTREAM." alt="" coords="715,528,837,555">
<area shape="rect" href="$antlr3cyclicdfa_8h.html" title="antlr3cyclicdfa.h" alt="" coords="979,80,1099,107">
<area shape="rect" href="$antlr3baserecognizer_8h.html" title="Defines the basic structure to support recognizing by either a lexer, parser, or..." alt="" coords="841,155,1001,181">
<area shape="rect" href="$antlr3tokenstream_8h.html" title="Defines the interface for an ANTLR3 common token stream." alt="" coords="701,379,843,405">
<area shape="rect" href="$antlr3debugeventlistener_8h.html" title="The definition of all debugging events that a recognizer can trigger." alt="" coords="861,528,1043,555">
<area shape="rect" href="$antlr3commontreeadaptor_8h.html" title="Definition of the ANTLR3 common tree adaptor." alt="" coords="1475,379,1664,405">
<area shape="rect" href="$antlr3basetreeadaptor_8h.html" title="Definition of the ANTLR3 base tree adaptor." alt="" coords="1424,453,1592,480">
<area shape="rect" href="$antlr3recognizersharedstate_8h.html" title="While the C runtime does not need to model the state of multiple lexers and parsers..." alt="" coords="1941,229,2144,256">
<area shape="rect" href="$antlr3lexer_8h.html" title="Base interface for any ANTLR3 lexer." alt="" coords="531,304,627,331">
<area shape="rect" href="$antlr3parser_8h.html" title="Base implementation of an ANTLR3 parser." alt="" coords="2168,229,2275,256">
<area shape="rect" href="$antlr3filestream_8h.html" title="antlr3filestream.h" alt="" coords="2299,677,2427,704">
<area shape="rect" href="$antlr3rewritestreams_8h.html" title="antlr3rewritestreams.h" alt="" coords="1659,80,1816,107">
<area shape="rect" href="$antlr3interfaces_8h.html" title="Declarations for all the antlr3 C runtime interfaces/classes." alt="" coords="1168,976,1296,1003">
<area shape="rect" href="$antlr3convertutf_8h.html" title="antlr3convertutf.h" alt="" coords="1016,976,1144,1003">
<area shape="rect" href="$antlr3commontreenodestream_8h.html" title="Definition of the ANTLR3 common tree node stream." alt="" coords="1125,304,1341,331">
<area shape="rect" href="$antlr3treeparser_8h.html" title="antlr3treeparser.h" alt="" coords="1119,229,1249,256">
<area shape="rect" href="$antlr3basetree_8h.html" title="Definition of the ANTLR3 base tree." alt="" coords="1243,603,1363,629">
<area shape="rect" href="$antlr3commontree_8h.html" title="antlr3commontree.h" alt="" coords="1168,528,1312,555">
