<area shape="rect" href="$antlr3commontreenodestream_8c.html#ebb793e586aa9eddebde64b400ba24ba" title="Walk and fill the tree node buffer from the root tree." alt="" coords="128,5,230,32">
<area shape="rect" href="$antlr3tokenstream_8c.html#c468a91e063020d1ae77cfaa45ed0849" title="getTokens" alt="" coords="136,56,222,83">
<area shape="rect" href="$antlr3tokenstream_8c.html#e15f03d21ef4c155daf9592cb6b7751a" title="Given a start and stop index, return a List of all tokens in the token type BitSet..." alt="" coords="127,107,231,133">
<area shape="rect" href="$antlr3tokenstream_8c.html#c8379adc13ac8fbd685f1a2eb6bd0f02" title="LB" alt="" coords="160,157,198,184">
<area shape="rect" href="$antlr3tokenstream_8c.html#797f427bfdba8fc5bf09dd4aa2e2d30a" title="Get the ith token from the current position 1." alt="" coords="151,208,207,235">
<area shape="rect" href="$antlr3tokenstream_8c.html#8e379e6aaeac8fc2beab5e981986540f" title="toString" alt="" coords="144,259,214,285">
<area shape="rect" href="$antlr3tokenstream_8c.html#a92e164be569dcd030d5f2248b002d72" title="toStringSS" alt="" coords="135,309,223,336">
<area shape="rect" href="$antlr3defs_8h.html#b8426bed8df754240d19d2ee37edee70" title="antlr3CommonTokenStreamNew" alt="" coords="282,107,500,133">
<area shape="rect" href="$antlr3defs_8h.html#d4ef5baa73e1fdd0f0c2fc4cce4277cb" title="antlr3CommonTokenStreamSourceNew" alt="" coords="551,107,812,133">
<area shape="rect" href="$antlr3defs_8h.html#da21cf0d75ef83806a60990556d86fe0" title="antlr3CommonTokenDebugStreamSourceNew" alt="" coords="863,132,1164,159">
<area shape="rect" href="$antlr3tokenstream_8c.html#1a8cbd37efa7393170dfd68c63b467d6" title="As per the normal tokLT but sends information to the debugger." alt="" coords="350,208,432,235">
<area shape="rect" href="$antlr3tokenstream_8c.html#e875d1487db2febc71485ad476a0c535" title="setDebugListener" alt="" coords="618,208,746,235">
