<area shape="rect" href="$antlr3lexer_8c.html" title="Base implementation of an antlr 3 lexer." alt="" coords="6,80,123,107">
<area shape="rect" href="$antlr3_8h.html" title="include/antlr3.h" alt="" coords="571,229,686,256">
<area shape="rect" href="$antlr3baserecognizer_8h.html" title="Defines the basic structure to support recognizing by either a lexer, parser, or..." alt="" coords="602,80,810,107">
<area shape="rect" href="$antlr3collections_8c.html" title="Provides a number of useful functions that are roughly equivalent to java HashTable..." alt="" coords="166,304,318,331">
<area shape="rect" href="$antlr3commontoken_8c.html" title="src/antlr3commontoken.c" alt="" coords="342,304,515,331">
<area shape="rect" href="$antlr3debughandlers_8c.html" title="Provides the debugging functions invoked by a recognizer built using the debug generator..." alt="" coords="539,304,718,331">
<area shape="rect" href="$antlr3encodings_8c.html" title="src/antlr3encodings.c" alt="" coords="742,304,894,331">
<area shape="rect" href="$antlr3filestream_8c.html" title="The ANTLR3 C filestream is used when the source character stream is a filesystem..." alt="" coords="918,304,1064,331">
<area shape="rect" href="$antlr3baserecognizer_8c.html" title="Contains the base functions that all recognizers require." alt="" coords="427,155,608,181">
<area shape="rect" href="$antlr3cyclicdfa_8h.html" title="include/antlr3cyclicdfa.h" alt="" coords="683,155,851,181">
<area shape="rect" href="$antlr3parser_8h.html" title="Base implementation of an ANTLR3 parser." alt="" coords="875,155,1030,181">
<area shape="rect" href="$antlr3rewritestreams_8h.html" title="include/antlr3rewritestreams.h" alt="" coords="198,155,403,181">
<area shape="rect" href="$antlr3treeparser_8h.html" title="include/antlr3treeparser.h" alt="" coords="1054,155,1230,181">
<area shape="rect" href="$antlr3cyclicdfa_8c.html" title="src/antlr3cyclicdfa.c" alt="" coords="710,229,851,256">
<area shape="rect" href="$antlr3parser_8c.html" title="Implementation of the base functionality for an ANTLR3 parser." alt="" coords="888,229,1016,256">
<area shape="rect" href="$antlr3rewritestreams_8c.html" title="Implementation of token/tree streams that are used by the tree re&#45;write rules to..." alt="" coords="211,229,390,256">
<area shape="rect" href="$antlr3treeparser_8c.html" title="Implementation of the tree parser and overrides for the base recognizer." alt="" coords="1066,229,1218,256">
