<area shape="rect" href="$antlr3basetreeadaptor_8c.html" title="Contains the base functions that all tree adaptors start with." alt="" coords="684,80,871,107">
<area shape="rect" href="$antlr3_8h.html" title="include/antlr3.h" alt="" coords="905,379,1020,405">
<area shape="rect" href="$antlr3commontreeadaptor_8h.html" title="Definition of the ANTLR3 common tree adaptor." alt="" coords="895,80,1132,107">
<area shape="rect" href="$antlr3collections_8c.html" title="Provides a number of useful functions that are roughly equivalent to java HashTable..." alt="" coords="500,453,652,480">
<area shape="rect" href="$antlr3commontoken_8c.html" title="src/antlr3commontoken.c" alt="" coords="676,453,849,480">
<area shape="rect" href="$antlr3debughandlers_8c.html" title="Provides the debugging functions invoked by a recognizer built using the debug generator..." alt="" coords="873,453,1052,480">
<area shape="rect" href="$antlr3encodings_8c.html" title="src/antlr3encodings.c" alt="" coords="1076,453,1228,480">
<area shape="rect" href="$antlr3filestream_8c.html" title="The ANTLR3 C filestream is used when the source character stream is a filesystem..." alt="" coords="1252,453,1399,480">
<area shape="rect" href="$antlr3commontreeadaptor_8c.html" title="This is the standard tree adaptor used by the C runtime unless the grammar source..." alt="" coords="765,155,976,181">
<area shape="rect" href="$antlr3commontreenodestream_8h.html" title="Definition of the ANTLR3 common tree node stream." alt="" coords="400,155,661,181">
<area shape="rect" href="$antlr3rewritestreams_8h.html" title="include/antlr3rewritestreams.h" alt="" coords="1051,304,1256,331">
<area shape="rect" href="$antlr3commontreenodestream_8c.html" title="Defines the implementation of the common node stream the default tree node stream..." alt="" coords="579,229,816,256">
<area shape="rect" href="$antlr3baserecognizer_8h.html" title="Defines the basic structure to support recognizing by either a lexer, parser, or..." alt="" coords="347,229,555,256">
<area shape="rect" href="$antlr3treeparser_8h.html" title="include/antlr3treeparser.h" alt="" coords="5,304,181,331">
<area shape="rect" href="$antlr3baserecognizer_8c.html" title="Contains the base functions that all recognizers require." alt="" coords="744,304,925,331">
<area shape="rect" href="$antlr3cyclicdfa_8h.html" title="include/antlr3cyclicdfa.h" alt="" coords="552,304,720,331">
<area shape="rect" href="$antlr3lexer_8h.html" title="Base interface for any ANTLR3 lexer." alt="" coords="205,304,349,331">
<area shape="rect" href="$antlr3parser_8h.html" title="Base implementation of an ANTLR3 parser." alt="" coords="373,304,528,331">
<area shape="rect" href="$antlr3cyclicdfa_8c.html" title="src/antlr3cyclicdfa.c" alt="" coords="565,379,707,405">
<area shape="rect" href="$antlr3lexer_8c.html" title="Base implementation of an antlr 3 lexer." alt="" coords="219,379,336,405">
<area shape="rect" href="$antlr3parser_8c.html" title="Implementation of the base functionality for an ANTLR3 parser." alt="" coords="387,379,515,405">
<area shape="rect" href="$antlr3rewritestreams_8c.html" title="Implementation of token/tree streams that are used by the tree re&#45;write rules to..." alt="" coords="1064,379,1243,405">
<area shape="rect" href="$antlr3treeparser_8c.html" title="Implementation of the tree parser and overrides for the base recognizer." alt="" coords="17,379,169,405">
