<area shape="rect" href="$antlr3collections_8c.html#951952f4d3a047d11f54bc833b5a333e" title="antlr3ListNew" alt="" coords="160,436,264,463">
<area shape="rect" href="$antlr3commontreenodestream_8c.html#c4507475b023b7f2393c5fbe5d080469" title="Walk tree with depth&#45;first&#45;search and fill nodes buffer." alt="" coords="176,563,248,590">
<area shape="rect" href="$antlr3collections_8c.html#15483e180d25697d2a2810b55427a77a" title="antlr3HashTableNew" alt="" coords="312,234,462,260">
<area shape="rect" href="$antlr3collections_8c.html#a7ec41f9df5531b6095288734bdbb38a" title="Add the supplied element to the list, at the next available key." alt="" coords="336,284,438,311">
<area shape="rect" href="$antlr3collections_8c.html#a1a3ea6d5aec535c74081fda1445cee2" title="antlr3ListDelete" alt="" coords="330,335,444,362">
<area shape="rect" href="$antlr3collections_8c.html#9845f50ef805f5ee6ea82bb887a656a6" title="antlr3ListFree" alt="" coords="335,386,439,412">
<area shape="rect" href="$antlr3collections_8c.html#36285128fe9b7feee241262d63b0f8ad" title="antlr3ListGet" alt="" coords="338,436,436,463">
<area shape="rect" href="$antlr3collections_8c.html#94136a988ee9e43d1c4daa52fc19fb20" title="antlr3ListPut" alt="" coords="338,487,436,514">
<area shape="rect" href="$antlr3collections_8c.html#23fc2b9acdc4ef65f95d763b21fdf05c" title="Remove from the list, but don&#39;t free the element, just send it back to the caller..." alt="" coords="323,538,451,564">
<area shape="rect" href="$antlr3collections_8c.html#1ca7148cca6b7bd8e456bf388a18430d" title="antlr3ListSize" alt="" coords="335,588,439,615">
<area shape="rect" href="$antlr3collections_8c.html#aea6272a5954d13fb3214a5d3027f796" title="Takes the element with the supplied key out of the list, and deletes the data calling..." alt="" coords="512,6,638,32">
<area shape="rect" href="$antlr3collections_8c.html#cf11629cadc4a779debec12de281c830" title="Remove the element in the hash table for a particular key value, if it exists &#45; no..." alt="" coords="690,56,828,83">
<area shape="rect" href="$antlr3collections_8c.html#1b74c417ac295e8d76b4dc395bf979ab" title="Takes the element with the supplied key out of the list, and deletes the data calling..." alt="" coords="510,107,640,134">
<area shape="rect" href="$antlr3collections_8c.html#bc5a008b51c86e80d5c46aefd22af6a1" title="Remove a numeric keyed entry from a hash table if it exists, no error if it does..." alt="" coords="688,132,830,159">
<area shape="rect" href="$antlr3collections_8c.html#51a90be3333359353ae3d5edd2eb5089" title="antlr3HashFree" alt="" coords="518,208,632,235">
<area shape="rect" href="$antlr3collections_8c.html#7024681654bc4c2d2a967d46cf3c2709" title="Return the element pointer in the hash table for a particular key value, or NULL..." alt="" coords="704,259,814,286">
<area shape="rect" href="$antlr3collections_8c.html#6a13e744e2b7cfd0065366ebc37d212e" title="Return the element pointer in the hash table for a particular key value, or NULL..." alt="" coords="519,310,631,336">
<area shape="rect" href="$antlr3collections_8c.html#2e1eb0280223979fb6fde18c4c31a218" title="Add the element pointer in to the table, based upon the hash of the provided key..." alt="" coords="704,335,814,362">
<area shape="rect" href="$antlr3collections_8c.html#b1cfbe163e017a81802608cba170ab6a" title="Add the element pointer in to the table, based upon the hash of the provided key..." alt="" coords="519,411,631,438">
<area shape="rect" href="$antlr3collections_8c.html#f598380b4b7354f6b171cf121b8e1d01" title="return the current size of the hash table" alt="" coords="518,462,632,488">
<area shape="rect" href="$antlr3collections_8c.html#b02f607a1a96d95ee0dd82900303946c" title="Given an input key of arbitrary length, return a hash value of it." alt="" coords="878,259,966,286">
<area shape="rect" href="$antlr3basetreeadaptor_8c.html#344b47b2135ffa1a7bf782b09974acdd" title="Create and return a nil tree node (no token payload)." alt="" coords="354,639,420,666">
