<area shape="rect" href="$antlr3defs_8h.html" title="Basic type and constant definitions for ANTLR3 Runtime." alt="" coords="1137,827,1231,853">
<area shape="rect" href="$antlr3collections_8h.html" title="antlr3collections.h" alt="" coords="415,677,545,704">
<area shape="rect" href="$antlr3commontreeadaptor_8h.html" title="Definition of the ANTLR3 common tree adaptor." alt="" coords="153,304,343,331">
<area shape="rect" href="$antlr3baserecognizer_8h.html" title="Defines the basic structure to support recognizing by either a lexer, parser, or..." alt="" coords="1403,80,1563,107">
<area shape="rect" href="$antlr3errors_8h.html" title="antlr3errors.h" alt="" coords="1272,901,1376,928">
<area shape="rect" href="$antlr3interfaces_8h.html" title="Declarations for all the antlr3 C runtime interfaces/classes." alt="" coords="1120,901,1248,928">
<area shape="rect" href="$antlr3convertutf_8h.html" title="antlr3convertutf.h" alt="" coords="1400,901,1528,928">
<area shape="rect" href="$antlr3bitset_8h.html" title="Defines the basic structures of an ANTLR3 bitset." alt="" coords="507,752,605,779">
<area shape="rect" href="$antlr3string_8h.html" title="Simple string interface allows indiscriminate allocation of strings such that they..." alt="" coords="548,603,649,629">
<area shape="rect" href="$antlr3basetreeadaptor_8h.html" title="Definition of the ANTLR3 base tree adaptor." alt="" coords="387,379,555,405">
<area shape="rect" href="$antlr3debugeventlistener_8h.html" title="The definition of all debugging events that a recognizer can trigger." alt="" coords="680,453,861,480">
<area shape="rect" href="$antlr3commontree_8h.html" title="antlr3commontree.h" alt="" coords="208,453,352,480">
<area shape="rect" href="$antlr3basetree_8h.html" title="Definition of the ANTLR3 base tree." alt="" coords="333,528,453,555">
<area shape="rect" href="$antlr3commontoken_8h.html" title="Defines the interface for a common token." alt="" coords="1221,603,1373,629">
<area shape="rect" href="$antlr3exception_8h.html" title="Contains the definition of a basic ANTLR3 exception structure created by a recognizer..." alt="" coords="1779,229,1904,256">
<area shape="rect" href="$antlr3input_8h.html" title="Defines the basic structures used to manipulate character streams from any input..." alt="" coords="1536,453,1635,480">
<area shape="rect" href="$antlr3tokenstream_8h.html" title="Defines the interface for an ANTLR3 common token stream." alt="" coords="1219,379,1360,405">
<area shape="rect" href="$antlr3commontreenodestream_8h.html" title="Definition of the ANTLR3 common tree node stream." alt="" coords="769,229,985,256">
<area shape="rect" href="$antlr3recognizersharedstate_8h.html" title="While the C runtime does not need to model the state of multiple lexers and parsers..." alt="" coords="1840,677,2043,704">
<area shape="rect" href="$antlr3lexer_8h.html" title="Base interface for any ANTLR3 lexer." alt="" coords="1435,304,1531,331">
<area shape="rect" href="$antlr3parser_8h.html" title="Base implementation of an ANTLR3 parser." alt="" coords="1979,155,2085,181">
<area shape="rect" href="$antlr3treeparser_8h.html" title="antlr3treeparser.h" alt="" coords="985,155,1116,181">
<area shape="rect" href="$antlr3intstream_8h.html" title="Defines the the class interface for an antlr3 INTSTREAM." alt="" coords="1187,528,1309,555">
