<area shape="rect" href="$antlr3tokenstream_8c.html#758c7f9e34d4c5cc9af1a797c945e2e5" title="Move the input pointer to the next incoming token." alt="" coords="213,5,291,32">
<area shape="rect" href="$antlr3tokenstream_8c.html#797f427bfdba8fc5bf09dd4aa2e2d30a" title="Get the ith token from the current position 1." alt="" coords="224,56,280,83">
<area shape="rect" href="$antlr3defs_8h.html#b8426bed8df754240d19d2ee37edee70" title="antlr3CommonTokenStreamNew" alt="" coords="340,31,559,57">
<area shape="rect" href="$antlr3tokenstream_8c.html#1a8cbd37efa7393170dfd68c63b467d6" title="As per the normal tokLT but sends information to the debugger." alt="" coords="408,81,491,108">
<area shape="rect" href="$antlr3defs_8h.html#d4ef5baa73e1fdd0f0c2fc4cce4277cb" title="antlr3CommonTokenStreamSourceNew" alt="" coords="609,31,871,57">
<area shape="rect" href="$antlr3defs_8h.html#da21cf0d75ef83806a60990556d86fe0" title="antlr3CommonTokenDebugStreamSourceNew" alt="" coords="921,56,1223,83">
<area shape="rect" href="$antlr3tokenstream_8c.html#e875d1487db2febc71485ad476a0c535" title="setDebugListener" alt="" coords="676,132,804,159">
