<area shape="rect" href="$antlr3collections_8c.html#aea6272a5954d13fb3214a5d3027f796" title="Takes the element with the supplied key out of the list, and deletes the data calling..." alt="" coords="205,5,331,32">
<area shape="rect" href="$antlr3collections_8c.html#cf11629cadc4a779debec12de281c830" title="Remove the element in the hash table for a particular key value, if it exists &#45; no..." alt="" coords="383,56,521,83">
<area shape="rect" href="$antlr3collections_8c.html#1b74c417ac295e8d76b4dc395bf979ab" title="Takes the element with the supplied key out of the list, and deletes the data calling..." alt="" coords="203,107,333,133">
<area shape="rect" href="$antlr3collections_8c.html#bc5a008b51c86e80d5c46aefd22af6a1" title="Remove a numeric keyed entry from a hash table if it exists, no error if it does..." alt="" coords="381,132,523,159">
<area shape="rect" href="$antlr3collections_8c.html#51a90be3333359353ae3d5edd2eb5089" title="antlr3HashFree" alt="" coords="211,208,325,235">
<area shape="rect" href="$antlr3collections_8c.html#7024681654bc4c2d2a967d46cf3c2709" title="Return the element pointer in the hash table for a particular key value, or NULL..." alt="" coords="397,259,507,285">
<area shape="rect" href="$antlr3collections_8c.html#6a13e744e2b7cfd0065366ebc37d212e" title="Return the element pointer in the hash table for a particular key value, or NULL..." alt="" coords="212,309,324,336">
<area shape="rect" href="$antlr3collections_8c.html#2e1eb0280223979fb6fde18c4c31a218" title="Add the element pointer in to the table, based upon the hash of the provided key..." alt="" coords="397,335,507,361">
<area shape="rect" href="$antlr3collections_8c.html#b1cfbe163e017a81802608cba170ab6a" title="Add the element pointer in to the table, based upon the hash of the provided key..." alt="" coords="212,411,324,437">
<area shape="rect" href="$antlr3collections_8c.html#f598380b4b7354f6b171cf121b8e1d01" title="return the current size of the hash table" alt="" coords="211,461,325,488">
<area shape="rect" href="$antlr3collections_8c.html#b02f607a1a96d95ee0dd82900303946c" title="Given an input key of arbitrary length, return a hash value of it." alt="" coords="571,259,659,285">
