<area shape="rect" href="$antlr3defs_8h.html#4179c82d3761a00b268461756c59222a" title="antlr3BitsetNew" alt="" coords="187,183,304,209">
<area shape="rect" href="$antlr3collections_8c.html#74d5edf4b361d93fa9e5522075f33bbd" title="addEdge" alt="" coords="379,208,453,235">
<area shape="rect" href="$antlr3bitset_8c.html#27d5998204727b78f3ab89c31d2beacf" title="antlr3BitsetClone" alt="" coords="353,56,479,83">
<area shape="rect" href="$antlr3defs_8h.html#4952080b270043b249ba24ebfb5dd531" title="antlr3BitsetList" alt="" coords="360,107,472,133">
<area shape="rect" href="$antlr3defs_8h.html#c16cde6616f4db09e3ea478301e20e14" title="Creates a new bitset with at least one 64 bit bset of bits, but as many 64 bit sets..." alt="" coords="356,360,476,387">
<area shape="rect" href="$group__p_a_n_t_l_r3___b_a_s_e___r_e_c_o_g_n_i_z_e_r.html#gae6c6fbbbf2e1c74b612c56585421480" title="Compute the current followset for the input stream." alt="" coords="556,309,676,336">
<area shape="rect" href="$antlr3defs_8h.html#7e3066d027077cf306b765c5bff590bc" title="Creates a new bitset with at least one element, but as many elements are required..." alt="" coords="364,157,468,184">
<area shape="rect" href="$antlr3collections_8c.html#5bd3858582229ea93e345c28dbac8ac4" title="sortToArray" alt="" coords="369,259,463,285">
<area shape="rect" href="$antlr3defs_8h.html#1d588197aa7151c7308e1a8c9aed7435" title="Allocate and initialize a new ANTLR3 topological sorter, which can be used to define..." alt="" coords="559,233,673,260">
<area shape="rect" href="$antlr3bitset_8c.html#f844c13aca32ead9bc7de4714eb4483c" title="antlr3BitsetOR" alt="" coords="561,31,671,57">
<area shape="rect" href="$antlr3tokenstream_8c.html#e2ed59b6cc8b4e577a8387440be6f844" title="getTokensList" alt="" coords="563,107,669,133">
<area shape="rect" href="$antlr3defs_8h.html#b8426bed8df754240d19d2ee37edee70" title="antlr3CommonTokenStreamNew" alt="" coords="755,132,973,159">
<area shape="rect" href="$antlr3defs_8h.html#d4ef5baa73e1fdd0f0c2fc4cce4277cb" title="antlr3CommonTokenStreamSourceNew" alt="" coords="1025,132,1287,159">
<area shape="rect" href="$antlr3defs_8h.html#da21cf0d75ef83806a60990556d86fe0" title="antlr3CommonTokenDebugStreamSourceNew" alt="" coords="1337,132,1639,159">
<area shape="rect" href="$group__p_a_n_t_l_r3___b_a_s_e___r_e_c_o_g_n_i_z_e_r.html#g3c88e896255781a0ace9fd1110900424" title="Standard/Example error display method." alt="" coords="780,505,948,532">
<area shape="rect" href="$group__p_a_n_t_l_r3___b_a_s_e___r_e_c_o_g_n_i_z_e_r.html#gae2cb5c900551876f8ba170252b9a73b" title="mismatchIsMissingToken" alt="" coords="529,360,703,387">
<area shape="rect" href="$group__p_a_n_t_l_r3___b_a_s_e___r_e_c_o_g_n_i_z_e_r.html#g733153563bd70d3b65fce9bd665fb61f" title="This code is factored out from mismatched token and mismatched set recovery." alt="" coords="753,455,975,481">
<area shape="rect" href="$group__p_a_n_t_l_r3___b_a_s_e___r_e_c_o_g_n_i_z_e_r.html#g5b539798327f965e6289a9f613515c9a" title="antlr3BaseRecognizerNew" alt="" coords="1065,397,1247,424">
<area shape="rect" href="$antlr3defs_8h.html#ad5d94a0ad6c1d4788f95debb67cf642" title="antlr3LexerNew" alt="" coords="1429,473,1547,500">
<area shape="rect" href="$antlr3defs_8h.html#e667dafdcef9adc2fceebc8420a7cded" title="antlr3ParserNew" alt="" coords="1427,397,1549,424">
<area shape="rect" href="$antlr3defs_8h.html#8a8b2581755eff523fb3d2e427bb9b3f" title="antlr3TreeParserNewStream" alt="" coords="1391,335,1585,361">
<area shape="rect" href="$antlr3defs_8h.html#cea4b4491be51f1d3f57d4d2836d9d0d" title="antlr3LexerNewStream" alt="" coords="1692,473,1852,500">
<area shape="rect" href="$antlr3defs_8h.html#bede6d25edd8b3e67f8aa6a5094b6f9c" title="antlr3ParserNewStream" alt="" coords="1688,397,1856,424">
<area shape="rect" href="$antlr3defs_8h.html#ba8e0e27ff9976bb757191bf45b7d49f" title="antlr3ParserNewStreamDbg" alt="" coords="1904,397,2096,424">
<area shape="rect" href="$group__p_a_n_t_l_r3___b_a_s_e___r_e_c_o_g_n_i_z_e_r.html#gf8c302d1762b73b1a80c88ca71210472" title="Factor out what to do upon token mismatch so tree parsers can behave differently..." alt="" coords="824,303,904,329">
<area shape="rect" href="$group__p_a_n_t_l_r3___b_a_s_e___r_e_c_o_g_n_i_z_e_r.html#g4876d181d8cca1dcee4ebc7b0d313b28" title="Attempt to recover from a single missing or extra token." alt="" coords="759,404,969,431">
<area shape="rect" href="$antlr3tokenstream_8c.html#5ebafca6b5346f8aa57b25ac6f4f1238" title="getTokensType" alt="" coords="559,157,673,184">
