<area shape="rect" href="$antlr3commontree_8c.html#8b60bd53c327392b76ae0342cbbc557f" title="antlr3ArboretumNew" alt="" coords="283,279,429,305">
<area shape="rect" href="$antlr3commontree_8c.html#00872fc95025076f2ce0a1665d144a4b" title="dupNode" alt="" coords="983,485,1060,512">
<area shape="rect" href="$antlr3commontree_8c.html#77d4c513c62084ce93910b7698a240c2" title="getChildIndex" alt="" coords="969,543,1073,569">
<area shape="rect" href="$antlr3commontree_8c.html#42e0f21c4d7025ecfe829c345c8919b0" title="getParent" alt="" coords="981,605,1061,632">
<area shape="rect" href="$antlr3basetreeadaptor_8c.html#e87582e8774b76849cb729d32d4406f4" title="Dummy implementation &#45; will be supplied by super class." alt="" coords="988,785,1055,812">
<area shape="rect" href="$antlr3basetreeadaptor_8c.html#f002bbd918744c2e414a5fa6f352b491" title="Dummy implementation &#45; will be supplied by super class." alt="" coords="987,836,1056,863">
<area shape="rect" href="$antlr3commontree_8c.html#a121ec7b864d6cd8e3822c18f431f885" title="setChildIndex" alt="" coords="969,681,1073,708">
<area shape="rect" href="$antlr3commontree_8c.html#b58e39f01e4d6fe40212936d6c2b46b5" title="setParent" alt="" coords="981,733,1061,760">
<area shape="rect" href="$antlr3basetreeadaptor_8c.html#b5dc1c0ae38a18b0ff73a2989fe796de" title="Given a pointer to a base tree adaptor structure (which is usually embedded in the..." alt="" coords="488,1393,669,1420">
<area shape="rect" href="$antlr3basetree_8c.html#653403930487771915e20fe6facda94f" title="getChild" alt="" coords="771,887,843,913">
<area shape="rect" href="$antlr3basetree_8c.html#b9974077da69e8911ff64c3518a05ca7" title="getChildCount" alt="" coords="753,937,860,964">
<area shape="rect" href="$antlr3commontoken_8c.html#3e0e53093c8170217cb4bee33c2714c9" title="antlr3TokenFactoryNew" alt="" coords="273,76,439,103">
<area shape="rect" href="$antlr3commontreeadaptor_8c.html#398e5bf0ead99ae05bddd2176b3349b3" title="create" alt="" coords="327,1039,385,1065">
<area shape="rect" href="$antlr3commontreeadaptor_8c.html#66ba1309bf5560155b44f361cab4898e" title="Tell me how to create a token for use with imaginary token nodes." alt="" coords="308,1089,404,1116">
<area shape="rect" href="$antlr3commontreeadaptor_8c.html#359e4d8f1cb4b8e5f3c37aefe005223f" title="Tell me how to create a token for use with imaginary token nodes." alt="" coords="272,1140,440,1167">
<area shape="rect" href="$antlr3commontreeadaptor_8c.html#abc8fbfc219592f80d83bc77203e0e4d" title="ctaFree" alt="" coords="323,1191,389,1217">
<area shape="rect" href="$antlr3basetree_8c.html#bade5e407a76ff80f5a9a99e79d94417" title="deleteChild" alt="" coords="311,1241,401,1268">
<area shape="rect" href="$antlr3commontreeadaptor_8c.html#f5ce1e4012c15d828a8cb33f55049977" title="errorNode" alt="" coords="315,1292,397,1319">
<area shape="rect" href="$antlr3commontreeadaptor_8c.html#81bf79c8536e6f8c23539c309c6158ea" title="getTokenStartIndex" alt="" coords="287,1343,425,1369">
<area shape="rect" href="$antlr3commontreeadaptor_8c.html#fbe839fd5e6992542cb491dadbbf251d" title="getTokenStopIndex" alt="" coords="287,1393,425,1420">
<area shape="rect" href="$antlr3basetree_8c.html#df47bb66cdb3101b23d8c522b11cc4cc" title="Delete children from start to stop and replace with t even if t is a list (nil&#45;root..." alt="" coords="297,1444,415,1471">
<area shape="rect" href="$antlr3basetree_8c.html#e569096da6888b797e778af899f3a97c" title="setChild" alt="" coords="320,1495,392,1521">
<area shape="rect" href="$antlr3commontreeadaptor_8c.html#9f3d98260b86edc3b889d3cd04b27792" title="Causes an existing common tree adaptor to become a debug version." alt="" coords="275,1545,437,1572">
<area shape="rect" href="$antlr3commontreeadaptor_8c.html#50fb27455e727f2eb2b780c47cb26bd4" title="Track start/stop token for subtree root created for a rule." alt="" coords="283,1596,429,1623">
<area shape="rect" href="$antlr3commontree_8c.html#bc4461044e5277193e2597fb79f1829a" title="antlr3SetCTAPI" alt="" coords="749,583,864,609">
<area shape="rect" href="$antlr3collections_8c.html#cd2d302cb08802568e25ca38c6dab300" title="antlr3StackNew" alt="" coords="748,140,865,167">
<area shape="rect" href="$antlr3collections_8c.html#d2af1b896785509504749cc82e9ac07a" title="Vector factory creation." alt="" coords="495,177,663,204">
<area shape="rect" href="$antlr3collections_8c.html#f2e0986dc2c7f23b76b653aa3b6e6274" title="newPool" alt="" coords="769,216,844,243">
<area shape="rect" href="$antlr3commontoken_8c.html#138055a9dcffd2bccf6cb8a47053ae0c" title="factoryClose" alt="" coords="529,76,628,103">
<area shape="rect" href="$antlr3commontree_8c.html#4ee1fbc2841cf01518e1d0cd0b620e1e" title="newFromToken" alt="" coords="521,279,636,305">
<area shape="rect" href="$antlr3commontree_8c.html#629b852e537616c63e10abcea6668c40" title="newFromTree" alt="" coords="525,329,632,356">
<area shape="rect" href="$antlr3commontree_8c.html#108253520363014dfbdaf22f65f83275" title="newPoolTree" alt="" coords="528,380,629,407">
<area shape="rect" href="$antlr3basetree_8c.html#b5c4b9d608ad720b8399a1a52e380184" title="addChild" alt="" coords="769,1849,844,1876">
<area shape="rect" href="$antlr3basetreeadaptor_8c.html#ceac3ba51393f9bce97e1c17669342be" title="Use the adaptor implementation to add a child node with the supplied token." alt="" coords="749,1900,864,1927">
<area shape="rect" href="$antlr3basetreeadaptor_8c.html#97a0d566a6ba11f71ee85d69ab6f7927" title="If oldRoot is a nil root, just copy or move the children to newRoot." alt="" coords="972,1697,1071,1724">
<area shape="rect" href="$antlr3basetreeadaptor_8c.html#e73a3e0d74bb271fad3c42d0d323df54" title="Use the adaptor interface to set a new tree node with the supplied token to the root..." alt="" coords="739,1039,875,1065">
<area shape="rect" href="$antlr3basetreeadaptor_8c.html#f8ff91c495003b9bee418b1d423d7576" title="createTypeText" alt="" coords="964,1165,1079,1192">
<area shape="rect" href="$antlr3basetreeadaptor_8c.html#9bc65920a0e354a35a8d7c0e09fbda0d" title="Use the super class supplied create() method to create a new node from the supplied..." alt="" coords="957,1432,1085,1459">
<area shape="rect" href="$antlr3basetreeadaptor_8c.html#f3645fac5433a51cd8b0f1e896f1b3ad" title="createTypeTokenText" alt="" coords="945,1508,1097,1535">
<area shape="rect" href="$antlr3basetreeadaptor_8c.html#e1348618c320c682fc6e265aab8789dc" title="dbgAddChild" alt="" coords="757,1292,856,1319">
<area shape="rect" href="$antlr3basetreeadaptor_8c.html#7c2584a057b07d685330ad9a2f59bcd9" title="dbgAddChildToken" alt="" coords="737,1343,876,1369">
<area shape="rect" href="$antlr3basetreeadaptor_8c.html#c9423f24c029241373e8f801c8ef17a8" title="dbgBecomeRoot" alt="" coords="745,1596,868,1623">
<area shape="rect" href="$antlr3basetreeadaptor_8c.html#f0aa264a96e37422f76ddbe79a2974ec" title="dbgBecomeRootToken" alt="" coords="727,1393,887,1420">
<area shape="rect" href="$antlr3basetreeadaptor_8c.html#54ef34baecbb506d729737a10e085a2b" title="dbgCreateTypeText" alt="" coords="736,1140,877,1167">
<area shape="rect" href="$antlr3basetreeadaptor_8c.html#de3f423751df8bf2ff1220f28d0e8024" title="dbgCreateTypeToken" alt="" coords="731,1444,883,1471">
<area shape="rect" href="$antlr3basetreeadaptor_8c.html#8000a63bd867ae071e245898e5cffe6a" title="dbgCreateTypeTokenText" alt="" coords="717,1545,896,1572">
<area shape="rect" href="$antlr3basetreeadaptor_8c.html#0981f70c15b8b271e3c363a8699bb481" title="dbgDupTree" alt="" coords="759,1647,855,1673">
<area shape="rect" href="$antlr3basetreeadaptor_8c.html#c8069264350003ce526ead333595104d" title="dbgNil" alt="" coords="777,1697,836,1724">
<area shape="rect" href="$antlr3basetree_8c.html#968076e57330da2c02dc905d1e470a15" title="dupTree" alt="" coords="771,1748,843,1775">
