<area shape="rect" href="$antlr3defs_8h.html" title="Basic type and constant definitions for ANTLR3 Runtime." alt="" coords="304,528,397,555">
<area shape="rect" href="$antlr3collections_8h.html" title="antlr3collections.h" alt="" coords="111,379,241,406">
<area shape="rect" href="$antlr3string_8h.html" title="Simple string interface allows indiscriminate allocation of strings such that they..." alt="" coords="212,304,313,331">
<area shape="rect" href="$antlr3basetreeadaptor_8h.html" title="Definition of the ANTLR3 base tree adaptor." alt="" coords="263,80,431,107">
<area shape="rect" href="$antlr3debugeventlistener_8h.html" title="The definition of all debugging events that a recognizer can trigger." alt="" coords="415,155,596,182">
<area shape="rect" href="$antlr3commontree_8h.html" title="antlr3commontree.h" alt="" coords="671,155,815,182">
<area shape="rect" href="$antlr3errors_8h.html" title="antlr3errors.h" alt="" coords="5,603,109,630">
<area shape="rect" href="$antlr3interfaces_8h.html" title="Declarations for all the antlr3 C runtime interfaces/classes." alt="" coords="347,603,475,630">
<area shape="rect" href="$antlr3convertutf_8h.html" title="antlr3convertutf.h" alt="" coords="499,603,627,630">
<area shape="rect" href="$antlr3bitset_8h.html" title="Defines the basic structures of an ANTLR3 bitset." alt="" coords="113,454,212,480">
<area shape="rect" href="$antlr3basetree_8h.html" title="Definition of the ANTLR3 base tree." alt="" coords="364,230,484,256">
<area shape="rect" href="$antlr3commontoken_8h.html" title="Defines the interface for a common token." alt="" coords="559,230,711,256">
