<area shape="rect" href="$antlr3_8h.html" title="antlr3.h" alt="" coords="1551,80,1618,107">
<area shape="rect" href="$antlr3collections_8h.html" title="antlr3collections.h" alt="" coords="1524,827,1655,854">
<area shape="rect" href="$antlr3defs_8h.html" title="Basic type and constant definitions for ANTLR3 Runtime." alt="" coords="1376,976,1470,1003">
<area shape="rect" href="$antlr3errors_8h.html" title="antlr3errors.h" alt="" coords="2099,1051,2203,1078">
<area shape="rect" href="$antlr3exception_8h.html" title="Contains the definition of a basic ANTLR3 exception structure created by a recognizer..." alt="" coords="1998,304,2123,331">
<area shape="rect" href="$antlr3encodings_8h.html" title="antlr3encodings.h" alt="" coords="2400,230,2531,256">
<area shape="rect" href="$antlr3string_8h.html" title="Simple string interface allows indiscriminate allocation of strings such that they..." alt="" coords="1394,752,1495,779">
<area shape="rect" href="$antlr3bitset_8h.html" title="Defines the basic structures of an ANTLR3 bitset." alt="" coords="1460,902,1559,928">
<area shape="rect" href="$antlr3input_8h.html" title="Defines the basic structures used to manipulate character streams from any input..." alt="" coords="275,528,374,555">
<area shape="rect" href="$antlr3commontoken_8h.html" title="Defines the interface for a common token." alt="" coords="331,678,483,704">
<area shape="rect" href="$antlr3intstream_8h.html" title="Defines the the class interface for an antlr3 INTSTREAM." alt="" coords="6,603,128,630">
<area shape="rect" href="$antlr3cyclicdfa_8h.html" title="antlr3cyclicdfa.h" alt="" coords="910,155,1030,182">
<area shape="rect" href="$antlr3baserecognizer_8h.html" title="Defines the basic structure to support recognizing by either a lexer, parser, or..." alt="" coords="890,230,1050,256">
<area shape="rect" href="$antlr3tokenstream_8h.html" title="Defines the interface for an ANTLR3 common token stream." alt="" coords="992,454,1134,480">
<area shape="rect" href="$antlr3debugeventlistener_8h.html" title="The definition of all debugging events that a recognizer can trigger." alt="" coords="1232,603,1414,630">
<area shape="rect" href="$antlr3commontreeadaptor_8h.html" title="Definition of the ANTLR3 common tree adaptor." alt="" coords="1448,454,1638,480">
<area shape="rect" href="$antlr3basetreeadaptor_8h.html" title="Definition of the ANTLR3 base tree adaptor." alt="" coords="1459,528,1627,555">
<area shape="rect" href="$antlr3recognizersharedstate_8h.html" title="While the C runtime does not need to model the state of multiple lexers and parsers..." alt="" coords="1438,304,1640,331">
<area shape="rect" href="$antlr3lexer_8h.html" title="Base interface for any ANTLR3 lexer." alt="" coords="456,379,552,406">
<area shape="rect" href="$antlr3parser_8h.html" title="Base implementation of an ANTLR3 parser." alt="" coords="1664,304,1771,331">
<area shape="rect" href="$antlr3filestream_8h.html" title="antlr3filestream.h" alt="" coords="2350,752,2478,779">
<area shape="rect" href="$antlr3rewritestreams_8h.html" title="antlr3rewritestreams.h" alt="" coords="1835,155,1992,182">
<area shape="rect" href="$antlr3interfaces_8h.html" title="Declarations for all the antlr3 C runtime interfaces/classes." alt="" coords="1531,1051,1659,1078">
<area shape="rect" href="$antlr3convertutf_8h.html" title="antlr3convertutf.h" alt="" coords="1166,1051,1294,1078">
<area shape="rect" href="$antlr3commontreenodestream_8h.html" title="Definition of the ANTLR3 common tree node stream." alt="" coords="686,379,902,406">
<area shape="rect" href="$antlr3treeparser_8h.html" title="antlr3treeparser.h" alt="" coords="744,304,875,331">
<area shape="rect" href="$antlr3basetree_8h.html" title="Definition of the ANTLR3 base tree." alt="" coords="1384,678,1504,704">
<area shape="rect" href="$antlr3commontree_8h.html" title="antlr3commontree.h" alt="" coords="862,603,1006,630">
