<area shape="rect" href="$antlr3string_8c.html" title="Implementation of the ANTLR3 string and string factory classes." alt="" coords="262,80,384,107">
<area shape="rect" href="$antlr3_8h.html" title="include/antlr3.h" alt="" coords="1068,603,1183,629">
<area shape="rect" href="$antlr3basetree_8h.html" title="Definition of the ANTLR3 base tree." alt="" coords="1044,80,1212,107">
<area shape="rect" href="$antlr3basetreeadaptor_8h.html" title="Definition of the ANTLR3 base tree adaptor." alt="" coords="1175,229,1388,256">
<area shape="rect" href="$antlr3commontreeadaptor_8h.html" title="Definition of the ANTLR3 common tree adaptor." alt="" coords="699,304,936,331">
<area shape="rect" href="$antlr3commontreenodestream_8h.html" title="Definition of the ANTLR3 common tree node stream." alt="" coords="342,379,603,405">
<area shape="rect" href="$antlr3tokenstream_8h.html" title="Defines the interface for an ANTLR3 common token stream." alt="" coords="1252,379,1442,405">
<area shape="rect" href="$antlr3input_8h.html" title="Defines the basic structures used to manipulate character streams from any input..." alt="" coords="1526,304,1670,331">
<area shape="rect" href="$antlr3collections_8c.html" title="Provides a number of useful functions that are roughly equivalent to java HashTable..." alt="" coords="663,677,815,704">
<area shape="rect" href="$antlr3commontoken_8c.html" title="src/antlr3commontoken.c" alt="" coords="839,677,1012,704">
<area shape="rect" href="$antlr3debughandlers_8c.html" title="Provides the debugging functions invoked by a recognizer built using the debug generator..." alt="" coords="1036,677,1215,704">
<area shape="rect" href="$antlr3encodings_8c.html" title="src/antlr3encodings.c" alt="" coords="1239,677,1391,704">
<area shape="rect" href="$antlr3filestream_8c.html" title="The ANTLR3 C filestream is used when the source character stream is a filesystem..." alt="" coords="1415,677,1562,704">
<area shape="rect" href="$antlr3basetree_8c.html" title="src/antlr3basetree.c" alt="" coords="955,155,1096,181">
<area shape="rect" href="$antlr3commontree_8h.html" title="include/antlr3commontree.h" alt="" coords="459,229,648,256">
<area shape="rect" href="$antlr3debugeventlistener_8h.html" title="The definition of all debugging events that a recognizer can trigger." alt="" coords="1120,155,1350,181">
<area shape="rect" href="$antlr3parsetree_8h.html" title="Abstraction of Common tree to provide payload and string representation of node." alt="" coords="758,155,931,181">
<area shape="rect" href="$antlr3basetreeadaptor_8c.html" title="Contains the base functions that all tree adaptors start with." alt="" coords="1214,304,1400,331">
<area shape="rect" href="$antlr3commontreeadaptor_8c.html" title="This is the standard tree adaptor used by the C runtime unless the grammar source..." alt="" coords="712,379,923,405">
<area shape="rect" href="$antlr3rewritestreams_8h.html" title="include/antlr3rewritestreams.h" alt="" coords="206,528,411,555">
<area shape="rect" href="$antlr3commontreenodestream_8c.html" title="Defines the implementation of the common node stream the default tree node stream..." alt="" coords="354,453,591,480">
<area shape="rect" href="$antlr3baserecognizer_8h.html" title="Defines the basic structure to support recognizing by either a lexer, parser, or..." alt="" coords="744,453,952,480">
<area shape="rect" href="$antlr3treeparser_8h.html" title="include/antlr3treeparser.h" alt="" coords="6,528,182,555">
<area shape="rect" href="$antlr3baserecognizer_8c.html" title="Contains the base functions that all recognizers require." alt="" coords="806,528,987,555">
<area shape="rect" href="$antlr3cyclicdfa_8h.html" title="include/antlr3cyclicdfa.h" alt="" coords="435,528,603,555">
<area shape="rect" href="$antlr3lexer_8h.html" title="Base interface for any ANTLR3 lexer." alt="" coords="1264,528,1408,555">
<area shape="rect" href="$antlr3parser_8h.html" title="Base implementation of an ANTLR3 parser." alt="" coords="627,528,782,555">
<area shape="rect" href="$antlr3cyclicdfa_8c.html" title="src/antlr3cyclicdfa.c" alt="" coords="448,603,590,629">
<area shape="rect" href="$antlr3lexer_8c.html" title="Base implementation of an antlr 3 lexer." alt="" coords="1278,603,1395,629">
<area shape="rect" href="$antlr3parser_8c.html" title="Implementation of the base functionality for an ANTLR3 parser." alt="" coords="640,603,768,629">
<area shape="rect" href="$antlr3rewritestreams_8c.html" title="Implementation of token/tree streams that are used by the tree re&#45;write rules to..." alt="" coords="219,603,398,629">
<area shape="rect" href="$antlr3treeparser_8c.html" title="Implementation of the tree parser and overrides for the base recognizer." alt="" coords="18,603,170,629">
<area shape="rect" href="$antlr3commontree_8c.html" title="src/antlr3commontree.c" alt="" coords="510,304,675,331">
<area shape="rect" href="$antlr3tokenstream_8c.html" title="Default implementation of CommonTokenStream." alt="" coords="1264,453,1427,480">
<area shape="rect" href="$antlr3inputstream_8c.html" title="Base functions to initialize and manipulate any input stream." alt="" coords="1516,379,1676,405">
