<area shape="rect" href="$antlr3basetree_8h.html" title="Definition of the ANTLR3 base tree." alt="" coords="283,80,403,107">
<area shape="rect" href="$antlr3defs_8h.html" title="Basic type and constant definitions for ANTLR3 Runtime." alt="" coords="304,379,397,405">
<area shape="rect" href="$antlr3collections_8h.html" title="antlr3collections.h" alt="" coords="313,229,444,256">
<area shape="rect" href="$antlr3string_8h.html" title="Simple string interface allows indiscriminate allocation of strings such that they..." alt="" coords="380,155,481,181">
<area shape="rect" href="$antlr3errors_8h.html" title="antlr3errors.h" alt="" coords="5,453,109,480">
<area shape="rect" href="$antlr3interfaces_8h.html" title="Declarations for all the antlr3 C runtime interfaces/classes." alt="" coords="347,453,475,480">
<area shape="rect" href="$antlr3convertutf_8h.html" title="antlr3convertutf.h" alt="" coords="499,453,627,480">
<area shape="rect" href="$antlr3bitset_8h.html" title="Defines the basic structures of an ANTLR3 bitset." alt="" coords="345,304,444,331">
