<area shape="rect" href="$antlr3cyclicdfa_8c.html" title="src/antlr3cyclicdfa.c" alt="" coords="151,860,292,887">
<area shape="rect" href="$antlr3_8h.html" title="include/antlr3.h" alt="" coords="1799,860,1914,887">
<area shape="rect" href="$antlr3baserecognizer_8h.html" title="Defines the basic structure to support recognizing by either a lexer, parser, or..." alt="" coords="748,711,956,738">
<area shape="rect" href="$antlr3lexer_8h.html" title="Base interface for any ANTLR3 lexer." alt="" coords="418,786,562,812">
<area shape="rect" href="$antlr3parser_8h.html" title="Base implementation of an ANTLR3 parser." alt="" coords="586,786,740,812">
<area shape="rect" href="$antlr3rewritestreams_8h.html" title="include/antlr3rewritestreams.h" alt="" coords="3083,786,3288,812">
<area shape="rect" href="$antlr3treeparser_8h.html" title="include/antlr3treeparser.h" alt="" coords="764,786,940,812">
<area shape="rect" href="$antlr3basetree_8h.html" title="Definition of the ANTLR3 base tree." alt="" coords="1696,338,1864,364">
<area shape="rect" href="$antlr3basetreeadaptor_8h.html" title="Definition of the ANTLR3 base tree adaptor." alt="" coords="2284,487,2498,514">
<area shape="rect" href="$antlr3commontreeadaptor_8h.html" title="Definition of the ANTLR3 common tree adaptor." alt="" coords="1963,562,2200,588">
<area shape="rect" href="$antlr3commontreenodestream_8h.html" title="Definition of the ANTLR3 common tree node stream." alt="" coords="1362,636,1623,663">
<area shape="rect" href="$antlr3commontree_8h.html" title="include/antlr3commontree.h" alt="" coords="1439,412,1628,439">
<area shape="rect" href="$antlr3debugeventlistener_8h.html" title="The definition of all debugging events that a recognizer can trigger." alt="" coords="1652,412,1882,439">
<area shape="rect" href="$antlr3tokenstream_8h.html" title="Defines the interface for an ANTLR3 common token stream." alt="" coords="1023,562,1212,588">
<area shape="rect" href="$antlr3bitset_8h.html" title="Defines the basic structures of an ANTLR3 bitset." alt="" coords="1550,114,1696,140">
<area shape="rect" href="$antlr3collections_8h.html" title="include/antlr3collections.h" alt="" coords="1691,188,1870,215">
<area shape="rect" href="$antlr3string_8h.html" title="Simple string interface allows indiscriminate allocation of strings such that they..." alt="" coords="1824,263,1974,290">
<area shape="rect" href="$antlr3input_8h.html" title="Defines the basic structures used to manipulate character streams from any input..." alt="" coords="788,487,932,514">
<area shape="rect" href="$antlr3commontoken_8h.html" title="Defines the interface for a common token." alt="" coords="860,338,1060,364">
<area shape="rect" href="$antlr3intstream_8h.html" title="Defines the the class interface for an antlr3 INTSTREAM." alt="" coords="463,412,634,439">
<area shape="rect" href="$antlr3convertutf_8h.html" title="include/antlr3convertutf.h" alt="" coords="840,114,1016,140">
<area shape="rect" href="$antlr3encodings_8h.html" title="include/antlr3encodings.h" alt="" coords="2927,263,3103,290">
<area shape="rect" href="$antlr3exception_8h.html" title="Contains the definition of a basic ANTLR3 exception structure created by a recognizer..." alt="" coords="2975,636,3148,663">
<area shape="rect" href="$antlr3filestream_8h.html" title="include/antlr3filestream.h" alt="" coords="3178,263,3351,290">
<area shape="rect" href="$antlr3memory_8h.html" title="include/antlr3memory.h" alt="" coords="3188,114,3351,140">
<area shape="rect" href="$antlr3recognizersharedstate_8h.html" title="While the C runtime does not need to model the state of multiple lexers and parsers..." alt="" coords="2650,636,2900,663">
<area shape="rect" href="$antlr3collections_8c.html" title="Provides a number of useful functions that are roughly equivalent to java HashTable..." alt="" coords="702,935,854,962">
<area shape="rect" href="$antlr3commontoken_8c.html" title="src/antlr3commontoken.c" alt="" coords="2040,935,2214,962">
<area shape="rect" href="$antlr3debughandlers_8c.html" title="Provides the debugging functions invoked by a recognizer built using the debug generator..." alt="" coords="1491,935,1670,962">
<area shape="rect" href="$antlr3encodings_8c.html" title="src/antlr3encodings.c" alt="" coords="1694,935,1846,962">
<area shape="rect" href="$antlr3filestream_8c.html" title="The ANTLR3 C filestream is used when the source character stream is a filesystem..." alt="" coords="1870,935,2016,962">
<area shape="rect" href="$antlr3baserecognizer_8c.html" title="Contains the base functions that all recognizers require." alt="" coords="964,786,1146,812">
<area shape="rect" href="$antlr3cyclicdfa_8h.html" title="include/antlr3cyclicdfa.h" alt="" coords="175,786,343,812">
<area shape="rect" href="$antlr3lexer_8c.html" title="Base implementation of an antlr 3 lexer." alt="" coords="431,860,548,887">
<area shape="rect" href="$antlr3parser_8c.html" title="Implementation of the base functionality for an ANTLR3 parser." alt="" coords="599,860,727,887">
<area shape="rect" href="$antlr3rewritestreams_8c.html" title="Implementation of token/tree streams that are used by the tree re&#45;write rules to..." alt="" coords="3096,860,3275,887">
<area shape="rect" href="$antlr3basetree_8c.html" title="src/antlr3basetree.c" alt="" coords="1956,412,2098,439">
<area shape="rect" href="$antlr3parsetree_8h.html" title="Abstraction of Common tree to provide payload and string representation of node." alt="" coords="2122,412,2295,439">
<area shape="rect" href="$antlr3basetreeadaptor_8c.html" title="Contains the base functions that all tree adaptors start with." alt="" coords="2224,562,2411,588">
<area shape="rect" href="$antlr3commontreeadaptor_8c.html" title="This is the standard tree adaptor used by the C runtime unless the grammar source..." alt="" coords="1976,636,2187,663">
<area shape="rect" href="$antlr3commontreenodestream_8c.html" title="Defines the implementation of the common node stream the default tree node stream..." alt="" coords="1374,711,1611,738">
<area shape="rect" href="$antlr3commontree_8c.html" title="src/antlr3commontree.c" alt="" coords="1502,487,1667,514">
<area shape="rect" href="$antlr3tokenstream_8c.html" title="Default implementation of CommonTokenStream." alt="" coords="1074,636,1236,663">
<area shape="rect" href="$antlr3bitset_8c.html" title="Contains the C implementation of ANTLR3 bitsets as adapted from Terence Parr&#39;s..." alt="" coords="1547,188,1667,215">
<area shape="rect" href="$antlr3string_8c.html" title="Implementation of the ANTLR3 string and string factory classes." alt="" coords="1888,338,2011,364">
<area shape="rect" href="$antlr3inputstream_8c.html" title="Base functions to initialize and manipulate any input stream." alt="" coords="788,562,948,588">
<area shape="rect" href="$antlr3intstream_8c.html" title="Implementation of superclass elements of an ANTLR3 int stream." alt="" coords="519,487,663,514">
<area shape="rect" href="$antlr3convertutf_8c.html" title="src/antlr3convertutf.c" alt="" coords="860,188,1010,215">
<area shape="rect" href="$antlr3exception_8c.html" title="Contains default functions for creating and destroying as well as otherwise handling..." alt="" coords="3002,711,3148,738">
