<area shape="rect" href="$antlr3collections_8c.html#7024681654bc4c2d2a967d46cf3c2709" title="Return the element pointer in the hash table for a particular key value, or NULL..." alt="" coords="337,5,447,32">
<area shape="rect" href="$antlr3collections_8c.html#2e1eb0280223979fb6fde18c4c31a218" title="Add the element pointer in to the table, based upon the hash of the provided key..." alt="" coords="156,56,265,83">
<area shape="rect" href="$antlr3collections_8c.html#cf11629cadc4a779debec12de281c830" title="Remove the element in the hash table for a particular key value, if it exists &#45; no..." alt="" coords="141,107,280,133">
<area shape="rect" href="$antlr3defs_8h.html#8c969d4977216e083083ee47c50628c6" title="antlr3HashTableNew" alt="" coords="504,81,653,108">
<area shape="rect" href="$antlr3defs_8h.html#951952f4d3a047d11f54bc833b5a333e" title="antlr3ListNew" alt="" coords="701,81,805,108">
<area shape="rect" href="$antlr3tokenstream_8c.html#957ed00ca94b98506c14e2a2e93c76c2" title="discardTokenType" alt="" coords="867,31,1000,57">
<area shape="rect" href="$antlr3tokenstream_8c.html#e15f03d21ef4c155daf9592cb6b7751a" title="Given a start and stop index, return a List of all tokens in the token type BitSet..." alt="" coords="881,81,985,108">
<area shape="rect" href="$antlr3tokenstream_8c.html#9fb1191e855ea785830c468d4eaae493" title="A simple filter mechanism whereby you can tell this token stream to force all tokens..." alt="" coords="855,132,1012,159">
<area shape="rect" href="$antlr3defs_8h.html#b8426bed8df754240d19d2ee37edee70" title="antlr3CommonTokenStreamNew" alt="" coords="1063,81,1281,108">
<area shape="rect" href="$antlr3defs_8h.html#d4ef5baa73e1fdd0f0c2fc4cce4277cb" title="antlr3CommonTokenStreamSourceNew" alt="" coords="1332,81,1593,108">
<area shape="rect" href="$antlr3defs_8h.html#da21cf0d75ef83806a60990556d86fe0" title="antlr3CommonTokenDebugStreamSourceNew" alt="" coords="1644,81,1945,108">
<area shape="rect" href="$antlr3collections_8c.html#aea6272a5954d13fb3214a5d3027f796" title="Takes the element with the supplied key out of the list, and deletes the data calling..." alt="" coords="329,157,455,184">
