<area shape="rect" href="$antlr3defs_8h.html#8354d855e26d4417b311740c64b9f0e3" title="Create a new tree adaptor." alt="" coords="668,109,884,136">
<area shape="rect" href="$antlr3defs_8h.html#5d023697cc6fae0f33a329b9a787303a" title="Create and initialize a new debug event listener that can be connected to by ANTLRWorks..." alt="" coords="202,59,372,85">
<area shape="rect" href="$antlr3commontreeadaptor_8c.html#65051df838d05eb6b20d90dd356bafeb" title="dbgSetTokenBoundaries" alt="" coords="202,109,372,136">
<area shape="rect" href="$antlr3defs_8h.html#b957d9b226644a3af57c91c8553a9cf8" title="Debugging version of the tree adaptor (not normally called as generated code calls..." alt="" coords="934,160,1190,187">
<area shape="rect" href="$antlr3defs_8h.html#f53a0945d04dc72b9a3b927c1fa5ffd7" title="antlr3CommonTreeNodeStreamNew" alt="" coords="940,109,1183,136">
<area shape="rect" href="$antlr3defs_8h.html#80515ce12fe3b7e18473029d07dceaa7" title="antlr3CommonTreeNodeStreamNewTree" alt="" coords="1239,109,1508,136">
<area shape="rect" href="$antlr3debughandlers_8c.html#15dd87baf368c6b3bfbafba79f2fa120" title="antlr3DebugListenerNewPort" alt="" coords="423,59,618,85">
<area shape="rect" href="$antlr3commontreeadaptor_8c.html#9f3d98260b86edc3b889d3cd04b27792" title="Causes an existing common tree adaptor to become a debug version." alt="" coords="439,109,602,136">
