<area shape="rect" href="$antlr3defs_8h.html#8354d855e26d4417b311740c64b9f0e3" title="Create a new tree adaptor." alt="" coords="1103,132,1319,159">
<area shape="rect" href="$antlr3defs_8h.html#b5dc1c0ae38a18b0ff73a2989fe796de" title="Given a pointer to a base tree adaptor structure (which is usually embedded in the..." alt="" coords="533,68,715,95">
<area shape="rect" href="$antlr3defs_8h.html#7af2e71f4e4640fceee0cc362de6f9e0" title="antlr3BaseTreeNew" alt="" coords="125,259,267,286">
<area shape="rect" href="$antlr3defs_8h.html#b957d9b226644a3af57c91c8553a9cf8" title="Debugging version of the tree adaptor (not normally called as generated code calls..." alt="" coords="1368,70,1624,96">
<area shape="rect" href="$antlr3defs_8h.html#f53a0945d04dc72b9a3b927c1fa5ffd7" title="antlr3CommonTreeNodeStreamNew" alt="" coords="1375,247,1617,274">
<area shape="rect" href="$antlr3defs_8h.html#80515ce12fe3b7e18473029d07dceaa7" title="antlr3CommonTreeNodeStreamNewTree" alt="" coords="1673,247,1943,274">
<area shape="rect" href="$antlr3commontreeadaptor_8c.html#9f3d98260b86edc3b889d3cd04b27792" title="Causes an existing common tree adaptor to become a debug version." alt="" coords="853,107,1016,134">
<area shape="rect" href="$antlr3defs_8h.html#bc4461044e5277193e2597fb79f1829a" title="antlr3SetCTAPI" alt="" coords="316,284,431,311">
<area shape="rect" href="$antlr3defs_8h.html#dc10027310be547445fa9ed632d5dece" title="antlr3ArboretumNew" alt="" coords="861,259,1008,286">
<area shape="rect" href="$antlr3defs_8h.html#808d94fb338346aec62e85d66e8f4cf5" title="antlr3CommonTreeNew" alt="" coords="541,411,707,438">
<area shape="rect" href="$antlr3defs_8h.html#d8c49d0bf9bb605b1b8ae992afd70077" title="antlr3CommonTreeNodeStreamNewStream" alt="" coords="481,208,767,235">
<area shape="rect" href="$antlr3commontree_8c.html#108253520363014dfbdaf22f65f83275" title="newPoolTree" alt="" coords="573,310,675,336">
<area shape="rect" href="$antlr3defs_8h.html#2ff90d8c29831ff6c5697fd140e3e012" title="antlr3CommonTreeNewFromToken" alt="" coords="817,411,1052,438">
