<area shape="rect" href="$antlr3inputstream_8c.html#5242ac4de37caa0abe292ad0bd542d68" title="Common function to setup function interface for an 8 bit input stream." alt="" coords="198,512,358,539">
<area shape="rect" href="$antlr3inputstream_8c.html#af870afb95b0a59fe6bfd4395df9efc7" title="Common function to setup function interface for a EBCDIC input stream." alt="" coords="184,284,371,311">
<area shape="rect" href="$antlr3inputstream_8c.html#cafc8ebb856269e54d4ac5819d6456d7" title="Common function to setup function interface for a UTF16 or UCS2 input stream." alt="" coords="190,335,366,361">
<area shape="rect" href="$antlr3inputstream_8c.html#bc45456235e1307ca5246886580bc2fd" title="Common function to setup function interface for a UTF3 input stream." alt="" coords="190,664,366,691">
<area shape="rect" href="$antlr3inputstream_8c.html#2dad091fd85b499275fa56b02fea050f" title="Common function to setup function interface for a UTF8 input stream." alt="" coords="192,816,363,843">
<area shape="rect" href="$antlr3string_8c.html#200b7c19862c160ede36ca863ad60515" title="antlr3StringFactoryNew" alt="" coords="423,512,588,539">
<area shape="rect" href="$antlr3collections_8c.html#0f20590f5ba34812e48d6cec3e126fd6" title="antlr3VectorNew" alt="" coords="656,157,779,184">
<area shape="rect" href="$antlr3string_8c.html#1b413d5a90212a05ac374d0ecff495ef" title="Fascist Capitalist Pig function created to oppress the workers comrade." alt="" coords="668,208,767,235">
<area shape="rect" href="$antlr3string_8c.html#0a3d4c0f9076e26dbe14693a5946b38e" title="destroy" alt="" coords="684,259,751,285">
<area shape="rect" href="$antlr3string_8c.html#872d78a174c23de5f24960b95f922aa2" title="Creates a new 8 bit string initialized with the 8 bit characters at the supplied..." alt="" coords="682,309,754,336">
<area shape="rect" href="$antlr3string_8c.html#856e50775bd85e98dcf149eb9b500595" title="Creates a new UTF16 string initialized with the 8 bit characters at the supplied..." alt="" coords="658,360,778,387">
<area shape="rect" href="$antlr3string_8c.html#85baa1852ab94dd84fb2b9ac659a5d79" title="Creates a new UTF16 string initialized with the UTF16 characters at the supplied..." alt="" coords="640,411,795,437">
<area shape="rect" href="$antlr3string_8c.html#a4bb69b65c9021096ab73b5b0f4d8228" title="newRaw8" alt="" coords="678,512,758,539">
<area shape="rect" href="$antlr3string_8c.html#93372cb673c5b7bb15a82a1f8148584c" title="newRawUTF16" alt="" coords="660,461,775,488">
<area shape="rect" href="$antlr3string_8c.html#3ec2260d58995feecd5f0a19db44287f" title="Creates a new string with enough capacity for size 8 bit characters plus a terminator..." alt="" coords="678,563,758,589">
<area shape="rect" href="$antlr3string_8c.html#08863f1a26cce775118d73e8eb68fb58" title="Creates a new string with enough capacity for size UTF16 characters plus a terminator..." alt="" coords="660,613,775,640">
<area shape="rect" href="$antlr3string_8c.html#c42f6b7f61aaaaeef9364a3b6a2f2846" title="Create a new 8 bit string from the supplied, null terminated, 8 bit string pointer..." alt="" coords="682,664,754,691">
<area shape="rect" href="$antlr3string_8c.html#66f8bfde4fe2b326ef913ecd54778ebc" title="Create a new UTF16 string from the supplied, null terminated, 8 bit string pointer..." alt="" coords="658,715,778,741">
<area shape="rect" href="$antlr3string_8c.html#75021d9242b5c0d9838054726d431f65" title="Create a new UTF16 string from the supplied, null terminated, UTF16 string pointer..." alt="" coords="640,765,795,792">
<area shape="rect" href="$antlr3string_8c.html#d2791348557c03f3db05d005ffd12743" title="printable8" alt="" coords="676,816,759,843">
<area shape="rect" href="$antlr3string_8c.html#059768cba0dd50049e652615646ff5e1" title="printableUTF16" alt="" coords="660,867,775,893">
<area shape="rect" href="$antlr3collections_8c.html#257bb3a732b0aee54f196ea448944d0b" title="antlr3SetVectorApi" alt="" coords="843,157,979,184">
<area shape="rect" href="$antlr3collections_8c.html#b7bfa6d6ae69bd46b3c155d55a7162a1" title="Add the supplied pointer and freeing function pointer to the list, expanding the..." alt="" coords="1032,56,1152,83">
<area shape="rect" href="$antlr3collections_8c.html#a6d77074d26182876f7cc5269f39dcaf" title="antlr3VectorClear" alt="" coords="1028,107,1156,133">
<area shape="rect" href="$antlr3collections_8c.html#2f2a279a441ad513caf852f3f5387f1e" title="antlr3VectorDel" alt="" coords="1035,157,1150,184">
<area shape="rect" href="$antlr3collections_8c.html#cebfdc6cc1b28c406946fa6e72c1f581" title="antlr3VectorFree" alt="" coords="1031,208,1154,235">
<area shape="rect" href="$antlr3collections_8c.html#62297bdab210e5a852d9c778a48556b8" title="antlr3VectorGet" alt="" coords="1034,259,1151,285">
<area shape="rect" href="$antlr3string_8c.html#d3b8ca592798fba5c5c8f49412b41cd0" title="stringFree" alt="" coords="870,487,952,513">
<area shape="rect" href="$antlr3string_8c.html#a01170a5ff98de91c515b39525546bf8" title="stringInit8" alt="" coords="871,537,951,564">
<area shape="rect" href="$antlr3string_8c.html#7ded3fa05996a62acf3311e45241886e" title="stringInitUTF16" alt="" coords="854,436,968,463">
<area shape="rect" href="$antlr3inputstream_8c.html#9778a8f3899270c73433d9d777fa1aac" title="Return the input element assuming an 8 bit EBCDIC input." alt="" coords="444,5,567,32">
<area shape="rect" href="$antlr3inputstream_8c.html#d5524e161ebc02d9d51efec3ee523e94" title="Consume the next character in a UTF16 input stream." alt="" coords="428,259,583,285">
<area shape="rect" href="$antlr3inputstream_8c.html#c981616d98804c63bfc154177ca13a7c" title="Consume the next character in a UTF16 input stream when the input is Big Endian and..." alt="" coords="419,309,592,336">
<area shape="rect" href="$antlr3inputstream_8c.html#b45c89b694ec6599bc2571864a479950" title="Consume the next character in a UTF16 input stream when the input is Little Endian..." alt="" coords="420,360,591,387">
<area shape="rect" href="$antlr3inputstream_8c.html#fb27eae00e82a75d24e7dbaa7efd2fe8" title="Calculate the current index in the output stream." alt="" coords="440,411,571,437">
<area shape="rect" href="$antlr3inputstream_8c.html#638664e6689ee6e5d63094b4ab8aab94" title="Return the input element assuming an 8 bit ascii input." alt="" coords="448,461,563,488">
<area shape="rect" href="$antlr3inputstream_8c.html#6b11d3b7cfdfce8b26315a80fc797dbf" title="Return the input element assuming a UTF16 input when the input is Little Endian and..." alt="" coords="440,56,571,83">
<area shape="rect" href="$antlr3inputstream_8c.html#85eb801056b1c599eb3e20b5d353bf4e" title="Return the input element assuming a UTF16 input when the input is Little Endian and..." alt="" coords="440,107,571,133">
<area shape="rect" href="$antlr3inputstream_8c.html#37ea3f3ae4b6bf3a0d20772810420f6e" title="Rewind the lexer input to the state specified by the supplied mark." alt="" coords="442,157,570,184">
<area shape="rect" href="$antlr3inputstream_8c.html#d0b98102aa21a57c2dca1db21f1cd0b0" title="Return a substring of the UTF16 input stream in newly allocated memory." alt="" coords="438,208,574,235">
<area shape="rect" href="$antlr3inputstream_8c.html#42233e92adb5130bc0b1ba4d24fb6896" title="Consume the next character in a UTF32 input stream." alt="" coords="428,664,583,691">
<area shape="rect" href="$antlr3inputstream_8c.html#a64bff1d3be3a8d67614e77efb182adf" title="Calculate the current index in the output stream." alt="" coords="440,715,571,741">
<area shape="rect" href="$antlr3inputstream_8c.html#a0dd93e930d722318e6f15c7fb08fe6e" title="Return the input element assuming a UTF32 input in natural machine byte order." alt="" coords="448,765,563,792">
<area shape="rect" href="$antlr3inputstream_8c.html#5a790ebf5c0e6b7c2685a41011681dc2" title="Return the input element assuming a UTF32 input in big endian byte order." alt="" coords="440,816,571,843">
<area shape="rect" href="$antlr3inputstream_8c.html#c4bafcadef7aa73706ada586834aba4e" title="Return the input element assuming a UTF32 input in little endian byte order." alt="" coords="440,867,571,893">
<area shape="rect" href="$antlr3inputstream_8c.html#7f95006896889a2e4a4b2c321ae73aa9" title="Rewind the lexer input to the state specified by the supplied mark." alt="" coords="442,563,570,589">
<area shape="rect" href="$antlr3inputstream_8c.html#156b7ebdce31bae78aba5cf4efa6b235" title="Return a substring of the UTF16 input stream in newly allocated memory." alt="" coords="438,613,574,640">
<area shape="rect" href="$antlr3inputstream_8c.html#fa1841b701f70ff79a7ff78b8ce0839b" title="Consume the next character in a UTF8 input stream." alt="" coords="431,917,580,944">
<area shape="rect" href="$antlr3inputstream_8c.html#5c6012a3865d3fb1fcc13742ea2a7698" title="Return the input element assuming a UTF8 input." alt="" coords="452,968,559,995">
