<area shape="rect" href="$antlr3debughandlers_8c.html#d7a231e6698f698f30782c71d7f120f6" title="handshake" alt="" coords="137,81,225,108">
<area shape="rect" href="$antlr3debughandlers_8c.html#2dbcad7f611c518cd3359dd294ef263a" title="transmit" alt="" coords="147,233,216,260">
<area shape="rect" href="$antlr3defs_8h.html#5d023697cc6fae0f33a329b9a787303a" title="Create and initialize a new debug event listener that can be connected to by ANTLRWorks..." alt="" coords="483,233,653,260">
<area shape="rect" href="$antlr3debughandlers_8c.html#15dd87baf368c6b3bfbafba79f2fa120" title="antlr3DebugListenerNewPort" alt="" coords="703,233,897,260">
<area shape="rect" href="$antlr3debughandlers_8c.html#580621a4e593d986a47515333cb16c0a" title="consumeHiddenToken" alt="" coords="276,56,433,83">
<area shape="rect" href="$antlr3debughandlers_8c.html#c502d5d9111ee5bcdf279e0769477c37" title="consumeToken" alt="" coords="297,107,412,133">
<area shape="rect" href="$antlr3debughandlers_8c.html#6e49197d7b64f1b1f1be33f7844a3c5c" title="enterAlt" alt="" coords="320,157,389,184">
<area shape="rect" href="$antlr3debughandlers_8c.html#2c0cfeb0a2309dca19d88dd5fbe1312a" title="enterDecision" alt="" coords="303,208,407,235">
<area shape="rect" href="$antlr3debughandlers_8c.html#2c873b812261905eca65fa9dde9a2d85" title="enterRule" alt="" coords="315,259,395,285">
<area shape="rect" href="$antlr3debughandlers_8c.html#1ab044c45bfdf65657d3aae34e5b06b5" title="enterSubRule" alt="" coords="303,309,407,336">
<area shape="rect" href="$antlr3debughandlers_8c.html#1db829a0e98b987c2cec67ef0f5911c8" title="exitDecision" alt="" coords="307,360,403,387">
<area shape="rect" href="$antlr3debughandlers_8c.html#9ef770213a042fb04c8b14d02837147c" title="exitRule" alt="" coords="320,411,389,437">
<area shape="rect" href="$antlr3debughandlers_8c.html#07d5c5c0dfcdb4692f15d37030531cfd" title="exitSubRule" alt="" coords="308,461,401,488">
