<area shape="rect" href="$antlr3parser_8c.html#e667dafdcef9adc2fceebc8420a7cded" title="antlr3ParserNew" alt="" coords="223,956,346,983">
<area shape="rect" href="$group__p_a_n_t_l_r3___b_a_s_e___r_e_c_o_g_n_i_z_e_r.html#g5b539798327f965e6289a9f613515c9a" title="antlr3BaseRecognizerNew" alt="" coords="396,880,578,907">
<area shape="rect" href="$group__p_a_n_t_l_r3___b_a_s_e___r_e_c_o_g_n_i_z_e_r.html#g974d33def91ba5fb5a6fa8e42c6d876e" title="Creates a new Mismatched Token Exception and inserts in the recognizer exception..." alt="" coords="916,171,1079,197">
<area shape="rect" href="$antlr3parser_8c.html#37b56fbe7a95dc5d2167bc9fe2bb69a2" title="freeParser" alt="" coords="444,931,530,957">
<area shape="rect" href="$antlr3parser_8c.html#bd5b4674ce52d57279b8fcac3a2f349e" title="getTokenStream" alt="" coords="426,981,548,1008">
<area shape="rect" href="$antlr3parser_8c.html#9be4603523bcb0c0288276227c9f66b2" title="setDebugListener" alt="" coords="423,1032,551,1059">
<area shape="rect" href="$antlr3parser_8c.html#bc2dd50cc07985861a3bfbb4d59a7bbf" title="setTokenStream" alt="" coords="427,1083,547,1109">
<area shape="rect" href="$group__p_a_n_t_l_r3___b_a_s_e___r_e_c_o_g_n_i_z_e_r.html#gecb4f403651c25610bcceff641027d02" title="Has this rule already parsed input at the current index in the input stream? Return..." alt="" coords="663,272,802,299">
<area shape="rect" href="$antlr3collections_8c.html#0f20590f5ba34812e48d6cec3e126fd6" title="antlr3VectorNew" alt="" coords="1204,703,1327,729">
<area shape="rect" href="$group__p_a_n_t_l_r3___b_a_s_e___r_e_c_o_g_n_i_z_e_r.html#g1817b0f3b6af542c3536371040dc58ac" title="beginBacktrack" alt="" coords="675,829,790,856">
<area shape="rect" href="$group__p_a_n_t_l_r3___b_a_s_e___r_e_c_o_g_n_i_z_e_r.html#gfa6c2298edaa647a41c8958da95e52a3" title="beginResync" alt="" coords="683,880,782,907">
<area shape="rect" href="$group__p_a_n_t_l_r3___b_a_s_e___r_e_c_o_g_n_i_z_e_r.html#gae6c6fbbbf2e1c74b612c56585421480" title="Compute the current followset for the input stream." alt="" coords="938,475,1058,501">
<area shape="rect" href="$group__p_a_n_t_l_r3___b_a_s_e___r_e_c_o_g_n_i_z_e_r.html#gafcf8d570aefd265cdd1f08fd1c648d0" title="Compute the context&#45;sensitive FOLLOW set for current rule." alt="" coords="652,931,812,957">
<area shape="rect" href="$group__p_a_n_t_l_r3___b_a_s_e___r_e_c_o_g_n_i_z_e_r.html#gb130860e17b6b63e2b1ec308f327ba16" title="Compute the error recovery set for the current rule." alt="" coords="642,981,823,1008">
<area shape="rect" href="$group__p_a_n_t_l_r3___b_a_s_e___r_e_c_o_g_n_i_z_e_r.html#gfe29b544de6bf6a2f2f1cde76ffbcfef" title="Eat tokens from the input stream until we get one of JUST the right type." alt="" coords="680,1032,784,1059">
<area shape="rect" href="$group__p_a_n_t_l_r3___b_a_s_e___r_e_c_o_g_n_i_z_e_r.html#g8d35000d9ab1050dabe81cf7920934fe" title="Eat tokens from the input stream until we find one that belongs to the supplied set..." alt="" coords="670,1083,795,1109">
<area shape="rect" href="$group__p_a_n_t_l_r3___b_a_s_e___r_e_c_o_g_n_i_z_e_r.html#g3c88e896255781a0ace9fd1110900424" title="Standard/Example error display method." alt="" coords="648,576,816,603">
<area shape="rect" href="$group__p_a_n_t_l_r3___b_a_s_e___r_e_c_o_g_n_i_z_e_r.html#g7258d67140b160ff9da909d067d402d0" title="endBacktrack" alt="" coords="680,1133,784,1160">
<area shape="rect" href="$group__p_a_n_t_l_r3___b_a_s_e___r_e_c_o_g_n_i_z_e_r.html#g76e55e0ccbc6262c398dbc0d7ef2e2e2" title="endResync" alt="" coords="688,1184,776,1211">
<area shape="rect" href="$group__p_a_n_t_l_r3___b_a_s_e___r_e_c_o_g_n_i_z_e_r.html#g5999985a70a69e3bec790156b88fbd62" title="freeBR" alt="" coords="700,1235,764,1261">
<area shape="rect" href="$group__p_a_n_t_l_r3___b_a_s_e___r_e_c_o_g_n_i_z_e_r.html#gfa6cd5dae10144c754490bbc9ebef8f1" title="getCurrentInputSymbol" alt="" coords="652,1285,812,1312">
<area shape="rect" href="$group__p_a_n_t_l_r3___b_a_s_e___r_e_c_o_g_n_i_z_e_r.html#g22c45f91acc78faa73e6b1fd637e3e0c" title="getMissingSymbol" alt="" coords="667,1336,798,1363">
<area shape="rect" href="$group__p_a_n_t_l_r3___b_a_s_e___r_e_c_o_g_n_i_z_e_r.html#gb4273491fa0ac1fb0da57d57c37d4f05" title="Return how many syntax errors were detected by this recognizer." alt="" coords="642,1387,823,1413">
<area shape="rect" href="$group__p_a_n_t_l_r3___b_a_s_e___r_e_c_o_g_n_i_z_e_r.html#gc7e1bf2a5a3adcfe14e64a68e96a9ce4" title="Return the rule invocation stack (how we got here in the parse." alt="" coords="650,1437,815,1464">
<area shape="rect" href="$group__p_a_n_t_l_r3___b_a_s_e___r_e_c_o_g_n_i_z_e_r.html#gae8d9ae771381ce037d6f9e8b2906013" title="getRuleInvocationStackNamed" alt="" coords="628,1488,836,1515">
<area shape="rect" href="$group__p_a_n_t_l_r3___b_a_s_e___r_e_c_o_g_n_i_z_e_r.html#gbc080ec9aaa275e0361dea5a1eb431c0" title="Pointer to a function to return whether the rule has parsed input starting at the..." alt="" coords="659,779,806,805">
<area shape="rect" href="$group__p_a_n_t_l_r3___b_a_s_e___r_e_c_o_g_n_i_z_e_r.html#g06172ef38079026fc3d29bea9a046cc3" title="Match current input symbol against ttype." alt="" coords="703,1539,762,1565">
<area shape="rect" href="$group__p_a_n_t_l_r3___b_a_s_e___r_e_c_o_g_n_i_z_e_r.html#gc6666b109c5d2fb42e311b0a248e0bb0" title="Consumes the next token, whatever it is, and resets the recognizer state so that..." alt="" coords="691,1589,774,1616">
<area shape="rect" href="$group__p_a_n_t_l_r3___b_a_s_e___r_e_c_o_g_n_i_z_e_r.html#g0b61381c64a3cf6fa719be2f3fe6cc79" title="Record whether or not this rule parsed the input at this position successfully." alt="" coords="694,1640,771,1667">
<area shape="rect" href="$group__p_a_n_t_l_r3___b_a_s_e___r_e_c_o_g_n_i_z_e_r.html#gf8c302d1762b73b1a80c88ca71210472" title="Factor out what to do upon token mismatch so tree parsers can behave differently..." alt="" coords="692,323,772,349">
<area shape="rect" href="$group__p_a_n_t_l_r3___b_a_s_e___r_e_c_o_g_n_i_z_e_r.html#gae2cb5c900551876f8ba170252b9a73b" title="mismatchIsMissingToken" alt="" coords="911,424,1084,451">
<area shape="rect" href="$group__p_a_n_t_l_r3___b_a_s_e___r_e_c_o_g_n_i_z_e_r.html#g5d8fdaef9c545faefeb480e49ff5842b" title="mismatchIsUnwantedToken" alt="" coords="903,323,1092,349">
<area shape="rect" href="$group__p_a_n_t_l_r3___b_a_s_e___r_e_c_o_g_n_i_z_e_r.html#g911941c0a78751dd6eae32d1fd3f3a2d" title="Recover from an error found on the input stream." alt="" coords="699,1691,766,1717">
<area shape="rect" href="$group__p_a_n_t_l_r3___b_a_s_e___r_e_c_o_g_n_i_z_e_r.html#g733153563bd70d3b65fce9bd665fb61f" title="This code is factored out from mismatched token and mismatched set recovery." alt="" coords="887,627,1108,653">
<area shape="rect" href="$group__p_a_n_t_l_r3___b_a_s_e___r_e_c_o_g_n_i_z_e_r.html#g833876e3010f505f0e12326360f6877d" title="recoverFromMismatchedSet" alt="" coords="636,1741,828,1768">
<area shape="rect" href="$group__p_a_n_t_l_r3___b_a_s_e___r_e_c_o_g_n_i_z_e_r.html#g4876d181d8cca1dcee4ebc7b0d313b28" title="Attempt to recover from a single missing or extra token." alt="" coords="627,424,838,451">
<area shape="rect" href="$group__p_a_n_t_l_r3___b_a_s_e___r_e_c_o_g_n_i_z_e_r.html#g94bd01f211c00d6125d6ca8fca67429c" title="Report a recognition problem." alt="" coords="688,69,776,96">
<area shape="rect" href="$group__p_a_n_t_l_r3___b_a_s_e___r_e_c_o_g_n_i_z_e_r.html#g3bbbf4338658f30c5b039e933232c988" title="reset" alt="" coords="707,728,758,755">
<area shape="rect" href="$group__p_a_n_t_l_r3___b_a_s_e___r_e_c_o_g_n_i_z_e_r.html#gab17b157e62f1564570c784ec4b184c5" title="A syntactic predicate." alt="" coords="698,171,767,197">
<area shape="rect" href="$group__p_a_n_t_l_r3___b_a_s_e___r_e_c_o_g_n_i_z_e_r.html#gbe87a4783b650d2576f6550fe53c43b7" title="Convenience method for template rewrites &#45; NYI." alt="" coords="695,221,770,248">
<area shape="rect" href="$group__p_a_n_t_l_r3___b_a_s_e___r_e_c_o_g_n_i_z_e_r.html#gb2d77cd376112c8ff6ed7353ba78dab7" title="antlr3RecognitionExceptionNew" alt="" coords="1159,272,1372,299">
<area shape="rect" href="$antlr3collections_8c.html#257bb3a732b0aee54f196ea448944d0b" title="antlr3SetVectorApi" alt="" coords="1422,703,1558,729">
<area shape="rect" href="$antlr3bitset_8c.html#dee17893182cf3d0c91bfce5e6ba12a9" title="Creates a new bitset with at least one 64 bit bset of bits, but as many 64 bit sets..." alt="" coords="1206,525,1326,552">
<area shape="rect" href="$antlr3bitset_8c.html#4179c82d3761a00b268461756c59222a" title="antlr3BitsetNew" alt="" coords="1431,500,1548,527">
<area shape="rect" href="$antlr3commontreenodestream_8c.html#7d68f5af32504d0af4c13a4c9d33726d" title="size" alt="" coords="975,576,1020,603">
<area shape="rect" href="$antlr3commontoken_8c.html#3e0e53093c8170217cb4bee33c2714c9" title="antlr3TokenFactoryNew" alt="" coords="915,1336,1080,1363">
<area shape="rect" href="$antlr3collections_8c.html#ebfa2c8a91028760ae220897b9e1569f" title="antlr3IntTrieNew" alt="" coords="936,779,1059,805">
<area shape="rect" href="$group__p_a_n_t_l_r3___b_a_s_e___r_e_c_o_g_n_i_z_e_r.html#gde56c9d178d5f8b1690ea2ec37c156b4" title="freeIntTrie" alt="" coords="956,829,1039,856">
<area shape="rect" href="$antlr3collections_8c.html#cd2d302cb08802568e25ca38c6dab300" title="antlr3StackNew" alt="" coords="939,728,1056,755">
