<area shape="rect" href="$antlr3defs_8h.html#951952f4d3a047d11f54bc833b5a333e" title="antlr3ListNew" alt="" coords="171,56,275,83">
<area shape="rect" href="$antlr3tokenstream_8c.html#957ed00ca94b98506c14e2a2e93c76c2" title="discardTokenType" alt="" coords="336,6,469,32">
<area shape="rect" href="$antlr3tokenstream_8c.html#e15f03d21ef4c155daf9592cb6b7751a" title="Given a start and stop index, return a List of all tokens in the token type BitSet..." alt="" coords="351,56,455,83">
<area shape="rect" href="$antlr3tokenstream_8c.html#9fb1191e855ea785830c468d4eaae493" title="A simple filter mechanism whereby you can tell this token stream to force all tokens..." alt="" coords="324,107,481,134">
<area shape="rect" href="$antlr3defs_8h.html#b8426bed8df754240d19d2ee37edee70" title="antlr3CommonTokenStreamNew" alt="" coords="532,56,751,83">
<area shape="rect" href="$antlr3defs_8h.html#d4ef5baa73e1fdd0f0c2fc4cce4277cb" title="antlr3CommonTokenStreamSourceNew" alt="" coords="801,56,1063,83">
<area shape="rect" href="$antlr3defs_8h.html#da21cf0d75ef83806a60990556d86fe0" title="antlr3CommonTokenDebugStreamSourceNew" alt="" coords="1113,56,1415,83">
