<area shape="rect" href="$group__p_a_n_t_l_r3___b_a_s_e___r_e_c_o_g_n_i_z_e_r.html#g5b539798327f965e6289a9f613515c9a" title="antlr3BaseRecognizerNew" alt="" coords="172,816,353,843">
<area shape="rect" href="$group__p_a_n_t_l_r3___b_a_s_e___r_e_c_o_g_n_i_z_e_r.html#g3c88e896255781a0ace9fd1110900424" title="Standard/Example error display method." alt="" coords="431,6,599,32">
<area shape="rect" href="$group__p_a_n_t_l_r3___b_a_s_e___r_e_c_o_g_n_i_z_e_r.html#gfa6cd5dae10144c754490bbc9ebef8f1" title="getCurrentInputSymbol" alt="" coords="435,56,595,83">
<area shape="rect" href="$group__p_a_n_t_l_r3___b_a_s_e___r_e_c_o_g_n_i_z_e_r.html#g22c45f91acc78faa73e6b1fd637e3e0c" title="getMissingSymbol" alt="" coords="449,1374,580,1400">
<area shape="rect" href="$group__p_a_n_t_l_r3___b_a_s_e___r_e_c_o_g_n_i_z_e_r.html#gc6666b109c5d2fb42e311b0a248e0bb0" title="Consumes the next token, whatever it is, and resets the recognizer state so that..." alt="" coords="473,1424,556,1451">
<area shape="rect" href="$group__p_a_n_t_l_r3___b_a_s_e___r_e_c_o_g_n_i_z_e_r.html#g911941c0a78751dd6eae32d1fd3f3a2d" title="Recover from an error found on the input stream." alt="" coords="481,1475,548,1502">
<area shape="rect" href="$group__p_a_n_t_l_r3___b_a_s_e___r_e_c_o_g_n_i_z_e_r.html#g94bd01f211c00d6125d6ca8fca67429c" title="Report a recognition problem." alt="" coords="471,1526,559,1552">
<area shape="rect" href="$group__p_a_n_t_l_r3___b_a_s_e___r_e_c_o_g_n_i_z_e_r.html#g3bbbf4338658f30c5b039e933232c988" title="reset" alt="" coords="489,1576,540,1603">
<area shape="rect" href="$antlr3commontoken_8c.html#d6214ed38e124f2ada5b7056c15b58dc" title="antlr3SetTokenAPI" alt="" coords="195,1678,331,1704">
<area shape="rect" href="$antlr3basetree_8c.html#c0a5b07c2cc53a3f2938e6e94d9b1605" title="getCharPositionInLine" alt="" coords="437,1652,592,1679">
<area shape="rect" href="$antlr3basetree_8c.html#f89cad82ec0276b7f9183476bdfaa322" title="getLine" alt="" coords="481,1716,548,1743">
<area shape="rect" href="$antlr3basetreeadaptor_8c.html#e87582e8774b76849cb729d32d4406f4" title="Dummy implementation &#45; will be supplied by super class." alt="" coords="481,1767,548,1794">
<area shape="rect" href="$antlr3lexer_8c.html#f9d72282d839ad84befc641f4ca94330" title="emit" alt="" coords="239,1830,287,1856">
<area shape="rect" href="$antlr3lexer_8c.html#c774e151df4b351dff6e4928564e4f10" title="emitNew" alt="" coords="225,1880,300,1907">
<area shape="rect" href="$antlr3lexer_8c.html#e609556326be46b260682e16941b9e50" title="Free the resources allocated by a lexer." alt="" coords="224,1931,301,1958">
<area shape="rect" href="$antlr3lexer_8c.html#3dabace13d5c4690014e2faec9ee15f2" title="getCharIndex" alt="" coords="211,1982,315,2008">
<area shape="rect" href="$antlr3lexer_8c.html#c8172e09eed8ce89299a9f5225761b87" title="Implementation of matchc for the lexer, overrides any base implementation in the..." alt="" coords="229,2032,296,2059">
<area shape="rect" href="$antlr3lexer_8c.html#be3d9de36708b98a25e098f9de6e80f9" title="Implementation of match range for the lexer, overrides any base implementation in..." alt="" coords="213,2083,312,2110">
<area shape="rect" href="$antlr3lexer_8c.html#da6b8aff9bb627d91beaccca57c80e28" title="Implementation of matchs for the lexer, overrides any base implementation in the..." alt="" coords="229,2134,296,2160">
<area shape="rect" href="$antlr3lexer_8c.html#e31c6940c452ca2d98ba1e85e2a091c9" title="mTokens" alt="" coords="224,2184,301,2211">
<area shape="rect" href="$antlr3lexer_8c.html#c9a1246efbb94ec9e0069b70c3c53502" title="Default implementation of the nextToken() call for a lexer." alt="" coords="220,2235,305,2262">
<area shape="rect" href="$antlr3lexer_8c.html#917eec57b0aecea10777919d8ac240ec" title="Stops using the current input stream and reverts to any prior input stream on the..." alt="" coords="204,2286,321,2312">
<area shape="rect" href="$antlr3lexer_8c.html#2033174a70cd1baa72584c3b2929b711" title="Change to a new input stream, remembering the old one." alt="" coords="200,2336,325,2363">
<area shape="rect" href="$antlr3lexer_8c.html#3f121d133cb810a9687aee3089e33be8" title="setCharStream" alt="" coords="207,2387,319,2414">
<area shape="rect" href="$group__p_a_n_t_l_r3___b_a_s_e___r_e_c_o_g_n_i_z_e_r.html#gecb4f403651c25610bcceff641027d02" title="Has this rule already parsed input at the current index in the input stream? Return..." alt="" coords="445,360,584,387">
<area shape="rect" href="$group__p_a_n_t_l_r3___b_a_s_e___r_e_c_o_g_n_i_z_e_r.html#g974d33def91ba5fb5a6fa8e42c6d876e" title="Creates a new Mismatched Token Exception and inserts in the recognizer exception..." alt="" coords="688,842,851,868">
<area shape="rect" href="$antlr3collections_8c.html#0f20590f5ba34812e48d6cec3e126fd6" title="antlr3VectorNew" alt="" coords="453,462,576,488">
<area shape="rect" href="$group__p_a_n_t_l_r3___b_a_s_e___r_e_c_o_g_n_i_z_e_r.html#g1817b0f3b6af542c3536371040dc58ac" title="beginBacktrack" alt="" coords="457,512,572,539">
<area shape="rect" href="$group__p_a_n_t_l_r3___b_a_s_e___r_e_c_o_g_n_i_z_e_r.html#gfa6c2298edaa647a41c8958da95e52a3" title="beginResync" alt="" coords="465,563,564,590">
<area shape="rect" href="$group__p_a_n_t_l_r3___b_a_s_e___r_e_c_o_g_n_i_z_e_r.html#gae6c6fbbbf2e1c74b612c56585421480" title="Compute the current followset for the input stream." alt="" coords="455,614,575,640">
<area shape="rect" href="$group__p_a_n_t_l_r3___b_a_s_e___r_e_c_o_g_n_i_z_e_r.html#gafcf8d570aefd265cdd1f08fd1c648d0" title="Compute the context&#45;sensitive FOLLOW set for current rule." alt="" coords="435,664,595,691">
<area shape="rect" href="$group__p_a_n_t_l_r3___b_a_s_e___r_e_c_o_g_n_i_z_e_r.html#gb130860e17b6b63e2b1ec308f327ba16" title="Compute the error recovery set for the current rule." alt="" coords="424,715,605,742">
<area shape="rect" href="$group__p_a_n_t_l_r3___b_a_s_e___r_e_c_o_g_n_i_z_e_r.html#gfe29b544de6bf6a2f2f1cde76ffbcfef" title="Eat tokens from the input stream until we get one of JUST the right type." alt="" coords="463,766,567,792">
<area shape="rect" href="$group__p_a_n_t_l_r3___b_a_s_e___r_e_c_o_g_n_i_z_e_r.html#g8d35000d9ab1050dabe81cf7920934fe" title="Eat tokens from the input stream until we find one that belongs to the supplied set..." alt="" coords="452,816,577,843">
<area shape="rect" href="$group__p_a_n_t_l_r3___b_a_s_e___r_e_c_o_g_n_i_z_e_r.html#g7258d67140b160ff9da909d067d402d0" title="endBacktrack" alt="" coords="463,867,567,894">
<area shape="rect" href="$group__p_a_n_t_l_r3___b_a_s_e___r_e_c_o_g_n_i_z_e_r.html#g76e55e0ccbc6262c398dbc0d7ef2e2e2" title="endResync" alt="" coords="471,918,559,944">
<area shape="rect" href="$group__p_a_n_t_l_r3___b_a_s_e___r_e_c_o_g_n_i_z_e_r.html#g5999985a70a69e3bec790156b88fbd62" title="freeBR" alt="" coords="483,968,547,995">
<area shape="rect" href="$group__p_a_n_t_l_r3___b_a_s_e___r_e_c_o_g_n_i_z_e_r.html#gb4273491fa0ac1fb0da57d57c37d4f05" title="Return how many syntax errors were detected by this recognizer." alt="" coords="424,1019,605,1046">
<area shape="rect" href="$group__p_a_n_t_l_r3___b_a_s_e___r_e_c_o_g_n_i_z_e_r.html#gc7e1bf2a5a3adcfe14e64a68e96a9ce4" title="Return the rule invocation stack (how we got here in the parse." alt="" coords="432,1070,597,1096">
<area shape="rect" href="$group__p_a_n_t_l_r3___b_a_s_e___r_e_c_o_g_n_i_z_e_r.html#gae8d9ae771381ce037d6f9e8b2906013" title="getRuleInvocationStackNamed" alt="" coords="411,1120,619,1147">
<area shape="rect" href="$group__p_a_n_t_l_r3___b_a_s_e___r_e_c_o_g_n_i_z_e_r.html#gbc080ec9aaa275e0361dea5a1eb431c0" title="Pointer to a function to return whether the rule has parsed input starting at the..." alt="" coords="441,1171,588,1198">
<area shape="rect" href="$group__p_a_n_t_l_r3___b_a_s_e___r_e_c_o_g_n_i_z_e_r.html#g06172ef38079026fc3d29bea9a046cc3" title="Match current input symbol against ttype." alt="" coords="485,1222,544,1248">
<area shape="rect" href="$group__p_a_n_t_l_r3___b_a_s_e___r_e_c_o_g_n_i_z_e_r.html#g0b61381c64a3cf6fa719be2f3fe6cc79" title="Record whether or not this rule parsed the input at this position successfully." alt="" coords="476,1272,553,1299">
<area shape="rect" href="$group__p_a_n_t_l_r3___b_a_s_e___r_e_c_o_g_n_i_z_e_r.html#gf8c302d1762b73b1a80c88ca71210472" title="Factor out what to do upon token mismatch so tree parsers can behave differently..." alt="" coords="475,310,555,336">
<area shape="rect" href="$group__p_a_n_t_l_r3___b_a_s_e___r_e_c_o_g_n_i_z_e_r.html#gae2cb5c900551876f8ba170252b9a73b" title="mismatchIsMissingToken" alt="" coords="683,158,856,184">
<area shape="rect" href="$group__p_a_n_t_l_r3___b_a_s_e___r_e_c_o_g_n_i_z_e_r.html#g5d8fdaef9c545faefeb480e49ff5842b" title="mismatchIsUnwantedToken" alt="" coords="675,360,864,387">
<area shape="rect" href="$group__p_a_n_t_l_r3___b_a_s_e___r_e_c_o_g_n_i_z_e_r.html#g733153563bd70d3b65fce9bd665fb61f" title="This code is factored out from mismatched token and mismatched set recovery." alt="" coords="404,208,625,235">
<area shape="rect" href="$group__p_a_n_t_l_r3___b_a_s_e___r_e_c_o_g_n_i_z_e_r.html#g833876e3010f505f0e12326360f6877d" title="recoverFromMismatchedSet" alt="" coords="419,259,611,286">
<area shape="rect" href="$group__p_a_n_t_l_r3___b_a_s_e___r_e_c_o_g_n_i_z_e_r.html#g4876d181d8cca1dcee4ebc7b0d313b28" title="Attempt to recover from a single missing or extra token." alt="" coords="409,107,620,134">
