<area shape="rect" href="$antlr3bitset_8c.html#27d5998204727b78f3ab89c31d2beacf" title="antlr3BitsetClone" alt="" coords="167,335,292,361">
<area shape="rect" href="$antlr3bitset_8c.html#43c02f416d3e8e3f7578ec06ce14d1a3" title="antlr3BitsetORInPlace" alt="" coords="689,512,844,539">
<area shape="rect" href="$antlr3bitset_8c.html#4179c82d3761a00b268461756c59222a" title="antlr3BitsetNew" alt="" coords="341,309,459,336">
<area shape="rect" href="$antlr3bitset_8c.html#6228fd1eed1beb76cb7e880003b15fdc" title="antlr3BitsetSetAPI" alt="" coords="508,284,639,311">
<area shape="rect" href="$antlr3bitset_8c.html#3981f36e2036577bc4532c4f3216cc8b" title="antlr3BitsetAdd" alt="" coords="709,360,824,387">
<area shape="rect" href="$antlr3bitset_8c.html#61fa5f4035fcc2a735c522d97cee9558" title="antlr3BitsetEquals" alt="" coords="701,107,832,133">
<area shape="rect" href="$antlr3bitset_8c.html#a2ead142716bb73adbfe2b9f0bd4ea4e" title="antlr3BitsetFree" alt="" coords="708,157,825,184">
<area shape="rect" href="$antlr3bitset_8c.html#ca05cfe85e66e6d289e976d6faf69ac1" title="antlr3BitsetIsNil" alt="" coords="708,208,825,235">
<area shape="rect" href="$antlr3bitset_8c.html#50664bfeae4e3d962c675fd1795e293a" title="antlr3BitsetMember" alt="" coords="697,259,836,285">
<area shape="rect" href="$antlr3bitset_8c.html#9f79c2465a6c3c2e6d3b61b2f03373a8" title="antlr3BitsetNumBits" alt="" coords="696,309,837,336">
<area shape="rect" href="$antlr3bitset_8c.html#e0a17dc8267f0b9527624348ad322eab" title="antlr3BitsetRemove" alt="" coords="697,56,836,83">
<area shape="rect" href="$antlr3bitset_8c.html#39443d4264927c670d34df70ae33f03e" title="antlr3BitsetSize" alt="" coords="708,411,825,437">
<area shape="rect" href="$antlr3bitset_8c.html#b4b75259b67febc2ecb796f8f6121df0" title="Produce an integer list of all the bits that are turned on in this bitset." alt="" coords="696,461,837,488">
<area shape="rect" href="$antlr3bitset_8c.html#7912f2e670e99378ec98c5320fa4f40c" title="grow" alt="" coords="741,5,792,32">
<area shape="rect" href="$antlr3bitset_8c.html#77502eccb26e6226cb7793d2790d197d" title="growToInclude" alt="" coords="893,436,1005,463">
<area shape="rect" href="$antlr3bitset_8c.html#8d2e4e0003945f022083c388c8550a2d" title="wordNumber" alt="" coords="899,259,1000,285">
<area shape="rect" href="$antlr3bitset_8c.html#54002a09d61bd76ff7a9c3c06425aff1" title="numWordsToHold" alt="" coords="1055,436,1185,463">
