<area shape="rect" href="$antlr3commontoken_8c.html#3e0e53093c8170217cb4bee33c2714c9" title="antlr3TokenFactoryNew" alt="" coords="188,512,353,539">
<area shape="rect" href="$antlr3commontoken_8c.html#d6214ed38e124f2ada5b7056c15b58dc" title="antlr3SetTokenAPI" alt="" coords="565,436,701,463">
<area shape="rect" href="$antlr3commontoken_8c.html#138055a9dcffd2bccf6cb8a47053ae0c" title="factoryClose" alt="" coords="411,436,509,463">
<area shape="rect" href="$antlr3commontoken_8c.html#453fd144d2f4a6ad6ab57ec106d8b6ae" title="factoryReset" alt="" coords="411,538,509,564">
<area shape="rect" href="$antlr3collections_8c.html#f2e0986dc2c7f23b76b653aa3b6e6274" title="newPool" alt="" coords="596,538,671,564">
<area shape="rect" href="$antlr3commontoken_8c.html#fa0c747a497553a3b1f7508bcbba22fd" title="newPoolToken" alt="" coords="404,487,516,514">
<area shape="rect" href="$antlr3commontoken_8c.html#eb9df4bf79464b1fb5cbd2e7c516bb43" title="setInputStream" alt="" coords="403,639,517,666">
<area shape="rect" href="$antlr3commontoken_8c.html#f3dd0f37a5c07982f31493b5dd3178c5" title="getChannel" alt="" coords="783,6,873,32">
<area shape="rect" href="$antlr3basetree_8c.html#c0a5b07c2cc53a3f2938e6e94d9b1605" title="getCharPositionInLine" alt="" coords="751,56,905,83">
<area shape="rect" href="$antlr3basetree_8c.html#f89cad82ec0276b7f9183476bdfaa322" title="getLine" alt="" coords="795,107,861,134">
<area shape="rect" href="$antlr3commontoken_8c.html#00ca0944c0ce0d19de89d965394a821f" title="getStartIndex" alt="" coords="777,158,879,184">
<area shape="rect" href="$antlr3commontoken_8c.html#4ba4c3dcb2558007a91d33e9ff4c0b4b" title="getStopIndex" alt="" coords="777,208,879,235">
<area shape="rect" href="$antlr3basetreeadaptor_8c.html#e87582e8774b76849cb729d32d4406f4" title="Dummy implementation &#45; will be supplied by super class." alt="" coords="795,259,861,286">
<area shape="rect" href="$antlr3commontoken_8c.html#2f923db7f3f1f5915f6f63ea1bd1b098" title="getTokenIndex" alt="" coords="772,310,884,336">
<area shape="rect" href="$antlr3basetreeadaptor_8c.html#f002bbd918744c2e414a5fa6f352b491" title="Dummy implementation &#45; will be supplied by super class." alt="" coords="793,360,863,387">
<area shape="rect" href="$antlr3commontoken_8c.html#63449b638a4362d3a448ecffc027fb53" title="setChannel" alt="" coords="783,411,873,438">
<area shape="rect" href="$antlr3commontoken_8c.html#41d67affa21aae907d93aa847ffed379" title="setCharPositionInLine" alt="" coords="751,462,905,488">
<area shape="rect" href="$antlr3commontoken_8c.html#e7675d977ecb74ca5f5c4bf3973e129f" title="setLine" alt="" coords="796,512,860,539">
<area shape="rect" href="$antlr3commontoken_8c.html#d69c843df3e5b062c1e505c366be9409" title="setStartIndex" alt="" coords="777,563,879,590">
<area shape="rect" href="$antlr3commontoken_8c.html#37635835c619c01b3d25212d058e171e" title="setStopIndex" alt="" coords="777,614,879,640">
<area shape="rect" href="$antlr3basetreeadaptor_8c.html#30e52a5c4458170f79744c4c39a39f84" title="Dummy implementation &#45; will be supplied by super class." alt="" coords="795,664,861,691">
<area shape="rect" href="$antlr3basetreeadaptor_8c.html#b2212e3297a9b90372007ccb0beee599" title="Dummy implementation &#45; will be supplied by super class." alt="" coords="791,715,865,742">
<area shape="rect" href="$antlr3commontoken_8c.html#a8e9c4a38cf2561074a67c8985cb6eef" title="setTokenIndex" alt="" coords="773,766,883,792">
<area shape="rect" href="$antlr3basetreeadaptor_8c.html#e72be9cdf2c5ce04a5f81b4fe6eed6ee" title="Dummy implementation &#45; will be supplied by super class." alt="" coords="793,816,863,843">
<area shape="rect" href="$antlr3commontoken_8c.html#c98555d67ba2799ecbabc4a41d6d3258" title="toString" alt="" coords="793,867,863,894">
