<area shape="rect" href="$group__p_a_n_t_l_r3___b_a_s_e___r_e_c_o_g_n_i_z_e_r.html#g974d33def91ba5fb5a6fa8e42c6d876e" title="Creates a new Mismatched Token Exception and inserts in the recognizer exception..." alt="" coords="147,132,310,159">
<area shape="rect" href="$group__p_a_n_t_l_r3___b_a_s_e___r_e_c_o_g_n_i_z_e_r.html#gb2d77cd376112c8ff6ed7353ba78dab7" title="antlr3RecognitionExceptionNew" alt="" coords="372,81,586,108">
<area shape="rect" href="$group__p_a_n_t_l_r3___b_a_s_e___r_e_c_o_g_n_i_z_e_r.html#gae2cb5c900551876f8ba170252b9a73b" title="mismatchIsMissingToken" alt="" coords="142,183,315,209">
<area shape="rect" href="$group__p_a_n_t_l_r3___b_a_s_e___r_e_c_o_g_n_i_z_e_r.html#g5d8fdaef9c545faefeb480e49ff5842b" title="mismatchIsUnwantedToken" alt="" coords="134,233,323,260">
<area shape="rect" href="$antlr3exception_8c.html#d7bf558a3019636d779ebd281ab07450" title="Creates a new ANTLR3 exception structure." alt="" coords="643,31,784,57">
<area shape="rect" href="$antlr3basetree_8c.html#c0a5b07c2cc53a3f2938e6e94d9b1605" title="getCharPositionInLine" alt="" coords="636,81,791,108">
<area shape="rect" href="$antlr3basetree_8c.html#f89cad82ec0276b7f9183476bdfaa322" title="getLine" alt="" coords="680,132,747,159">
<area shape="rect" href="$antlr3exception_8c.html#21c30f7a44edd55f154d2cfaafb0fd8a" title="Frees up a chain of ANTLR3 exceptions." alt="" coords="842,5,986,32">
<area shape="rect" href="$antlr3exception_8c.html#193748f2d252beb17b1b0487ca77cb4f" title="Prints out the message in all the exceptions in the supplied chain." alt="" coords="842,56,986,83">
<area shape="rect" href="$antlr3rewritestreams_8c.html#92c4d9fcaea24e9f6b4f658711bacc07" title="Return the next element in the stream." alt="" coords="1083,5,1131,32">
<area shape="rect" href="$antlr3bitset_8c.html#dee17893182cf3d0c91bfce5e6ba12a9" title="Creates a new bitset with at least one 64 bit bset of bits, but as many 64 bit sets..." alt="" coords="419,183,539,209">
<area shape="rect" href="$antlr3bitset_8c.html#4179c82d3761a00b268461756c59222a" title="antlr3BitsetNew" alt="" coords="655,183,772,209">
<area shape="rect" href="$antlr3bitset_8c.html#6228fd1eed1beb76cb7e880003b15fdc" title="antlr3BitsetSetAPI" alt="" coords="848,487,979,513">
<area shape="rect" href="$antlr3bitset_8c.html#3981f36e2036577bc4532c4f3216cc8b" title="antlr3BitsetAdd" alt="" coords="1050,664,1164,691">
<area shape="rect" href="$antlr3bitset_8c.html#27d5998204727b78f3ab89c31d2beacf" title="antlr3BitsetClone" alt="" coords="1243,385,1368,412">
<area shape="rect" href="$antlr3bitset_8c.html#61fa5f4035fcc2a735c522d97cee9558" title="antlr3BitsetEquals" alt="" coords="1042,816,1172,843">
<area shape="rect" href="$antlr3bitset_8c.html#a2ead142716bb73adbfe2b9f0bd4ea4e" title="antlr3BitsetFree" alt="" coords="1048,208,1166,235">
<area shape="rect" href="$antlr3bitset_8c.html#ca05cfe85e66e6d289e976d6faf69ac1" title="antlr3BitsetIsNil" alt="" coords="1048,309,1166,336">
<area shape="rect" href="$antlr3bitset_8c.html#50664bfeae4e3d962c675fd1795e293a" title="antlr3BitsetMember" alt="" coords="1038,715,1176,741">
<area shape="rect" href="$antlr3bitset_8c.html#9f79c2465a6c3c2e6d3b61b2f03373a8" title="antlr3BitsetNumBits" alt="" coords="1036,411,1178,437">
<area shape="rect" href="$antlr3bitset_8c.html#f844c13aca32ead9bc7de4714eb4483c" title="antlr3BitsetOR" alt="" coords="1052,360,1162,387">
<area shape="rect" href="$antlr3bitset_8c.html#43c02f416d3e8e3f7578ec06ce14d1a3" title="antlr3BitsetORInPlace" alt="" coords="1228,335,1383,361">
<area shape="rect" href="$antlr3bitset_8c.html#e0a17dc8267f0b9527624348ad322eab" title="antlr3BitsetRemove" alt="" coords="1038,765,1176,792">
<area shape="rect" href="$antlr3bitset_8c.html#39443d4264927c670d34df70ae33f03e" title="antlr3BitsetSize" alt="" coords="1048,461,1166,488">
<area shape="rect" href="$antlr3bitset_8c.html#b4b75259b67febc2ecb796f8f6121df0" title="Produce an integer list of all the bits that are turned on in this bitset." alt="" coords="1036,563,1178,589">
<area shape="rect" href="$antlr3bitset_8c.html#7912f2e670e99378ec98c5320fa4f40c" title="grow" alt="" coords="1082,613,1132,640">
<area shape="rect" href="$antlr3bitset_8c.html#77502eccb26e6226cb7793d2790d197d" title="growToInclude" alt="" coords="1432,436,1544,463">
<area shape="rect" href="$antlr3bitset_8c.html#8d2e4e0003945f022083c388c8550a2d" title="wordNumber" alt="" coords="1255,715,1356,741">
<area shape="rect" href="$antlr3bitset_8c.html#54002a09d61bd76ff7a9c3c06425aff1" title="numWordsToHold" alt="" coords="1594,436,1724,463">
