<area shape="rect" href="$antlr3collections_8c.html#ebfa2c8a91028760ae220897b9e1569f" title="antlr3IntTrieNew" alt="" coords="200,81,323,108">
<area shape="rect" href="$group__p_a_n_t_l_r3___b_a_s_e___r_e_c_o_g_n_i_z_e_r.html#gde56c9d178d5f8b1690ea2ec37c156b4" title="freeIntTrie" alt="" coords="220,132,303,159">
<area shape="rect" href="$antlr3collections_8c.html#3ebf80a2d49c150bb4cec09b1f1a8de8" title="Add an entry into the INT trie." alt="" coords="372,5,457,32">
<area shape="rect" href="$antlr3collections_8c.html#fc8005cf1d48920a919f0eccfb790c08" title="intTrieDel" alt="" coords="375,56,455,83">
<area shape="rect" href="$antlr3collections_8c.html#dd96e44fde4b254561351ced62e40610" title="Called to free all nodes and the structure itself." alt="" coords="371,157,459,184">
<area shape="rect" href="$antlr3collections_8c.html#b9ae9a1625b433fdbb1a143db4a6e96b" title="Search the int Trie and return a pointer to the first bucket indexed by the key if..." alt="" coords="373,107,456,133">
<area shape="rect" href="$antlr3rewritestreams_8c.html#8af2b03358a5b6485d1218e0922d909d" title="Treat next element as a single node even if it&#39;s a subtree." alt="" coords="513,56,593,83">
<area shape="rect" href="$antlr3collections_8c.html#e82482b65854afcf24283347aa936bd3" title="Release memory allocated to this tree." alt="" coords="507,157,600,184">
