<area shape="rect" href="$antlr3bitset_8c.html#dee17893182cf3d0c91bfce5e6ba12a9" title="Creates a new bitset with at least one 64 bit bset of bits, but as many 64 bit sets..." alt="" coords="279,157,399,184">
<area shape="rect" href="$antlr3bitset_8c.html#4179c82d3761a00b268461756c59222a" title="antlr3BitsetNew" alt="" coords="448,157,566,184">
<area shape="rect" href="$antlr3bitset_8c.html#6228fd1eed1beb76cb7e880003b15fdc" title="antlr3BitsetSetAPI" alt="" coords="615,335,746,361">
<area shape="rect" href="$antlr3bitset_8c.html#3981f36e2036577bc4532c4f3216cc8b" title="antlr3BitsetAdd" alt="" coords="810,309,924,336">
<area shape="rect" href="$antlr3bitset_8c.html#27d5998204727b78f3ab89c31d2beacf" title="antlr3BitsetClone" alt="" coords="1003,132,1128,159">
<area shape="rect" href="$antlr3bitset_8c.html#61fa5f4035fcc2a735c522d97cee9558" title="antlr3BitsetEquals" alt="" coords="802,512,932,539">
<area shape="rect" href="$antlr3bitset_8c.html#a2ead142716bb73adbfe2b9f0bd4ea4e" title="antlr3BitsetFree" alt="" coords="808,563,926,589">
<area shape="rect" href="$antlr3bitset_8c.html#ca05cfe85e66e6d289e976d6faf69ac1" title="antlr3BitsetIsNil" alt="" coords="808,613,926,640">
<area shape="rect" href="$antlr3bitset_8c.html#50664bfeae4e3d962c675fd1795e293a" title="antlr3BitsetMember" alt="" coords="798,411,936,437">
<area shape="rect" href="$antlr3bitset_8c.html#9f79c2465a6c3c2e6d3b61b2f03373a8" title="antlr3BitsetNumBits" alt="" coords="796,664,938,691">
<area shape="rect" href="$antlr3bitset_8c.html#f844c13aca32ead9bc7de4714eb4483c" title="antlr3BitsetOR" alt="" coords="812,107,922,133">
<area shape="rect" href="$antlr3bitset_8c.html#43c02f416d3e8e3f7578ec06ce14d1a3" title="antlr3BitsetORInPlace" alt="" coords="988,81,1143,108">
<area shape="rect" href="$antlr3bitset_8c.html#e0a17dc8267f0b9527624348ad322eab" title="antlr3BitsetRemove" alt="" coords="798,461,936,488">
<area shape="rect" href="$antlr3bitset_8c.html#39443d4264927c670d34df70ae33f03e" title="antlr3BitsetSize" alt="" coords="808,157,926,184">
<area shape="rect" href="$antlr3bitset_8c.html#b4b75259b67febc2ecb796f8f6121df0" title="Produce an integer list of all the bits that are turned on in this bitset." alt="" coords="796,208,938,235">
<area shape="rect" href="$antlr3bitset_8c.html#7912f2e670e99378ec98c5320fa4f40c" title="grow" alt="" coords="842,360,892,387">
<area shape="rect" href="$antlr3bitset_8c.html#77502eccb26e6226cb7793d2790d197d" title="growToInclude" alt="" coords="1192,164,1304,191">
<area shape="rect" href="$antlr3bitset_8c.html#8d2e4e0003945f022083c388c8550a2d" title="wordNumber" alt="" coords="1015,411,1116,437">
<area shape="rect" href="$antlr3bitset_8c.html#54002a09d61bd76ff7a9c3c06425aff1" title="numWordsToHold" alt="" coords="1354,164,1484,191">
