<area shape="rect" href="$group__p_a_n_t_l_r3___b_a_s_e___r_e_c_o_g_n_i_z_e_r.html#gb2d77cd376112c8ff6ed7353ba78dab7" title="antlr3RecognitionExceptionNew" alt="" coords="265,271,479,298">
<area shape="rect" href="$group__p_a_n_t_l_r3___b_a_s_e___r_e_c_o_g_n_i_z_e_r.html#gae2cb5c900551876f8ba170252b9a73b" title="mismatchIsMissingToken" alt="" coords="285,322,459,348">
<area shape="rect" href="$antlr3exception_8c.html#d7bf558a3019636d779ebd281ab07450" title="Creates a new ANTLR3 exception structure." alt="" coords="536,246,677,272">
<area shape="rect" href="$antlr3basetree_8c.html#c0a5b07c2cc53a3f2938e6e94d9b1605" title="getCharPositionInLine" alt="" coords="529,296,684,323">
<area shape="rect" href="$antlr3basetree_8c.html#f89cad82ec0276b7f9183476bdfaa322" title="getLine" alt="" coords="573,195,640,222">
<area shape="rect" href="$antlr3exception_8c.html#21c30f7a44edd55f154d2cfaafb0fd8a" title="Frees up a chain of ANTLR3 exceptions." alt="" coords="735,259,879,286">
<area shape="rect" href="$antlr3exception_8c.html#193748f2d252beb17b1b0487ca77cb4f" title="Prints out the message in all the exceptions in the supplied chain." alt="" coords="735,208,879,235">
<area shape="rect" href="$antlr3rewritestreams_8c.html#92c4d9fcaea24e9f6b4f658711bacc07" title="Return the next element in the stream." alt="" coords="971,259,1019,286">
<area shape="rect" href="$antlr3bitset_8c.html#dee17893182cf3d0c91bfce5e6ba12a9" title="Creates a new bitset with at least one 64 bit bset of bits, but as many 64 bit sets..." alt="" coords="547,347,667,374">
<area shape="rect" href="$antlr3bitset_8c.html#4179c82d3761a00b268461756c59222a" title="antlr3BitsetNew" alt="" coords="748,347,865,374">
<area shape="rect" href="$antlr3bitset_8c.html#6228fd1eed1beb76cb7e880003b15fdc" title="antlr3BitsetSetAPI" alt="" coords="929,335,1060,362">
<area shape="rect" href="$antlr3bitset_8c.html#3981f36e2036577bc4532c4f3216cc8b" title="antlr3BitsetAdd" alt="" coords="1124,56,1239,83">
<area shape="rect" href="$antlr3bitset_8c.html#27d5998204727b78f3ab89c31d2beacf" title="antlr3BitsetClone" alt="" coords="1317,310,1443,336">
<area shape="rect" href="$antlr3bitset_8c.html#61fa5f4035fcc2a735c522d97cee9558" title="antlr3BitsetEquals" alt="" coords="1116,360,1247,387">
<area shape="rect" href="$antlr3bitset_8c.html#a2ead142716bb73adbfe2b9f0bd4ea4e" title="antlr3BitsetFree" alt="" coords="1123,411,1240,438">
<area shape="rect" href="$antlr3bitset_8c.html#ca05cfe85e66e6d289e976d6faf69ac1" title="antlr3BitsetIsNil" alt="" coords="1123,462,1240,488">
<area shape="rect" href="$antlr3bitset_8c.html#50664bfeae4e3d962c675fd1795e293a" title="antlr3BitsetMember" alt="" coords="1112,107,1251,134">
<area shape="rect" href="$antlr3bitset_8c.html#9f79c2465a6c3c2e6d3b61b2f03373a8" title="antlr3BitsetNumBits" alt="" coords="1111,512,1252,539">
<area shape="rect" href="$antlr3bitset_8c.html#f844c13aca32ead9bc7de4714eb4483c" title="antlr3BitsetOR" alt="" coords="1127,259,1236,286">
<area shape="rect" href="$antlr3bitset_8c.html#43c02f416d3e8e3f7578ec06ce14d1a3" title="antlr3BitsetORInPlace" alt="" coords="1303,208,1457,235">
<area shape="rect" href="$antlr3bitset_8c.html#e0a17dc8267f0b9527624348ad322eab" title="antlr3BitsetRemove" alt="" coords="1112,158,1251,184">
<area shape="rect" href="$antlr3bitset_8c.html#39443d4264927c670d34df70ae33f03e" title="antlr3BitsetSize" alt="" coords="1123,563,1240,590">
<area shape="rect" href="$antlr3bitset_8c.html#b4b75259b67febc2ecb796f8f6121df0" title="Produce an integer list of all the bits that are turned on in this bitset." alt="" coords="1111,614,1252,640">
<area shape="rect" href="$antlr3bitset_8c.html#7912f2e670e99378ec98c5320fa4f40c" title="grow" alt="" coords="1156,6,1207,32">
<area shape="rect" href="$antlr3bitset_8c.html#77502eccb26e6226cb7793d2790d197d" title="growToInclude" alt="" coords="1507,132,1619,159">
<area shape="rect" href="$antlr3bitset_8c.html#8d2e4e0003945f022083c388c8550a2d" title="wordNumber" alt="" coords="1329,107,1431,134">
<area shape="rect" href="$antlr3bitset_8c.html#54002a09d61bd76ff7a9c3c06425aff1" title="numWordsToHold" alt="" coords="1668,132,1799,159">
