<area shape="rect" href="$group__p_a_n_t_l_r3___b_a_s_e___r_e_c_o_g_n_i_z_e_r.html#gb2d77cd376112c8ff6ed7353ba78dab7" title="antlr3RecognitionExceptionNew" alt="" coords="217,81,431,108">
<area shape="rect" href="$antlr3exception_8c.html#d7bf558a3019636d779ebd281ab07450" title="Creates a new ANTLR3 exception structure." alt="" coords="488,31,629,57">
<area shape="rect" href="$antlr3basetree_8c.html#c0a5b07c2cc53a3f2938e6e94d9b1605" title="getCharPositionInLine" alt="" coords="481,81,636,108">
<area shape="rect" href="$antlr3basetree_8c.html#f89cad82ec0276b7f9183476bdfaa322" title="getLine" alt="" coords="525,132,592,159">
<area shape="rect" href="$antlr3exception_8c.html#21c30f7a44edd55f154d2cfaafb0fd8a" title="Frees up a chain of ANTLR3 exceptions." alt="" coords="687,5,831,32">
<area shape="rect" href="$antlr3exception_8c.html#193748f2d252beb17b1b0487ca77cb4f" title="Prints out the message in all the exceptions in the supplied chain." alt="" coords="687,56,831,83">
<area shape="rect" href="$antlr3rewritestreams_8c.html#92c4d9fcaea24e9f6b4f658711bacc07" title="Return the next element in the stream." alt="" coords="880,5,928,32">
