<area shape="rect" href="$group__p_a_n_t_l_r3___b_a_s_e___r_e_c_o_g_n_i_z_e_r.html#g5b539798327f965e6289a9f613515c9a" title="antlr3BaseRecognizerNew" alt="" coords="217,56,399,83">
<area shape="rect" href="$antlr3defs_8h.html#ad5d94a0ad6c1d4788f95debb67cf642" title="antlr3LexerNew" alt="" coords="487,6,604,32">
<area shape="rect" href="$antlr3defs_8h.html#8a8b2581755eff523fb3d2e427bb9b3f" title="antlr3TreeParserNewStream" alt="" coords="448,107,643,134">
<area shape="rect" href="$antlr3defs_8h.html#e667dafdcef9adc2fceebc8420a7cded" title="antlr3ParserNew" alt="" coords="484,56,607,83">
<area shape="rect" href="$antlr3defs_8h.html#cea4b4491be51f1d3f57d4d2836d9d0d" title="antlr3LexerNewStream" alt="" coords="695,6,855,32">
<area shape="rect" href="$antlr3defs_8h.html#bede6d25edd8b3e67f8aa6a5094b6f9c" title="antlr3ParserNewStream" alt="" coords="691,56,859,83">
<area shape="rect" href="$antlr3defs_8h.html#ba8e0e27ff9976bb757191bf45b7d49f" title="antlr3ParserNewStreamDbg" alt="" coords="907,56,1099,83">
