<area shape="rect" href="$antlr3collections_8c.html#ebfa2c8a91028760ae220897b9e1569f" title="antlr3IntTrieNew" alt="" coords="107,107,230,134">
<area shape="rect" href="$antlr3collections_8c.html#cd2d302cb08802568e25ca38c6dab300" title="antlr3StackNew" alt="" coords="110,335,227,362">
<area shape="rect" href="$antlr3collections_8c.html#3ebf80a2d49c150bb4cec09b1f1a8de8" title="Add an entry into the INT trie." alt="" coords="296,6,382,32">
<area shape="rect" href="$antlr3collections_8c.html#fc8005cf1d48920a919f0eccfb790c08" title="intTrieDel" alt="" coords="299,56,379,83">
<area shape="rect" href="$antlr3collections_8c.html#dd96e44fde4b254561351ced62e40610" title="Called to free all nodes and the structure itself." alt="" coords="295,158,383,184">
<area shape="rect" href="$antlr3collections_8c.html#b9ae9a1625b433fdbb1a143db4a6e96b" title="Search the int Trie and return a pointer to the first bucket indexed by the key if..." alt="" coords="298,107,380,134">
<area shape="rect" href="$antlr3rewritestreams_8c.html#8af2b03358a5b6485d1218e0922d909d" title="Treat next element as a single node even if it&#39;s a subtree." alt="" coords="476,56,556,83">
<area shape="rect" href="$antlr3collections_8c.html#e82482b65854afcf24283347aa936bd3" title="Release memory allocated to this tree." alt="" coords="470,158,563,184">
<area shape="rect" href="$antlr3collections_8c.html#99f3fae8e9c54770146abc2cb020a231" title="antlr3StackFree" alt="" coords="280,208,398,235">
<area shape="rect" href="$antlr3collections_8c.html#6bb0d134fa5f66aa9ded4ac848e918df" title="antlr3StackGet" alt="" coords="283,259,395,286">
<area shape="rect" href="$antlr3collections_8c.html#c8ecfe429c38960590c9cad82f67cefb" title="antlr3StackPeek" alt="" coords="279,310,399,336">
<area shape="rect" href="$antlr3collections_8c.html#b077bdfbdbbd9f80d3516ae35bf7946c" title="antlr3StackPop" alt="" coords="282,360,396,387">
<area shape="rect" href="$antlr3collections_8c.html#fef965f027e9ed3c8da8ddfa863857c2" title="antlr3StackPush" alt="" coords="279,411,399,438">
<area shape="rect" href="$antlr3collections_8c.html#547f37375c784bc783e39701f6cdf410" title="antlr3StackSize" alt="" coords="280,462,398,488">
<area shape="rect" href="$antlr3collections_8c.html#0f20590f5ba34812e48d6cec3e126fd6" title="antlr3VectorNew" alt="" coords="278,512,400,539">
<area shape="rect" href="$antlr3collections_8c.html#257bb3a732b0aee54f196ea448944d0b" title="antlr3SetVectorApi" alt="" coords="448,512,584,539">
<area shape="rect" href="$antlr3collections_8c.html#b7bfa6d6ae69bd46b3c155d55a7162a1" title="Add the supplied pointer and freeing function pointer to the list, expanding the..." alt="" coords="646,310,766,336">
<area shape="rect" href="$antlr3collections_8c.html#a6d77074d26182876f7cc5269f39dcaf" title="antlr3VectorClear" alt="" coords="642,360,770,387">
<area shape="rect" href="$antlr3collections_8c.html#2f2a279a441ad513caf852f3f5387f1e" title="antlr3VectorDel" alt="" coords="648,411,763,438">
<area shape="rect" href="$antlr3collections_8c.html#cebfdc6cc1b28c406946fa6e72c1f581" title="antlr3VectorFree" alt="" coords="644,462,767,488">
<area shape="rect" href="$antlr3collections_8c.html#62297bdab210e5a852d9c778a48556b8" title="antlr3VectorGet" alt="" coords="647,512,764,539">
<area shape="rect" href="$antlr3collections_8c.html#ea45dc661f9abf012538728ab751962b" title="Replace the element at the specified entry point with the supplied entry." alt="" coords="648,563,763,590">
<area shape="rect" href="$antlr3collections_8c.html#080b1c287eb015e890bfb6d5c20be49c" title="antlr3VectorSize" alt="" coords="644,614,767,640">
<area shape="rect" href="$antlr3collections_8c.html#d8d9537615595fcbf0d5c1fecde4b4d9" title="Replace the element at the specified entry point with the supplied entry." alt="" coords="642,664,770,691">
<area shape="rect" href="$antlr3collections_8c.html#2ac98c6e0465a288734e77595a1b9d13" title="Remove the entry from the vector, but do not free any entry, even if it has a free..." alt="" coords="632,715,779,742">
<area shape="rect" href="$antlr3collections_8c.html#c0149859fb053a93f46163e0ee568b7f" title="antlr3VectorResize" alt="" coords="828,436,964,463">
