<area shape="rect" href="$struct_a_n_t_l_r3___c_o_m_m_o_n___t_r_e_e___n_o_d_e___s_t_r_e_a_m__struct.html" title="ANTLR3_COMMON_TREE_NODE_STREAM_struct" alt="" coords="2883,575,3221,601">
<area shape="rect" href="$struct_a_n_t_l_r3___t_r_e_e___n_o_d_e___s_t_r_e_a_m__struct.html" title="ANTLR3_TREE_NODE_STREAM_struct" alt="" coords="3329,747,3596,773">
<area shape="rect" href="$struct_a_n_t_l_r3___c_o_m_m_o_n___t_r_e_e__struct.html" title="Interface for an ANTLR3 common tree which is what gets passed around by the AST producing..." alt="" coords="2371,716,2600,743">
<area shape="rect" href="$struct_a_n_t_l_r3___a_r_b_o_r_e_t_u_m__struct.html" title="ANTLR3 Tree factory interface to create lots of trees efficiently rather than creating..." alt="" coords="2948,359,3156,385">
<area shape="rect" href="$struct_a_n_t_l_r3___c_o_m_m_o_n___t_o_k_e_n__struct.html" title="The definition of an ANTLR3 common token structure, which all implementations of..." alt="" coords="1505,1112,1743,1139">
<area shape="rect" href="$struct_a_n_t_l_r3___b_a_s_e___t_r_e_e__struct.html" title="A generic tree implementation with no payload." alt="" coords="1891,619,2093,645">
<area shape="rect" href="$struct_a_n_t_l_r3___b_a_s_e___t_r_e_e___a_d_a_p_t_o_r__struct.html" title="ANTLR3_BASE_TREE_ADAPTOR_struct" alt="" coords="2348,997,2623,1024">
<area shape="rect" href="$struct_a_n_t_l_r3___t_o_k_e_n___f_a_c_t_o_r_y__struct.html" title="ANTLR3 Token factory interface to create lots of tokens efficiently rather than creating..." alt="" coords="1872,1216,2112,1243">
<area shape="rect" href="$struct_a_n_t_l_r3___r_e_c_o_g_n_i_z_e_r___s_h_a_r_e_d___s_t_a_t_e__struct.html" title="All the data elements required to track the current state of any recognizer (lexer..." alt="" coords="2323,1155,2648,1181">
<area shape="rect" href="$struct_a_n_t_l_r3___t_o_k_e_n___s_o_u_r_c_e__struct.html" title="Definition of a token source, which has a pointer to a function that returns the..." alt="" coords="1875,1304,2109,1331">
<area shape="rect" href="$struct_a_n_t_l_r3___s_t_r_i_n_g__struct.html" title="Base string class tracks the allocations and provides simple string tracking functions..." alt="" coords="363,1075,536,1101">
<area shape="rect" href="$struct_a_n_t_l_r3___s_t_r_i_n_g___f_a_c_t_o_r_y__struct.html" title="Definition of the string factory interface, which creates and tracks strings for..." alt="" coords="685,847,931,873">
<area shape="rect" href="$struct_a_n_t_l_r3___i_n_p_u_t___s_t_r_e_a_m__struct.html" title="Master context structure for an ANTLR3 C runtime based input stream." alt="" coords="1059,1143,1285,1169">
<area shape="rect" href="$struct_a_n_t_l_r3___i_n_t___s_t_r_e_a_m__struct.html" title="ANTLR3_INT_STREAM_struct" alt="" coords="704,1027,912,1053">
<area shape="rect" href="$struct_a_n_t_l_r3___d_e_b_u_g___e_v_e_n_t___l_i_s_t_e_n_e_r__struct.html" title="The ANTLR3 debugging interface for communicating with ANLTR Works." alt="" coords="2904,1075,3200,1101">
<area shape="rect" href="$struct_a_n_t_l_r3___e_x_c_e_p_t_i_o_n__struct.html" title="Base structure for an ANTLR3 exception tracker." alt="" coords="1072,1289,1272,1316">
<area shape="rect" href="$struct_a_n_t_l_r3___v_e_c_t_o_r__struct.html" title="ANTLR3_VECTOR_struct" alt="" coords="360,416,539,443">
<area shape="rect" href="$struct_a_n_t_l_r3___s_t_a_c_k__struct.html" title="Structure that represents a Stack collection." alt="" coords="1908,279,2076,305">
<area shape="rect" href="$struct_a_n_t_l_r3___v_e_c_t_o_r___f_a_c_t_o_r_y__struct.html" title="Structure that tracks vectors in a vector and auto deletes the vectors in the vector..." alt="" coords="2360,159,2611,185">
<area shape="rect" href="$struct_a_n_t_l_r3___v_e_c_t_o_r___e_l_e_m_e_n_t__struct.html" title="ANTLR3_VECTOR_ELEMENT_struct" alt="" coords="7,416,255,443">
<area shape="rect" href="$struct_a_n_t_l_r3___b_a_s_e___r_e_c_o_g_n_i_z_e_r__struct.html" title="Base tracking context structure for all types of recognizers." alt="" coords="3336,1131,3589,1157">
<area shape="rect" href="$struct_a_n_t_l_r3___b_i_t_s_e_t__struct.html" title="ANTLR3_BITSET_struct" alt="" coords="1309,1468,1480,1495">
<area shape="rect" href="$struct_a_n_t_l_r3___b_i_t_s_e_t___l_i_s_t__struct.html" title="ANTLR3_BITSET_LIST_struct" alt="" coords="705,1295,911,1321">
<area shape="rect" href="$struct_a_n_t_l_r3___h_a_s_h___t_a_b_l_e__struct.html" title="Structure that tracks a hash table." alt="" coords="2947,1643,3157,1669">
<area shape="rect" href="$struct_a_n_t_l_r3___h_a_s_h___e_n_t_r_y__struct.html" title="Internal structure representing an element in a hash bucket." alt="" coords="1887,1679,2097,1705">
<area shape="rect" href="$struct_a_n_t_l_r3___h_a_s_h___b_u_c_k_e_t__struct.html" title="Internal structure of a hash table bucket, which tracks all keys that hash to the..." alt="" coords="2375,1704,2596,1731">
<area shape="rect" href="$struct_a_n_t_l_r3___h_a_s_h___k_e_y__struct.html" title="ANTLR3_HASH_KEY_struct" alt="" coords="1528,1679,1720,1705">
<area shape="rect" href="$struct_a_n_t_l_r3___i_n_t___t_r_i_e__struct.html" title="Structure that defines an ANTLR3_INT_TRIE." alt="" coords="1901,941,2083,968">
<area shape="rect" href="$struct_a_n_t_l_r3___t_r_i_e___e_n_t_r_y__struct.html" title="Structure that holds the payload entry in an ANTLR3_INT_TRIE or ANTLR3_STRING_TRIE..." alt="" coords="1069,977,1275,1004">
<area shape="rect" href="$struct_a_n_t_l_r3___i_n_t___t_r_i_e___n_o_d_e__struct.html" title="Structure that defines an element/node in an ANTLR3_INT_TRIE." alt="" coords="1511,997,1737,1024">
