<area shape="rect" href="$struct_a_n_t_l_r3___c_o_m_m_o_n___t_o_k_e_n__struct.html" title="The definition of an ANTLR3 common token structure, which all implementations of..." alt="" coords="137,539,375,565">
<area shape="rect" href="$struct_a_n_t_l_r3___s_t_r_i_n_g__struct.html" title="Base string class tracks the allocations and provides simple string tracking functions..." alt="" coords="464,123,637,149">
<area shape="rect" href="$struct_a_n_t_l_r3___s_t_r_i_n_g___f_a_c_t_o_r_y__struct.html" title="Definition of the string factory interface, which creates and tracks strings for..." alt="" coords="177,323,423,349">
<area shape="rect" href="$struct_a_n_t_l_r3___i_n_p_u_t___s_t_r_e_a_m__struct.html" title="Master context structure for an ANTLR3 C runtime based input stream." alt="" coords="187,448,413,475">
<area shape="rect" href="$struct_a_n_t_l_r3___i_n_t___s_t_r_e_a_m__struct.html" title="ANTLR3_INT_STREAM_struct" alt="" coords="447,323,655,349">
<area shape="rect" href="$struct_a_n_t_l_r3___v_e_c_t_o_r__struct.html" title="ANTLR3_VECTOR_struct" alt="" coords="75,123,253,149">
<area shape="rect" href="$struct_a_n_t_l_r3___v_e_c_t_o_r___e_l_e_m_e_n_t__struct.html" title="ANTLR3_VECTOR_ELEMENT_struct" alt="" coords="40,5,288,32">
