<area shape="rect" href="$struct_a_n_t_l_r3___t_r_e_e___n_o_d_e___s_t_r_e_a_m__struct.html" title="ANTLR3_TREE_NODE_STREAM_struct" alt="" coords="2980,443,3247,469">
<area shape="rect" href="$struct_a_n_t_l_r3___c_o_m_m_o_n___t_r_e_e__struct.html" title="Interface for an ANTLR3 common tree which is what gets passed around by the AST producing..." alt="" coords="2140,656,2369,683">
<area shape="rect" href="$struct_a_n_t_l_r3___a_r_b_o_r_e_t_u_m__struct.html" title="ANTLR3 Tree factory interface to create lots of trees efficiently rather than creating..." alt="" coords="2604,747,2812,773">
<area shape="rect" href="$struct_a_n_t_l_r3___c_o_m_m_o_n___t_o_k_e_n__struct.html" title="The definition of an ANTLR3 common token structure, which all implementations of..." alt="" coords="1383,452,1620,479">
<area shape="rect" href="$struct_a_n_t_l_r3___b_a_s_e___t_r_e_e__struct.html" title="A generic tree implementation with no payload." alt="" coords="1768,676,1971,703">
<area shape="rect" href="$struct_a_n_t_l_r3___b_a_s_e___t_r_e_e___a_d_a_p_t_o_r__struct.html" title="ANTLR3_BASE_TREE_ADAPTOR_struct" alt="" coords="2117,231,2392,257">
<area shape="rect" href="$struct_a_n_t_l_r3___t_o_k_e_n___f_a_c_t_o_r_y__struct.html" title="ANTLR3 Token factory interface to create lots of tokens efficiently rather than creating..." alt="" coords="1749,281,1989,308">
<area shape="rect" href="$struct_a_n_t_l_r3___s_t_r_i_n_g__struct.html" title="Base string class tracks the allocations and provides simple string tracking functions..." alt="" coords="363,271,536,297">
<area shape="rect" href="$struct_a_n_t_l_r3___s_t_r_i_n_g___f_a_c_t_o_r_y__struct.html" title="Definition of the string factory interface, which creates and tracks strings for..." alt="" coords="685,408,931,435">
<area shape="rect" href="$struct_a_n_t_l_r3___i_n_p_u_t___s_t_r_e_a_m__struct.html" title="Master context structure for an ANTLR3 C runtime based input stream." alt="" coords="1040,259,1267,285">
<area shape="rect" href="$struct_a_n_t_l_r3___i_n_t___s_t_r_e_a_m__struct.html" title="ANTLR3_INT_STREAM_struct" alt="" coords="704,115,912,141">
<area shape="rect" href="$struct_a_n_t_l_r3___d_e_b_u_g___e_v_e_n_t___l_i_s_t_e_n_e_r__struct.html" title="The ANTLR3 debugging interface for communicating with ANLTR Works." alt="" coords="2560,152,2856,179">
<area shape="rect" href="$struct_a_n_t_l_r3___v_e_c_t_o_r__struct.html" title="ANTLR3_VECTOR_struct" alt="" coords="360,791,539,817">
<area shape="rect" href="$struct_a_n_t_l_r3___s_t_a_c_k__struct.html" title="Structure that represents a Stack collection." alt="" coords="1785,891,1953,917">
<area shape="rect" href="$struct_a_n_t_l_r3___v_e_c_t_o_r___f_a_c_t_o_r_y__struct.html" title="Structure that tracks vectors in a vector and auto deletes the vectors in the vector..." alt="" coords="2129,981,2380,1008">
<area shape="rect" href="$struct_a_n_t_l_r3___v_e_c_t_o_r___e_l_e_m_e_n_t__struct.html" title="ANTLR3_VECTOR_ELEMENT_struct" alt="" coords="7,791,255,817">
