<area shape="rect" href="$struct_a_n_t_l_r3___t_o_k_e_n___s_t_r_e_a_m__struct.html" title="Definition of the ANTLR3 common token stream interface." alt="" coords="2925,276,3157,303">
<area shape="rect" href="$struct_a_n_t_l_r3___c_o_m_m_o_n___t_o_k_e_n__struct.html" title="The definition of an ANTLR3 common token structure, which all implementations of..." alt="" coords="1377,412,1615,439">
<area shape="rect" href="$struct_a_n_t_l_r3___t_o_k_e_n___s_o_u_r_c_e__struct.html" title="Definition of a token source, which has a pointer to a function that returns the..." alt="" coords="1733,216,1968,243">
<area shape="rect" href="$struct_a_n_t_l_r3___b_a_s_e___t_r_e_e___a_d_a_p_t_o_r__struct.html" title="ANTLR3_BASE_TREE_ADAPTOR_struct" alt="" coords="2099,447,2373,473">
<area shape="rect" href="$struct_a_n_t_l_r3___t_o_k_e_n___f_a_c_t_o_r_y__struct.html" title="ANTLR3 Token factory interface to create lots of tokens efficiently rather than creating..." alt="" coords="1731,483,1971,509">
<area shape="rect" href="$struct_a_n_t_l_r3___s_t_r_i_n_g__struct.html" title="Base string class tracks the allocations and provides simple string tracking functions..." alt="" coords="363,316,536,343">
<area shape="rect" href="$struct_a_n_t_l_r3___s_t_r_i_n_g___f_a_c_t_o_r_y__struct.html" title="Definition of the string factory interface, which creates and tracks strings for..." alt="" coords="685,461,931,488">
<area shape="rect" href="$struct_a_n_t_l_r3___i_n_p_u_t___s_t_r_e_a_m__struct.html" title="Master context structure for an ANTLR3 C runtime based input stream." alt="" coords="1040,484,1267,511">
<area shape="rect" href="$struct_a_n_t_l_r3___i_n_t___s_t_r_e_a_m__struct.html" title="ANTLR3_INT_STREAM_struct" alt="" coords="704,191,912,217">
<area shape="rect" href="$struct_a_n_t_l_r3___d_e_b_u_g___e_v_e_n_t___l_i_s_t_e_n_e_r__struct.html" title="The ANTLR3 debugging interface for communicating with ANLTR Works." alt="" coords="2523,389,2819,416">
<area shape="rect" href="$struct_a_n_t_l_r3___v_e_c_t_o_r__struct.html" title="ANTLR3_VECTOR_struct" alt="" coords="360,672,539,699">
<area shape="rect" href="$struct_a_n_t_l_r3___v_e_c_t_o_r___e_l_e_m_e_n_t__struct.html" title="ANTLR3_VECTOR_ELEMENT_struct" alt="" coords="7,672,255,699">
<area shape="rect" href="$struct_a_n_t_l_r3___l_i_s_t__struct.html" title="Structure that represents a LIST collection." alt="" coords="2967,849,3116,876">
<area shape="rect" href="$struct_a_n_t_l_r3___h_a_s_h___t_a_b_l_e__struct.html" title="Structure that tracks a hash table." alt="" coords="2565,849,2776,876">
<area shape="rect" href="$struct_a_n_t_l_r3___h_a_s_h___e_n_t_r_y__struct.html" title="Internal structure representing an element in a hash bucket." alt="" coords="1745,841,1956,868">
<area shape="rect" href="$struct_a_n_t_l_r3___h_a_s_h___b_u_c_k_e_t__struct.html" title="Internal structure of a hash table bucket, which tracks all keys that hash to the..." alt="" coords="2125,884,2347,911">
<area shape="rect" href="$struct_a_n_t_l_r3___h_a_s_h___k_e_y__struct.html" title="ANTLR3_HASH_KEY_struct" alt="" coords="1400,841,1592,868">
