<area shape="rect" href="$struct_a_n_t_l_r3___b_a_s_e___r_e_c_o_g_n_i_z_e_r__struct.html" title="Base tracking context structure for all types of recognizers." alt="" coords="3844,580,4097,607">
<area shape="rect" href="$struct_a_n_t_l_r3___s_t_a_c_k__struct.html" title="Structure that represents a Stack collection." alt="" coords="2465,1048,2633,1075">
<area shape="rect" href="$struct_a_n_t_l_r3___r_e_c_o_g_n_i_z_e_r___s_h_a_r_e_d___s_t_a_t_e__struct.html" title="All the data elements required to track the current state of any recognizer (lexer..." alt="" coords="2880,706,3205,732">
<area shape="rect" href="$struct_a_n_t_l_r3___v_e_c_t_o_r__struct.html" title="ANTLR3_VECTOR_struct" alt="" coords="360,894,539,920">
<area shape="rect" href="$struct_a_n_t_l_r3___s_t_r_i_n_g___f_a_c_t_o_r_y__struct.html" title="Definition of the string factory interface, which creates and tracks strings for..." alt="" coords="629,511,875,538">
<area shape="rect" href="$struct_a_n_t_l_r3___i_n_p_u_t___s_t_r_e_a_m__struct.html" title="Master context structure for an ANTLR3 C runtime based input stream." alt="" coords="1632,355,1859,382">
<area shape="rect" href="$struct_a_n_t_l_r3___b_a_s_e___t_r_e_e__struct.html" title="A generic tree implementation with no payload." alt="" coords="2448,1139,2651,1166">
<area shape="rect" href="$struct_a_n_t_l_r3___v_e_c_t_o_r___e_l_e_m_e_n_t__struct.html" title="ANTLR3_VECTOR_ELEMENT_struct" alt="" coords="7,894,255,920">
<area shape="rect" href="$struct_a_n_t_l_r3___b_i_t_s_e_t__struct.html" title="ANTLR3_BITSET_struct" alt="" coords="1883,960,2053,987">
<area shape="rect" href="$struct_a_n_t_l_r3___b_i_t_s_e_t___l_i_s_t__struct.html" title="ANTLR3_BITSET_LIST_struct" alt="" coords="1297,886,1503,912">
<area shape="rect" href="$struct_a_n_t_l_r3___e_x_c_e_p_t_i_o_n__struct.html" title="Base structure for an ANTLR3 exception tracker." alt="" coords="1645,852,1845,879">
<area shape="rect" href="$struct_a_n_t_l_r3___h_a_s_h___t_a_b_l_e__struct.html" title="Structure that tracks a hash table." alt="" coords="3483,415,3693,442">
<area shape="rect" href="$struct_a_n_t_l_r3___h_a_s_h___e_n_t_r_y__struct.html" title="Internal structure representing an element in a hash bucket." alt="" coords="2444,390,2655,416">
<area shape="rect" href="$struct_a_n_t_l_r3___h_a_s_h___b_u_c_k_e_t__struct.html" title="Internal structure of a hash table bucket, which tracks all keys that hash to the..." alt="" coords="2932,346,3153,372">
<area shape="rect" href="$struct_a_n_t_l_r3___h_a_s_h___k_e_y__struct.html" title="ANTLR3_HASH_KEY_struct" alt="" coords="2101,383,2293,410">
<area shape="rect" href="$struct_a_n_t_l_r3___c_o_m_m_o_n___t_o_k_e_n__struct.html" title="The definition of an ANTLR3 common token structure, which all implementations of..." alt="" coords="2079,439,2316,466">
<area shape="rect" href="$struct_a_n_t_l_r3___t_o_k_e_n___s_o_u_r_c_e__struct.html" title="Definition of a token source, which has a pointer to a function that returns the..." alt="" coords="2432,647,2667,674">
<area shape="rect" href="$struct_a_n_t_l_r3___t_o_k_e_n___f_a_c_t_o_r_y__struct.html" title="ANTLR3 Token factory interface to create lots of tokens efficiently rather than creating..." alt="" coords="2429,440,2669,467">
<area shape="rect" href="$struct_a_n_t_l_r3___b_a_s_e___t_r_e_e___a_d_a_p_t_o_r__struct.html" title="ANTLR3_BASE_TREE_ADAPTOR_struct" alt="" coords="2905,152,3180,179">
<area shape="rect" href="$struct_a_n_t_l_r3___s_t_r_i_n_g__struct.html" title="Base string class tracks the allocations and provides simple string tracking functions..." alt="" coords="976,530,1149,556">
<area shape="rect" href="$struct_a_n_t_l_r3___i_n_t___s_t_r_e_a_m__struct.html" title="ANTLR3_INT_STREAM_struct" alt="" coords="1296,580,1504,607">
<area shape="rect" href="$struct_a_n_t_l_r3___d_e_b_u_g___e_v_e_n_t___l_i_s_t_e_n_e_r__struct.html" title="The ANTLR3 debugging interface for communicating with ANLTR Works." alt="" coords="3440,180,3736,207">
<area shape="rect" href="$struct_a_n_t_l_r3___i_n_t___t_r_i_e__struct.html" title="Structure that defines an ANTLR3_INT_TRIE." alt="" coords="2459,778,2640,804">
<area shape="rect" href="$struct_a_n_t_l_r3___t_r_i_e___e_n_t_r_y__struct.html" title="Structure that holds the payload entry in an ANTLR3_INT_TRIE or ANTLR3_STRING_TRIE..." alt="" coords="1643,762,1848,788">
<area shape="rect" href="$struct_a_n_t_l_r3___i_n_t___t_r_i_e___n_o_d_e__struct.html" title="Structure that defines an element/node in an ANTLR3_INT_TRIE." alt="" coords="2084,778,2311,804">
