<area shape="rect" href="$classantlr3_1_1_char_stream.html" title="A source of characters for an ANTLR lexer." alt="" coords="245,80,379,107">
<area shape="rect" href="$classantlr3_1_1_token_stream.html" title="A stream of tokens accessing tokens from a TokenSource." alt="" coords="416,80,557,107">
<area shape="rect" href="$classantlr3_1_1_a_n_t_l_r_string_stream.html" title="CharStream that pull data from a unicode string." alt="" coords="193,155,377,181">
<area shape="rect" href="$classantlr3_1_1_a_n_t_l_r_file_stream.html" title="CharStream that opens a file to read the data." alt="" coords="5,229,176,256">
<area shape="rect" href="$classantlr3_1_1_a_n_t_l_r_input_stream.html" title="CharStream that reads data from a file&#45;like object." alt="" coords="200,229,379,256">
<area shape="rect" href="$classantlr3_1_1_common_token_stream.html" title="The most common stream of tokens." alt="" coords="401,155,599,181">
<area shape="rect" href="$classantlr3_1_1_token_rewrite_stream.html" title="CommonTokenStream that can be modified." alt="" coords="407,229,593,256">
