<area shape="rect" href="$classantlr3_1_1_recognition_exception.html" title="The root of the ANTLR exception hierarchy." alt="" coords="6,157,198,184">
<area shape="rect" href="$classantlr3_1_1_early_exit_exception.html" title="The recognizer did not match anything for a (." alt="" coords="286,5,459,32">
<area shape="rect" href="$classantlr3_1_1_failed_predicate_exception.html" title="A semantic predicate failed during validation." alt="" coords="266,56,479,83">
<area shape="rect" href="$classantlr3_1_1_mismatched_range_exception.html" title="The next token does not match a range of expected types." alt="" coords="256,107,488,133">
<area shape="rect" href="$classantlr3_1_1_mismatched_set_exception.html" title="The next token does not match a set of expected types." alt="" coords="266,157,479,184">
<area shape="rect" href="$classantlr3_1_1_mismatched_token_exception.html" title="A mismatched char or Token or tree node." alt="" coords="258,208,487,235">
<area shape="rect" href="$classantlr3_1_1_mismatched_tree_node_exception.html" title="The next tree mode does not match the expected type." alt="" coords="246,259,499,285">
<area shape="rect" href="$classantlr3_1_1_no_viable_alt_exception.html" title="Unable to decide which alternative to choose." alt="" coords="278,309,467,336">
<area shape="rect" href="$classantlr3_1_1_mismatched_not_set_exception.html" title="Used for remote debugger deserialization." alt="" coords="547,157,782,184">
<area shape="rect" href="$classantlr3_1_1_missing_token_exception.html" title="We were expecting a token but it&#39;s not found." alt="" coords="563,208,766,235">
<area shape="rect" href="$classantlr3_1_1_unwanted_token_exception.html" title="An extra token while parsing a TokenStream." alt="" coords="555,259,774,285">
